02-19 11:30:57.213  7397  7450 V WindowManagerShell: Drag event: action=ACTION_DRAG_LOCATION x=1223.000000 y=2504.000000 xOffset=0.000000 yOffset=0.000000
02-19 11:30:57.221  7397  7450 V WindowManagerShell: Drag event: action=ACTION_DRAG_LOCATION x=1222.000000 y=2506.000000 xOffset=0.000000 yOffset=0.000000
02-19 11:30:57.231  7397  7450 V WindowManagerShell: Drag event: action=ACTION_DRAG_LOCATION x=1220.000000 y=2507.000000 xOffset=0.000000 yOffset=0.000000
02-19 11:30:57.238  7397  7450 V WindowManagerShell: Drag event: action=ACTION_DRAG_LOCATION x=1216.000000 y=2511.000000 xOffset=0.000000 yOffset=0.000000
02-19 11:30:57.248  7397  7450 V WindowManagerShell: Drag event: action=ACTION_DRAG_LOCATION x=1207.000000 y=2522.000000 xOffset=0.000000 yOffset=0.000000
02-19 11:30:57.256  7397  7450 V WindowManagerShell: Drag event: action=ACTION_DRAG_LOCATION x=1189.000000 y=2543.000000 xOffset=0.000000 yOffset=0.000000
02-19 11:30:57.264  7397  7450 V WindowManagerShell: Drag event: action=ACTION_DRAG_LOCATION x=1160.000000 y=2579.000000 xOffset=0.000000 yOffset=0.000000
02-19 11:30:57.272  7397  7450 V WindowManagerShell: Drag event: action=ACTION_DRAG_LOCATION x=1130.000000 y=2622.000000 xOffset=0.000000 yOffset=0.000000
02-19 11:30:57.280  7397  7450 V WindowManagerShell: Drag event: action=ACTION_DRAG_LOCATION x=1100.000000 y=2668.000000 xOffset=0.000000 yOffset=0.000000
02-19 11:30:57.289  7397  7450 V WindowManagerShell: Drag event: action=ACTION_DRAG_LOCATION x=1075.000000 y=2714.000000 xOffset=0.000000 yOffset=0.000000
02-19 11:30:57.297  7397  7450 V WindowManagerShell: Drag event: action=ACTION_DRAG_LOCATION x=1056.000000 y=2757.000000 xOffset=0.000000 yOffset=0.000000
02-19 11:30:57.305  7397  7450 V WindowManagerShell: Drag event: action=ACTION_DRAG_LOCATION x=1044.000000 y=2792.000000 xOffset=0.000000 yOffset=0.000000
02-19 11:30:57.314  7397  7450 V WindowManagerShell: Drag event: action=ACTION_DRAG_LOCATION x=1037.000000 y=2818.000000 xOffset=0.000000 yOffset=0.000000
02-19 11:30:57.322  7397  7450 V WindowManagerShell: Drag event: action=ACTION_DRAG_LOCATION x=1030.000000 y=2840.000000 xOffset=0.000000 yOffset=0.000000
02-19 11:30:57.322  7397  7450 V WindowManagerShell: Current target: null
02-19 11:30:57.333  7397  7450 V WindowManagerShell: Drag event: action=ACTION_DRAG_LOCATION x=1025.000000 y=2858.000000 xOffset=0.000000 yOffset=0.000000
02-19 11:30:57.339  7397  7450 V WindowManagerShell: Drag event: action=ACTION_DRAG_LOCATION x=1021.000000 y=2873.000000 xOffset=0.000000 yOffset=0.000000
02-19 11:30:57.348  7397  7450 V WindowManagerShell: Drag event: action=ACTION_DRAG_LOCATION x=1018.000000 y=2884.000000 xOffset=0.000000 yOffset=0.000000
02-19 11:30:57.355  7397  7450 V WindowManagerShell: Drag event: action=ACTION_DRAG_LOCATION x=1013.000000 y=2894.000000 xOffset=0.000000 yOffset=0.000000
02-19 11:30:57.365  7397  7450 V WindowManagerShell: Drag event: action=ACTION_DRAG_LOCATION x=1008.000000 y=2901.000000 xOffset=0.000000 yOffset=0.000000
02-19 11:30:57.374  7397  7450 V WindowManagerShell: Drag event: action=ACTION_DRAG_LOCATION x=1003.000000 y=2912.000000 xOffset=0.000000 yOffset=0.000000
02-19 11:30:57.381  7397  7450 V WindowManagerShell: Drag event: action=ACTION_DRAG_LOCATION x=997.000000 y=2919.000000 xOffset=0.000000 yOffset=0.000000
02-19 11:30:57.388  7397  7450 V WindowManagerShell: Drag event: action=ACTION_DRAG_LOCATION x=988.000000 y=2924.000000 xOffset=0.000000 yOffset=0.000000
02-19 11:30:57.397  7397  7450 V WindowManagerShell: Drag event: action=ACTION_DRAG_LOCATION x=980.000000 y=2929.000000 xOffset=0.000000 yOffset=0.000000
02-19 11:30:57.406  7397  7450 V WindowManagerShell: Drag event: action=ACTION_DRAG_LOCATION x=969.000000 y=2934.000000 xOffset=0.000000 yOffset=0.000000
02-19 11:30:57.419  7397  7450 V WindowManagerShell: Drag event: action=ACTION_DRAG_LOCATION x=960.000000 y=2939.000000 xOffset=0.000000 yOffset=0.000000
02-19 11:30:57.422  7397  7450 V WindowManagerShell: Drag event: action=ACTION_DRAG_LOCATION x=950.000000 y=2942.000000 xOffset=0.000000 yOffset=0.000000
02-19 11:30:57.431  7397  7450 V WindowManagerShell: Drag event: action=ACTION_DRAG_LOCATION x=944.000000 y=2945.000000 xOffset=0.000000 yOffset=0.000000
02-19 11:30:57.439  7397  7450 V WindowManagerShell: Drag event: action=ACTION_DRAG_LOCATION x=939.000000 y=2947.000000 xOffset=0.000000 yOffset=0.000000
02-19 11:30:57.451  7397  7450 V WindowManagerShell: Drag event: action=ACTION_DRAG_LOCATION x=932.000000 y=2948.000000 xOffset=0.000000 yOffset=0.000000
02-19 11:30:57.456  7397  7450 V WindowManagerShell: Drag event: action=ACTION_DRAG_LOCATION x=925.000000 y=2950.000000 xOffset=0.000000 yOffset=0.000000
02-19 11:30:57.466  7397  7450 V WindowManagerShell: Drag event: action=ACTION_DRAG_LOCATION x=916.000000 y=2952.000000 xOffset=0.000000 yOffset=0.000000
02-19 11:30:57.472  7397  7450 V WindowManagerShell: Drag event: action=ACTION_DRAG_LOCATION x=906.000000 y=2953.000000 xOffset=0.000000 yOffset=0.000000
02-19 11:30:57.482  7397  7450 V WindowManagerShell: Drag event: action=ACTION_DRAG_LOCATION x=896.000000 y=2955.000000 xOffset=0.000000 yOffset=0.000000
02-19 11:30:57.489  7397  7450 V WindowManagerShell: Drag event: action=ACTION_DRAG_LOCATION x=885.000000 y=2957.000000 xOffset=0.000000 yOffset=0.000000
02-19 11:30:57.500  7397  7450 V WindowManagerShell: Drag event: action=ACTION_DRAG_LOCATION x=876.000000 y=2959.000000 xOffset=0.000000 yOffset=0.000000
02-19 11:30:57.506  7397  7450 V WindowManagerShell: Drag event: action=ACTION_DRAG_LOCATION x=867.000000 y=2962.000000 xOffset=0.000000 yOffset=0.000000
02-19 11:30:57.515  7397  7450 V WindowManagerShell: Drag event: action=ACTION_DRAG_LOCATION x=859.000000 y=2964.000000 xOffset=0.000000 yOffset=0.000000
02-19 11:30:57.523  7397  7450 V WindowManagerShell: Drag event: action=ACTION_DRAG_LOCATION x=851.000000 y=2966.000000 xOffset=0.000000 yOffset=0.000000
02-19 11:30:57.532  7397  7450 V WindowManagerShell: Drag event: action=ACTION_DRAG_LOCATION x=844.000000 y=2968.000000 xOffset=0.000000 yOffset=0.000000
02-19 11:30:57.539  7397  7450 V WindowManagerShell: Drag event: action=ACTION_DRAG_LOCATION x=838.000000 y=2968.000000 xOffset=0.000000 yOffset=0.000000
02-19 11:30:57.548  7397  7450 V WindowManagerShell: Drag event: action=ACTION_DRAG_LOCATION x=832.000000 y=2969.000000 xOffset=0.000000 yOffset=0.000000
02-19 11:30:57.557  7397  7450 V WindowManagerShell: Drag event: action=ACTION_DRAG_LOCATION x=826.000000 y=2970.000000 xOffset=0.000000 yOffset=0.000000
02-19 11:30:57.566  7397  7450 V WindowManagerShell: Drag event: action=ACTION_DRAG_LOCATION x=820.000000 y=2970.000000 xOffset=0.000000 yOffset=0.000000
02-19 11:30:57.573  7397  7450 V WindowManagerShell: Drag event: action=ACTION_DRAG_LOCATION x=814.000000 y=2970.000000 xOffset=0.000000 yOffset=0.000000
02-19 11:30:57.582  7397  7450 V WindowManagerShell: Drag event: action=ACTION_DRAG_LOCATION x=808.000000 y=2970.000000 xOffset=0.000000 yOffset=0.000000
02-19 11:30:57.590  7397  7450 V WindowManagerShell: Drag event: action=ACTION_DRAG_LOCATION x=803.000000 y=2970.000000 xOffset=0.000000 yOffset=0.000000
02-19 11:30:57.599  7397  7450 V WindowManagerShell: Drag event: action=ACTION_DRAG_LOCATION x=798.000000 y=2971.000000 xOffset=0.000000 yOffset=0.000000
02-19 11:30:57.607  7397  7450 V WindowManagerShell: Drag event: action=ACTION_DRAG_LOCATION x=793.000000 y=2971.000000 xOffset=0.000000 yOffset=0.000000
02-19 11:30:57.615  7397  7450 V WindowManagerShell: Drag event: action=ACTION_DRAG_LOCATION x=788.000000 y=2971.000000 xOffset=0.000000 yOffset=0.000000
02-19 11:30:57.623  7397  7450 V WindowManagerShell: Drag event: action=ACTION_DRAG_LOCATION x=784.000000 y=2971.000000 xOffset=0.000000 yOffset=0.000000
02-19 11:30:57.638  7397  7450 V WindowManagerShell: Drag event: action=ACTION_DRAG_LOCATION x=780.000000 y=2972.000000 xOffset=0.000000 yOffset=0.000000
02-19 11:30:57.640  7397  7450 V WindowManagerShell: Drag event: action=ACTION_DRAG_LOCATION x=776.000000 y=2973.000000 xOffset=0.000000 yOffset=0.000000
02-19 11:30:57.648  7397  7450 V WindowManagerShell: Drag event: action=ACTION_DRAG_LOCATION x=773.000000 y=2973.000000 xOffset=0.000000 yOffset=0.000000
02-19 11:30:57.661  7397  7450 V WindowManagerShell: Drag event: action=ACTION_DRAG_LOCATION x=770.000000 y=2973.000000 xOffset=0.000000 yOffset=0.000000
02-19 11:30:57.666  7397  7450 V WindowManagerShell: Drag event: action=ACTION_DRAG_LOCATION x=768.000000 y=2973.000000 xOffset=0.000000 yOffset=0.000000
02-19 11:30:57.673  7397  7450 V WindowManagerShell: Drag event: action=ACTION_DRAG_LOCATION x=766.000000 y=2973.000000 xOffset=0.000000 yOffset=0.000000
02-19 11:30:57.681  7397  7450 V WindowManagerShell: Drag event: action=ACTION_DRAG_LOCATION x=764.000000 y=2973.000000 xOffset=0.000000 yOffset=0.000000
02-19 11:30:57.701  7397  7450 V WindowManagerShell: Drag event: action=ACTION_DRAG_LOCATION x=762.000000 y=2973.000000 xOffset=0.000000 yOffset=0.000000
02-19 11:30:57.706  7397  7450 V WindowManagerShell: Drag event: action=ACTION_DRAG_LOCATION x=761.000000 y=2973.000000 xOffset=0.000000 yOffset=0.000000
02-19 11:30:57.715  7397  7450 V WindowManagerShell: Drag event: action=ACTION_DRAG_LOCATION x=761.000000 y=2973.000000 xOffset=0.000000 yOffset=0.000000
02-19 11:30:57.724  7397  7450 V WindowManagerShell: Drag event: action=ACTION_DRAG_LOCATION x=760.000000 y=2973.000000 xOffset=0.000000 yOffset=0.000000
02-19 11:30:57.748  7397  7450 V WindowManagerShell: Drag event: action=ACTION_DRAG_LOCATION x=760.000000 y=2973.000000 xOffset=0.000000 yOffset=0.000000
02-19 11:30:57.774  7397  7450 V WindowManagerShell: Drag event: action=ACTION_DRAG_LOCATION x=760.000000 y=2973.000000 xOffset=0.000000 yOffset=0.000000
02-19 11:30:57.791  7397  7450 V WindowManagerShell: Drag event: action=ACTION_DRAG_LOCATION x=762.000000 y=2973.000000 xOffset=0.000000 yOffset=0.000000
02-19 11:30:57.799  7397  7450 V WindowManagerShell: Drag event: action=ACTION_DRAG_LOCATION x=763.000000 y=2973.000000 xOffset=0.000000 yOffset=0.000000
02-19 11:30:57.807  7397  7450 V WindowManagerShell: Drag event: action=ACTION_DRAG_LOCATION x=768.000000 y=2976.000000 xOffset=0.000000 yOffset=0.000000
02-19 11:30:57.816  6373  6403 D WindowManager: Got UP on move channel; dropping at 768.5156,2976.914
02-19 11:30:57.816  6373  6403 D WindowManager: sending DROP to Window{906979f u0 ShellDropTarget}
02-19 11:30:57.817  7397  7450 V WindowManagerShell: Drag event: action=ACTION_DROP x=768.000000 y=2976.000000 xOffset=150.000000 yOffset=97.000000
02-19 11:30:57.820  6373  9373 D WindowManager: Drop result=false reported by android.os.BinderProxy@d276d3e
02-19 11:30:57.820  6373  9373 D WindowManager: unregistering drag input channel
02-19 11:30:57.820  6373  9373 D WindowManager: broadcasting DRAG_ENDED
02-19 11:30:57.820  6373  6403 D WindowManager: Drag ending; tearing down input channel
02-19 11:30:57.830  7397  7450 V WindowManagerShell: Drag event: action=ACTION_DRAG_ENDED x=0.000000 y=0.000000 xOffset=150.000000 yOffset=97.000000
02-19 11:30:58.130  7397  7450 V WindowManagerShell: Set drop target window visibility: displayId=0 visibility=4
02-19 11:30:58.494  5885 19225 I keystore2: keystore2::watchdog: Watchdog thread idle -> terminating. Have a great day.
02-19 11:30:59.116  6373  9340 D CoreBackPreview: Window{1d9417f u0 org.lineageos.aperture/org.lineageos.aperture.CameraLauncher}: Setting back callback null
02-19 11:30:59.153  6373  6403 V WindowManager: Unknown focus tokens, dropping reportFocusChanged
02-19 11:31:01.300  6373  9373 V CameraService_proxy: The activity is N or above and claims to support resizeable-activity. Crop-rotate-scale is disabled.
02-19 11:31:10.664  6373  9340 I ActivityTaskManager: START u0 {act=android.provider.action.REVIEW dat=content://media/... flg=0x1 cmp=com.google.android.apps.photos/.pager.HostPhotoPagerActivity} from uid 10378
02-19 11:31:10.680  6373  9376 D CoreBackPreview: Window{2fe2459 u0 Splash Screen com.google.android.apps.photos}: Setting back callback OnBackInvokedCallbackInfo{mCallback=android.window.IOnBackInvokedCallback$Stub$Proxy@24888ff, mPriority=0}
02-19 11:31:10.688  6373  6403 I ActivityManager: Killing 18035:com.google.android.dialer/u0a358 (adj 985): empty #17
02-19 11:31:10.691  6373  6411 I ActivityManager: Start proc 19418:com.google.android.apps.photos/u0a393 for next-top-activity {com.google.android.apps.photos/com.google.android.apps.photos.pager.HostPhotoPagerActivity}
02-19 11:31:10.924  6373  9376 D CoreBackPreview: Window{3f387e1 u0 com.google.android.apps.photos/com.google.android.apps.photos.pager.HostPhotoPagerActivity}: Setting back callback OnBackInvokedCallbackInfo{mCallback=android.window.IOnBackInvokedCallback$Stub$Proxy@73fc11d, mPriority=0}
02-19 11:31:11.229  6373  9182 E AppOps  : Bad call made by uid 10371. Package "com.google.android.gms" does not belong to uid 10371.
02-19 11:31:11.233  6373  9379 E AppOps  : Bad call made by uid 10371. Package "com.google.android.gms" does not belong to uid 10371.
02-19 11:31:11.234  6373  9379 E AppOps  : Bad call made by uid 10371. Package "com.google.android.gms" does not belong to uid 10371.
02-19 11:31:11.237  6373  9379 E AppOps  : Bad call made by uid 10371. Package "com.google.android.gms" does not belong to uid 10371.
02-19 11:31:11.239  6373  9376 E AppOps  : Bad call made by uid 10371. Package "com.google.android.gms" does not belong to uid 10371.
02-19 11:31:11.394  6373  9376 D CoreBackPreview: Window{2fe2459 u0 Splash Screen com.google.android.apps.photos EXITING}: Setting back callback null
02-19 11:31:11.582  6373  8761 W JobScheduler: Job didn't exist in JobStore: ac04424 #u0a393/555000006 com.google.android.apps.photos/androidx.work.impl.background.systemjob.SystemJobService
02-19 11:31:11.741  6373  8761 W JobScheduler: Job didn't exist in JobStore: ca13361 #u0a393/555000008 com.google.android.apps.photos/androidx.work.impl.background.systemjob.SystemJobService
02-19 11:31:11.793  6373  6410 W BroadcastQueue: Exported Denial: sending Intent { act=android.net.conn.CONNECTIVITY_CHANGE flg=0x4200010 (has extras) }, action: android.net.conn.CONNECTIVITY_CHANGE from null (uid=-1) due to receiver ProcessRecord{25235a3 19418:com.google.android.apps.photos/u0a393} (uid 10393) not specifying RECEIVER_EXPORTED
02-19 11:31:12.624  6373  6373 I Telecom : DefaultDialerCache: Refreshing default dialer for user 0: now com.google.android.dialer: DDC.oR@CZk
02-19 11:31:12.714  6373  6401 D CoreBackPreview: Window{7d4e7c7 u0 ImmersiveModeConfirmation}: Setting back callback OnBackInvokedCallbackInfo{mCallback=android.window.WindowOnBackInvokedDispatcher$OnBackInvokedCallbackWrapper@a1d7068, mPriority=0}
02-19 11:31:12.886  6373  6401 D CoreBackPreview: Window{7d4e7c7 u0 ImmersiveModeConfirmation}: Setting back callback null
02-19 11:31:12.895  6373  6403 V WindowManager: Unknown focus tokens, dropping reportFocusChanged
02-19 11:31:13.579  6373  9340 D CoreBackPreview: Window{77bb01b u0 com.google.android.apps.photos/com.google.android.apps.photos.pager.HostPhotoPagerActivity}: Setting back callback OnBackInvokedCallbackInfo{mCallback=android.window.IOnBackInvokedCallback$Stub$Proxy@a7a93cd, mPriority=0}
02-19 11:31:13.605  6373  9340 D CoreBackPreview: Window{77bb01b u0 com.google.android.apps.photos/com.google.android.apps.photos.pager.HostPhotoPagerActivity}: Setting back callback null
02-19 11:31:13.644  6373  9342 D CoreBackPreview: Window{c595d2c u0 com.google.android.apps.photos/com.google.android.apps.photos.pager.HostPhotoPagerActivity}: Setting back callback OnBackInvokedCallbackInfo{mCallback=android.window.IOnBackInvokedCallback$Stub$Proxy@f68abcf, mPriority=0}
02-19 11:31:14.707  6373  9342 D CoreBackPreview: Window{c595d2c u0 com.google.android.apps.photos/com.google.android.apps.photos.pager.HostPhotoPagerActivity}: Setting back callback null
02-19 11:31:14.727  6373  6403 V WindowManager: Unknown focus tokens, dropping reportFocusChanged
02-19 11:31:14.746  6373  9340 D CoreBackPreview: Window{4915466 u0 com.google.android.apps.photos/com.google.android.apps.photos.pager.HostPhotoPagerActivity}: Setting back callback OnBackInvokedCallbackInfo{mCallback=android.window.IOnBackInvokedCallback$Stub$Proxy@26c8a3e, mPriority=0}
02-19 11:31:15.841  6373  9342 D CoreBackPreview: Window{4915466 u0 com.google.android.apps.photos/com.google.android.apps.photos.pager.HostPhotoPagerActivity}: Setting back callback null
02-19 11:31:15.913  6373  6403 V WindowManager: Unknown focus tokens, dropping reportFocusChanged
02-19 11:31:15.913  6373  9340 D CoreBackPreview: Window{8cdff9e u0 com.google.android.apps.photos/com.google.android.apps.photos.pager.HostPhotoPagerActivity}: Setting back callback OnBackInvokedCallbackInfo{mCallback=android.window.IOnBackInvokedCallback$Stub$Proxy@23c46e4, mPriority=0}
02-19 11:31:16.010  6373  9182 D CoreBackPreview: Window{8cdff9e u0 com.google.android.apps.photos/com.google.android.apps.photos.pager.HostPhotoPagerActivity}: Setting back callback null
02-19 11:31:16.023  6373  6403 V WindowManager: Unknown focus tokens, dropping reportFocusChanged
02-19 11:31:16.039  6373  9182 D CoreBackPreview: Window{3173d61 u0 Notification}: Setting back callback OnBackInvokedCallbackInfo{mCallback=android.window.IOnBackInvokedCallback$Stub$Proxy@a94e9d, mPriority=0}
02-19 11:31:16.094  6373  9340 V CameraService_proxy: The activity is N or above and claims to support resizeable-activity. Crop-rotate-scale is disabled.
02-19 11:31:16.210  6373  9182 D CoreBackPreview: Window{3173d61 u0 Notification}: Setting back callback null
02-19 11:31:16.292  6373  7353 D CoreBackPreview: Window{3f387e1 u0 com.google.android.apps.photos/com.google.android.apps.photos.pager.HostPhotoPagerActivity}: Setting back callback null
02-19 11:31:16.308  6373  9340 W UriGrantsManagerService: No permission grants found for com.google.android.apps.photos
02-19 11:31:16.309  6373  9340 W UriGrantsManagerService: No permission grants found for com.google.android.apps.photos
02-19 11:31:16.345  6373  9340 W UriGrantsManagerService: No permission grants found for com.google.android.apps.photos
02-19 11:31:16.349  6373  9340 W UriGrantsManagerService: No permission grants found for com.google.android.apps.photos
02-19 11:31:17.129  6373  9182 I ActivityTaskManager: START u0 {act=android.intent.action.MAIN cat=[android.intent.category.LAUNCHER] flg=0x10200000 cmp=com.google.android.apps.messaging/.ui.ConversationListActivity} from uid 10404
02-19 11:31:17.154  6373  9182 I ActivityTaskManager: The Process com.google.android.apps.messaging Already Exists in BG. So sending its PID: 17308
02-19 11:31:17.172  6373  9182 D CoreBackPreview: Window{32704ab u0 Splash Screen com.google.android.apps.messaging}: Setting back callback OnBackInvokedCallbackInfo{mCallback=android.window.IOnBackInvokedCallback$Stub$Proxy@1e1dea1, mPriority=0}
02-19 11:31:17.266  6373  7353 D CoreBackPreview: Window{7ea1613 u0 com.google.android.apps.messaging/com.google.android.apps.messaging.ui.ConversationListActivity}: Setting back callback OnBackInvokedCallbackInfo{mCallback=android.window.IOnBackInvokedCallback$Stub$Proxy@22c9249, mPriority=0}
02-19 11:31:17.608  6373  6411 I ActivityManager: Start proc 19644:com.google.android.setupwizard:remote/u0a366 for content provider {com.google.android.setupwizard/com.google.android.setupwizard.deviceorigin.provider.DeviceOriginProvider}
02-19 11:31:17.615  6373  7996 I ActivityTaskManager: START u0 {cmp=com.google.android.apps.messaging/.gaia.expresssignin.BugleExpressSignInActivity (has extras)} from uid 10360
02-19 11:31:17.632  6373  9342 I ActivityTaskManager: The Process com.google.android.apps.messaging Already Exists in BG. So sending its PID: 17308
02-19 11:31:17.632  6373  9342 W ActivityTaskManager: Tried to set launchTime (0) < mLastActivityLaunchTime (32893970)
02-19 11:31:17.712  6373  9182 D CoreBackPreview: Window{32704ab u0 Splash Screen com.google.android.apps.messaging EXITING}: Setting back callback null
02-19 11:31:17.716  6373  7353 D CoreBackPreview: Window{43c4261 u0 com.google.android.apps.messaging/com.google.android.apps.messaging.gaia.expresssignin.BugleExpressSignInActivity}: Setting back callback OnBackInvokedCallbackInfo{mCallback=android.window.IOnBackInvokedCallback$Stub$Proxy@67521e0, mPriority=0}
02-19 11:31:17.743  6373  8759 W ActivityManager: Unable to start service Intent { act=com.google.android.apps.tachyon.services.CLIENT_API pkg=com.google.android.apps.tachyon } U=0: not found
02-19 11:31:17.747  6373  9340 W ActivityManager: Unable to start service Intent { act=com.google.android.apps.tachyon.services.CLIENT_API pkg=com.google.android.apps.tachyon } U=0: not found
02-19 11:31:17.940  6373  9342 W JobScheduler: Job didn't exist in JobStore: c8126f8 #u0a360/1111 com.google.android.apps.messaging/androidx.work.impl.background.systemjob.SystemJobService
02-19 11:31:18.752  6373  9342 D WindowManager: perform drag: win=android.view.IWindow$Stub$Proxy@db8562a surface=Surface(name=drag surface)/@0x39ac1b flags=b00 data=ClipData { application/vnd.android.activity hasLabel(5) {I:(has extras)} }
02-19 11:31:18.752  6373  9342 D WindowManager: registering drag input channel
02-19 11:31:18.767  6373  9342 D WindowManager: broadcasting DRAG_STARTED at (234.0, 2852.0)
02-19 11:31:18.767  6373  6403 W WindowManager: Unexpected ACTION_DOWN in drag layer
02-19 11:31:18.768  7397  7450 V WindowManagerShell: Drag event: action=ACTION_DRAG_STARTED x=234.000000 y=2852.000000 xOffset=0.000000 yOffset=0.000000
02-19 11:31:18.768  7397  7450 V WindowManagerShell: Clip description: handlingDrag=true itemCount=1 mimeTypes=application/vnd.android.activity
02-19 11:31:18.771  6373  6404 D WindowManager: need to send DRAG_STARTED to new window Window{8ebe863 u0 ScreenDecorOverlay}
02-19 11:31:18.772  6373  6404 D WindowManager: need to send DRAG_STARTED to new window Window{3dc7a8d u0 NavigationBar0}
02-19 11:31:18.772  6373  6404 D WindowManager: need to send DRAG_STARTED to new window Window{589eddc u0 StatusBar}
02-19 11:31:18.772  6373  6404 D WindowManager: need to send DRAG_STARTED to new window Window{43c4261 u0 com.google.android.apps.messaging/com.google.android.apps.messaging.gaia.expresssignin.BugleExpressSignInActivity}
02-19 11:31:18.774  6373  6404 D WindowManager: need to send DRAG_STARTED to new window Window{8ebe863 u0 ScreenDecorOverlay}
02-19 11:31:18.774  6373  6404 D WindowManager: need to send DRAG_STARTED to new window Window{3dc7a8d u0 NavigationBar0}
02-19 11:31:18.774  6373  6404 D WindowManager: need to send DRAG_STARTED to new window Window{589eddc u0 StatusBar}
02-19 11:31:18.774  6373  6404 D WindowManager: need to send DRAG_STARTED to new window Window{43c4261 u0 com.google.android.apps.messaging/com.google.android.apps.messaging.gaia.expresssignin.BugleExpressSignInActivity}
02-19 11:31:18.776  6373  6404 D WindowManager: need to send DRAG_STARTED to new window Window{8ebe863 u0 ScreenDecorOverlay}
02-19 11:31:18.776  6373  6404 D WindowManager: need to send DRAG_STARTED to new window Window{3dc7a8d u0 NavigationBar0}
02-19 11:31:18.777  6373  6404 D WindowManager: need to send DRAG_STARTED to new window Window{589eddc u0 StatusBar}
02-19 11:31:18.777  6373  6404 D WindowManager: need to send DRAG_STARTED to new window Window{43c4261 u0 com.google.android.apps.messaging/com.google.android.apps.messaging.gaia.expresssignin.BugleExpressSignInActivity}
02-19 11:31:18.777  6373  9342 D WindowManager: Drag into new candidate view @ android.os.BinderProxy@a947ea0
02-19 11:31:18.794  7397  7450 V WindowManagerShell: Set drop target window visibility: displayId=0 visibility=0
02-19 11:31:18.800  6373  6404 D WindowManager: need to send DRAG_STARTED to new window Window{8ebe863 u0 ScreenDecorOverlay}
02-19 11:31:18.800  6373  6404 D WindowManager: need to send DRAG_STARTED to new window Window{3dc7a8d u0 NavigationBar0}
02-19 11:31:18.801  6373  6404 D WindowManager: need to send DRAG_STARTED to new window Window{589eddc u0 StatusBar}
02-19 11:31:18.801  6373  6404 D WindowManager: need to send DRAG_STARTED to new window Window{43c4261 u0 com.google.android.apps.messaging/com.google.android.apps.messaging.gaia.expresssignin.BugleExpressSignInActivity}
02-19 11:31:18.811  6373  6404 D WindowManager: need to send DRAG_STARTED to new window Window{8ebe863 u0 ScreenDecorOverlay}
02-19 11:31:18.811  6373  6404 D WindowManager: need to send DRAG_STARTED to new window Window{3dc7a8d u0 NavigationBar0}
02-19 11:31:18.811  6373  6404 D WindowManager: need to send DRAG_STARTED to new window Window{589eddc u0 StatusBar}
02-19 11:31:18.811  6373  6404 D WindowManager: need to send DRAG_STARTED to new window Window{43c4261 u0 com.google.android.apps.messaging/com.google.android.apps.messaging.gaia.expresssignin.BugleExpressSignInActivity}
02-19 11:31:18.818  7397  7450 V WindowManagerShell: Drag event: action=ACTION_DRAG_ENTERED x=0.000000 y=0.000000 xOffset=0.000000 yOffset=0.000000
02-19 11:31:18.818  7397  7450 V WindowManagerShell: Add target: Target {hit=Rect(0, 142 - 1440, 1486) draw=Rect(0, 142 - 1440, 1503)}
02-19 11:31:18.818  7397  7450 V WindowManagerShell: Add target: Target {hit=Rect(0, 1486 - 1440, 2830) draw=Rect(0, 1538 - 1440, 2830)}
02-19 11:31:18.818  7397  7450 V WindowManagerShell: Drag event: action=ACTION_DRAG_LOCATION x=378.000000 y=2287.000000 xOffset=0.000000 yOffset=0.000000
02-19 11:31:18.818  7397  7450 V WindowManagerShell: Current target: Target {hit=Rect(0, 1486 - 1440, 2830) draw=Rect(56, 1594 - 1384, 2774)}
02-19 11:31:18.819  6373  9342 D WindowManager: Drag into new candidate view @ android.os.BinderProxy@d276d3e
02-19 11:31:18.832  7397  7450 V WindowManagerShell: Drag event: action=ACTION_DRAG_LOCATION x=409.000000 y=2187.000000 xOffset=0.000000 yOffset=0.000000
02-19 11:31:18.836  7397  7450 V WindowManagerShell: Drag event: action=ACTION_DRAG_LOCATION x=440.000000 y=2087.000000 xOffset=0.000000 yOffset=0.000000
02-19 11:31:18.843  7397  7450 V WindowManagerShell: Drag event: action=ACTION_DRAG_LOCATION x=468.000000 y=1986.000000 xOffset=0.000000 yOffset=0.000000
02-19 11:31:18.851  7397  7450 V WindowManagerShell: Drag event: action=ACTION_DRAG_LOCATION x=487.000000 y=1891.000000 xOffset=0.000000 yOffset=0.000000
02-19 11:31:18.860  7397  7450 V WindowManagerShell: Drag event: action=ACTION_DRAG_LOCATION x=499.000000 y=1798.000000 xOffset=0.000000 yOffset=0.000000
02-19 11:31:18.869  7397  7450 V WindowManagerShell: Drag event: action=ACTION_DRAG_LOCATION x=504.000000 y=1715.000000 xOffset=0.000000 yOffset=0.000000
02-19 11:31:18.877  7397  7450 V WindowManagerShell: Drag event: action=ACTION_DRAG_LOCATION x=504.000000 y=1639.000000 xOffset=0.000000 yOffset=0.000000
02-19 11:31:18.887  7397  7450 V WindowManagerShell: Drag event: action=ACTION_DRAG_LOCATION x=502.000000 y=1571.000000 xOffset=0.000000 yOffset=0.000000
02-19 11:31:18.893  7397  7450 V WindowManagerShell: Drag event: action=ACTION_DRAG_LOCATION x=498.000000 y=1511.000000 xOffset=0.000000 yOffset=0.000000
02-19 11:31:18.902  7397  7450 V WindowManagerShell: Drag event: action=ACTION_DRAG_LOCATION x=496.000000 y=1453.000000 xOffset=0.000000 yOffset=0.000000
02-19 11:31:18.902  7397  7450 V WindowManagerShell: Current target: Target {hit=Rect(0, 142 - 1440, 1486) draw=Rect(56, 198 - 1384, 1447)}
02-19 11:31:18.916  7397  7450 V WindowManagerShell: Drag event: action=ACTION_DRAG_LOCATION x=497.000000 y=1398.000000 xOffset=0.000000 yOffset=0.000000
02-19 11:31:18.919  7397  7450 V WindowManagerShell: Drag event: action=ACTION_DRAG_LOCATION x=500.000000 y=1338.000000 xOffset=0.000000 yOffset=0.000000
02-19 11:31:18.927  7397  7450 V WindowManagerShell: Drag event: action=ACTION_DRAG_LOCATION x=509.000000 y=1281.000000 xOffset=0.000000 yOffset=0.000000
02-19 11:31:18.936  7397  7450 V WindowManagerShell: Drag event: action=ACTION_DRAG_LOCATION x=519.000000 y=1223.000000 xOffset=0.000000 yOffset=0.000000
02-19 11:31:18.943  7397  7450 V WindowManagerShell: Drag event: action=ACTION_DRAG_LOCATION x=534.000000 y=1163.000000 xOffset=0.000000 yOffset=0.000000
02-19 11:31:18.952  7397  7450 V WindowManagerShell: Drag event: action=ACTION_DRAG_LOCATION x=554.000000 y=1108.000000 xOffset=0.000000 yOffset=0.000000
02-19 11:31:18.960  7397  7450 V WindowManagerShell: Drag event: action=ACTION_DRAG_LOCATION x=571.000000 y=1058.000000 xOffset=0.000000 yOffset=0.000000
02-19 11:31:18.969  7397  7450 V WindowManagerShell: Drag event: action=ACTION_DRAG_LOCATION x=586.000000 y=1013.000000 xOffset=0.000000 yOffset=0.000000
02-19 11:31:18.976  7397  7450 V WindowManagerShell: Drag event: action=ACTION_DRAG_LOCATION x=594.000000 y=975.000000 xOffset=0.000000 yOffset=0.000000
02-19 11:31:18.985  7397  7450 V WindowManagerShell: Drag event: action=ACTION_DRAG_LOCATION x=601.000000 y=947.000000 xOffset=0.000000 yOffset=0.000000
02-19 11:31:18.993  7397  7450 V WindowManagerShell: Drag event: action=ACTION_DRAG_LOCATION x=606.000000 y=921.000000 xOffset=0.000000 yOffset=0.000000
02-19 11:31:19.002  7397  7450 V WindowManagerShell: Drag event: action=ACTION_DRAG_LOCATION x=611.000000 y=901.000000 xOffset=0.000000 yOffset=0.000000
02-19 11:31:19.010  7397  7450 V WindowManagerShell: Drag event: action=ACTION_DRAG_LOCATION x=614.000000 y=884.000000 xOffset=0.000000 yOffset=0.000000
02-19 11:31:19.019  7397  7450 V WindowManagerShell: Drag event: action=ACTION_DRAG_LOCATION x=618.000000 y=869.000000 xOffset=0.000000 yOffset=0.000000
02-19 11:31:19.027  7397  7450 V WindowManagerShell: Drag event: action=ACTION_DRAG_LOCATION x=622.000000 y=857.000000 xOffset=0.000000 yOffset=0.000000
02-19 11:31:19.036  7397  7450 V WindowManagerShell: Drag event: action=ACTION_DRAG_LOCATION x=627.000000 y=843.000000 xOffset=0.000000 yOffset=0.000000
02-19 11:31:19.044  7397  7450 V WindowManagerShell: Drag event: action=ACTION_DRAG_LOCATION x=635.000000 y=834.000000 xOffset=0.000000 yOffset=0.000000
02-19 11:31:19.052  7397  7450 V WindowManagerShell: Drag event: action=ACTION_DRAG_LOCATION x=639.000000 y=827.000000 xOffset=0.000000 yOffset=0.000000
02-19 11:31:19.060  7397  7450 V WindowManagerShell: Drag event: action=ACTION_DRAG_LOCATION x=641.000000 y=821.000000 xOffset=0.000000 yOffset=0.000000
02-19 11:31:19.068  7397  7450 V WindowManagerShell: Drag event: action=ACTION_DRAG_LOCATION x=643.000000 y=817.000000 xOffset=0.000000 yOffset=0.000000
02-19 11:31:19.071  6373  6404 D WindowManager: need to send DRAG_STARTED to new window Window{8ebe863 u0 ScreenDecorOverlay}
02-19 11:31:19.071  6373  6404 D WindowManager: need to send DRAG_STARTED to new window Window{3dc7a8d u0 NavigationBar0}
02-19 11:31:19.071  6373  6404 D WindowManager: need to send DRAG_STARTED to new window Window{589eddc u0 StatusBar}
02-19 11:31:19.071  6373  6404 D WindowManager: need to send DRAG_STARTED to new window Window{43c4261 u0 com.google.android.apps.messaging/com.google.android.apps.messaging.gaia.expresssignin.BugleExpressSignInActivity}
02-19 11:31:19.074  6373  6404 D WindowManager: need to send DRAG_STARTED to new window Window{8ebe863 u0 ScreenDecorOverlay}
02-19 11:31:19.074  6373  6404 D WindowManager: need to send DRAG_STARTED to new window Window{3dc7a8d u0 NavigationBar0}
02-19 11:31:19.074  6373  6404 D WindowManager: need to send DRAG_STARTED to new window Window{589eddc u0 StatusBar}
02-19 11:31:19.074  6373  6404 D WindowManager: need to send DRAG_STARTED to new window Window{43c4261 u0 com.google.android.apps.messaging/com.google.android.apps.messaging.gaia.expresssignin.BugleExpressSignInActivity}
02-19 11:31:19.077  7397  7450 V WindowManagerShell: Drag event: action=ACTION_DRAG_LOCATION x=643.000000 y=815.000000 xOffset=0.000000 yOffset=0.000000
02-19 11:31:19.086  7397  7450 V WindowManagerShell: Drag event: action=ACTION_DRAG_LOCATION x=644.000000 y=814.000000 xOffset=0.000000 yOffset=0.000000
02-19 11:31:19.094  7397  7450 V WindowManagerShell: Drag event: action=ACTION_DRAG_LOCATION x=644.000000 y=813.000000 xOffset=0.000000 yOffset=0.000000
02-19 11:31:19.106  6373  6404 D WindowManager: need to send DRAG_STARTED to new window Window{8ebe863 u0 ScreenDecorOverlay}
02-19 11:31:19.106  6373  6404 D WindowManager: need to send DRAG_STARTED to new window Window{3dc7a8d u0 NavigationBar0}
02-19 11:31:19.106  6373  6404 D WindowManager: need to send DRAG_STARTED to new window Window{589eddc u0 StatusBar}
02-19 11:31:19.106  6373  6404 D WindowManager: need to send DRAG_STARTED to new window Window{43c4261 u0 com.google.android.apps.messaging/com.google.android.apps.messaging.gaia.expresssignin.BugleExpressSignInActivity}
02-19 11:31:19.127  7397  7450 V WindowManagerShell: Drag event: action=ACTION_DRAG_LOCATION x=644.000000 y=811.000000 xOffset=0.000000 yOffset=0.000000
02-19 11:31:19.144  7397  7450 V WindowManagerShell: Drag event: action=ACTION_DRAG_LOCATION x=645.000000 y=811.000000 xOffset=0.000000 yOffset=0.000000
02-19 11:31:19.153  7397  7450 V WindowManagerShell: Drag event: action=ACTION_DRAG_LOCATION x=646.000000 y=811.000000 xOffset=0.000000 yOffset=0.000000
02-19 11:31:19.161  7397  7450 V WindowManagerShell: Drag event: action=ACTION_DRAG_LOCATION x=646.000000 y=811.000000 xOffset=0.000000 yOffset=0.000000
02-19 11:31:19.169  7397  7450 V WindowManagerShell: Drag event: action=ACTION_DRAG_LOCATION x=646.000000 y=810.000000 xOffset=0.000000 yOffset=0.000000
02-19 11:31:19.178  7397  7450 V WindowManagerShell: Drag event: action=ACTION_DRAG_LOCATION x=646.000000 y=809.000000 xOffset=0.000000 yOffset=0.000000
02-19 11:31:19.186  7397  7450 V WindowManagerShell: Drag event: action=ACTION_DRAG_LOCATION x=647.000000 y=808.000000 xOffset=0.000000 yOffset=0.000000
02-19 11:31:19.194  7397  7450 V WindowManagerShell: Drag event: action=ACTION_DRAG_LOCATION x=648.000000 y=807.000000 xOffset=0.000000 yOffset=0.000000
02-19 11:31:19.203  7397  7450 V WindowManagerShell: Drag event: action=ACTION_DRAG_LOCATION x=649.000000 y=806.000000 xOffset=0.000000 yOffset=0.000000
02-19 11:31:19.211  7397  7450 V WindowManagerShell: Drag event: action=ACTION_DRAG_LOCATION x=650.000000 y=805.000000 xOffset=0.000000 yOffset=0.000000
02-19 11:31:19.228  7397  7450 V WindowManagerShell: Drag event: action=ACTION_DRAG_LOCATION x=650.000000 y=803.000000 xOffset=0.000000 yOffset=0.000000
02-19 11:31:19.237  7397  7450 V WindowManagerShell: Drag event: action=ACTION_DRAG_LOCATION x=650.000000 y=803.000000 xOffset=0.000000 yOffset=0.000000
02-19 11:31:19.245  7397  7450 V WindowManagerShell: Drag event: action=ACTION_DRAG_LOCATION x=648.000000 y=799.000000 xOffset=0.000000 yOffset=0.000000
02-19 11:31:19.253  6373  6403 D WindowManager: Got UP on move channel; dropping at 648.6328,799.33594
02-19 11:31:19.254  6373  6403 D WindowManager: sending DROP to Window{906979f u0 ShellDropTarget}
02-19 11:31:19.254  7397  7450 V WindowManagerShell: Drag event: action=ACTION_DROP x=648.000000 y=799.000000 xOffset=149.000000 yOffset=90.000000
02-19 11:31:19.262  6373  6403 I ActivityTaskManager: START u0 {act=android.intent.action.MAIN cat=[android.intent.category.LAUNCHER] flg=0x10240000 cmp=com.google.android.dialer/.extensions.GoogleDialtactsActivity} from uid 1000
02-19 11:31:19.281  6373  6404 D WindowManager: need to send DRAG_STARTED to new window Window{8ebe863 u0 ScreenDecorOverlay}
02-19 11:31:19.281  6373  6404 D WindowManager: need to send DRAG_STARTED to new window Window{3dc7a8d u0 NavigationBar0}
02-19 11:31:19.281  6373  6404 D WindowManager: need to send DRAG_STARTED to new window Window{589eddc u0 StatusBar}
02-19 11:31:19.281  6373  6404 D WindowManager: need to send DRAG_STARTED to new window Window{43c4261 u0 com.google.android.apps.messaging/com.google.android.apps.messaging.gaia.expresssignin.BugleExpressSignInActivity}
02-19 11:31:19.286  6373  6404 D WindowManager: need to send DRAG_STARTED to new window Window{8ebe863 u0 ScreenDecorOverlay}
02-19 11:31:19.286  6373  9342 D WindowManager: Drop result=true reported by android.os.BinderProxy@d276d3e
02-19 11:31:19.286  6373  6404 D WindowManager: need to send DRAG_STARTED to new window Window{3dc7a8d u0 NavigationBar0}
02-19 11:31:19.286  6373  6404 D WindowManager: need to send DRAG_STARTED to new window Window{589eddc u0 StatusBar}
02-19 11:31:19.286  6373  6404 D WindowManager: need to send DRAG_STARTED to new window Window{43c4261 u0 com.google.android.apps.messaging/com.google.android.apps.messaging.gaia.expresssignin.BugleExpressSignInActivity}
02-19 11:31:19.287  6373  9342 D WindowManager: unregistering drag input channel
02-19 11:31:19.288  6373  9342 D WindowManager: broadcasting DRAG_ENDED
02-19 11:31:19.292  6373  6403 D WindowManager: Drag ending; tearing down input channel
02-19 11:31:19.297  6373  6411 I ActivityManager: Start proc 19674:com.google.android.dialer/u0a358 for next-activity {com.google.android.dialer/com.google.android.dialer.extensions.GoogleDialtactsActivity}
02-19 11:31:19.301  7397  7450 V WindowManagerShell: Drag event: action=ACTION_DRAG_ENDED x=0.000000 y=0.000000 xOffset=149.000000 yOffset=90.000000
02-19 11:31:19.349  6373  8759 I WindowOrganizerController: reparentChildrenTasksHierarchyOp currentParent=DefaultTaskDisplayArea@27236 newParent=Task{d6feefa #3 type=undefined} hop={ChildrenTasksReparent: from=null to=RemoteToken{e390b85 Task{d6feefa #3 type=undefined}} mToTop=true mReparentTopOnly=true mWindowingMode=[1, 0] mActivityType=[1]}
02-19 11:31:19.349  6373  8759 I WindowOrganizerController:  Processing task=Task{e56318a #38 type=standard A=10358:com.google.android.dialer}
02-19 11:31:19.349  6373  8759 I WindowOrganizerController:  Processing task=Task{fa2ad1c #4 type=standard}
02-19 11:31:19.349  6373  8759 I WindowOrganizerController:  Processing task=Task{d6feefa #3 type=undefined}
02-19 11:31:19.349  6373  8759 I WindowOrganizerController:  Processing task=Task{8aa6d25 #2 type=standard}
02-19 11:31:19.349  6373  8759 I WindowOrganizerController:  Processing task=Task{8708c6 #37 type=standard A=10360:com.google.android.apps.messaging}
02-19 11:31:19.374  6373  8759 W WindowManager: Attempted to set replacing window on app token with no content Token{51c4bc2 ActivityRecord{62d8dd3 u0 com.google.android.apps.messaging/.gaia.expresssignin.BugleExpressSignInActivity} t37}}
02-19 11:31:19.471  6373  9182 I WindowManager: finishDrawing of relaunch: Window{43c4261 u0 com.google.android.apps.messaging/com.google.android.apps.messaging.gaia.expresssignin.BugleExpressSignInActivity} 119ms
02-19 11:31:19.551  7397  7450 V WindowManagerShell: Set drop target window visibility: displayId=0 visibility=4
02-19 11:31:19.582  6373  8759 W ActivityManager: Unable to start service Intent { act=com.google.android.apps.tachyon.services.CLIENT_API pkg=com.google.android.apps.tachyon } U=0: not found
02-19 11:31:19.583  6373  9182 W ActivityManager: Unable to start service Intent { act=com.google.android.apps.tachyon.services.CLIENT_API pkg=com.google.android.apps.tachyon } U=0: not found
02-19 11:31:19.625  6373  7996 D CoreBackPreview: Window{16b29c6 u0 com.google.android.dialer/com.google.android.dialer.extensions.GoogleDialtactsActivity}: Setting back callback OnBackInvokedCallbackInfo{mCallback=android.window.IOnBackInvokedCallback$Stub$Proxy@f3fab9e, mPriority=-1}
02-19 11:31:19.786  6373  7996 E AppOps  : Bad call made by uid 10349. Package "com.google.android.gms" does not belong to uid 10349.
02-19 11:31:19.787  6373  7996 E AppOps  : Bad call made by uid 10349. Package "com.google.android.gms" does not belong to uid 10349.
02-19 11:31:19.790  6373  9182 E AppOps  : Bad call made by uid 10349. Package "com.google.android.gms" does not belong to uid 10349.
02-19 11:31:19.794  6373  8759 E AppOps  : Bad call made by uid 10349. Package "com.google.android.gms" does not belong to uid 10349.
02-19 11:31:19.794  6373  8759 E AppOps  : Bad call made by uid 10349. Package "com.google.android.gms" does not belong to uid 10349.
02-19 11:31:21.018  6373  9182 W WindowManager: Attempted to set replacing window on app token with no content Token{51c4bc2 ActivityRecord{62d8dd3 u0 com.google.android.apps.messaging/.gaia.expresssignin.BugleExpressSignInActivity} t37}}
02-19 11:31:21.027  6373  8759 D CoreBackPreview: Window{16b29c6 u0 com.google.android.dialer/com.google.android.dialer.extensions.GoogleDialtactsActivity}: Setting back callback null
02-19 11:31:21.044  6373  9182 D CoreBackPreview: Window{16b29c6 u0 com.google.android.dialer/com.google.android.dialer.extensions.GoogleDialtactsActivity}: Setting back callback OnBackInvokedCallbackInfo{mCallback=android.window.IOnBackInvokedCallback$Stub$Proxy@12a1509, mPriority=-1}
02-19 11:31:21.090  6373  8759 W ActivityManager: Unable to start service Intent { act=com.google.android.apps.tachyon.services.CLIENT_API pkg=com.google.android.apps.tachyon } U=0: not found
02-19 11:31:21.091  6373  9182 D CoreBackPreview: Window{16b29c6 u0 com.google.android.dialer/com.google.android.dialer.extensions.GoogleDialtactsActivity}: Setting back callback OnBackInvokedCallbackInfo{mCallback=android.window.IOnBackInvokedCallback$Stub$Proxy@6d5f8c5, mPriority=0}
02-19 11:31:21.093  6373  9182 D CoreBackPreview: Window{16b29c6 u0 com.google.android.dialer/com.google.android.dialer.extensions.GoogleDialtactsActivity}: Setting back callback OnBackInvokedCallbackInfo{mCallback=android.window.IOnBackInvokedCallback$Stub$Proxy@845221a, mPriority=-1}
02-19 11:31:21.106  6373  7996 I WindowManager: finishDrawing of relaunch: Window{43c4261 u0 com.google.android.apps.messaging/com.google.android.apps.messaging.gaia.expresssignin.BugleExpressSignInActivity} 94ms
02-19 11:31:21.116  6373  7996 I WindowManager: finishDrawing of relaunch: Window{16b29c6 u0 com.google.android.dialer/com.google.android.dialer.extensions.GoogleDialtactsActivity} 105ms
02-19 11:31:21.615  6373  7996 I ActivityTaskManager: START u0 {act=android.intent.action.MAIN cat=[android.intent.category.LAUNCHER] flg=0x10200000 cmp=com.android.vending/.AssetBrowserActivity} from uid 10404
02-19 11:31:21.649  6373  7996 I WindowManager: finishDrawing of relaunch: Window{2c9fb82 u0 SnapshotStartingWindow for taskId=33} 10ms
02-19 11:31:21.671  6373  7996 D CoreBackPreview: Window{1a3307 u0 com.android.vending/com.android.vending.AssetBrowserActivity}: Setting back callback null
02-19 11:31:21.675  6373  8759 W WindowManager: Failed looking up window session=Session{c918ac3 7397:u0a10410} callers=com.android.server.wm.WindowManagerService.windowForClientLocked:6015 com.android.server.wm.WindowManagerService.removeWindow:2062 com.android.server.wm.Session.remove:230 
02-19 11:31:21.680  6373  8759 W WindowManager: Failed looking up window session=Session{c918ac3 7397:u0a10410} callers=com.android.server.wm.WindowManagerService.windowForClientLocked:6015 com.android.server.wm.WindowManagerService.removeWindow:2062 com.android.server.wm.Session.remove:230 
02-19 11:31:21.683  6373  8759 W WindowManager: Failed looking up window session=Session{c918ac3 7397:u0a10410} callers=com.android.server.wm.WindowManagerService.windowForClientLocked:6015 com.android.server.wm.WindowManagerService.removeWindow:2062 com.android.server.wm.Session.remove:230 
02-19 11:31:21.685  6373  8759 I WindowOrganizerController: reparentChildrenTasksHierarchyOp currentParent=Task{fa2ad1c #4 type=standard} newParent=DefaultTaskDisplayArea@27236 hop={ChildrenTasksReparent: from=RemoteToken{d0a9a33 Task{fa2ad1c #4 type=standard}} to=null mToTop=false mReparentTopOnly=false mWindowingMode=null mActivityType=null}
02-19 11:31:21.685  6373  8759 I WindowOrganizerController:  Processing task=Task{e56318a #38 type=standard A=10358:com.google.android.dialer}
02-19 11:31:21.685  6373  8759 I WindowOrganizerController:  Processing task=Task{fa2ad1c #4 type=standard}
02-19 11:31:21.687  6373  8759 I WindowOrganizerController: reparentChildrenTasksHierarchyOp currentParent=Task{d6feefa #3 type=undefined} newParent=DefaultTaskDisplayArea@27236 hop={ChildrenTasksReparent: from=RemoteToken{e390b85 Task{d6feefa #3 type=undefined}} to=null mToTop=false mReparentTopOnly=false mWindowingMode=null mActivityType=null}
02-19 11:31:21.687  6373  8759 I WindowOrganizerController:  Processing task=Task{8708c6 #37 type=standard A=10360:com.google.android.apps.messaging}
02-19 11:31:21.687  6373  8759 I WindowOrganizerController:  Processing task=Task{d6feefa #3 type=undefined}
02-19 11:31:21.688  7397  7450 I StageCoordinator: applyExitSplitScreen, reason = RETURN_HOME
02-19 11:31:21.724  6373  8759 D CoreBackPreview: Window{2a1c67e u0 com.android.vending/com.android.vending.AssetBrowserActivity}: Setting back callback OnBackInvokedCallbackInfo{mCallback=android.window.IOnBackInvokedCallback$Stub$Proxy@15a4c2c, mPriority=-1}
02-19 11:31:21.725  6373  9342 D CoreBackPreview: Window{2a1c67e u0 com.android.vending/com.android.vending.AssetBrowserActivity}: Setting back callback OnBackInvokedCallbackInfo{mCallback=android.window.IOnBackInvokedCallback$Stub$Proxy@cb006f5, mPriority=0}
02-19 11:31:22.926  6373  9340 D CoreBackPreview: Window{5c5f4bc u0 Taskbar All Apps}: Setting back callback OnBackInvokedCallbackInfo{mCallback=android.window.IOnBackInvokedCallback$Stub$Proxy@7571efd, mPriority=0}
02-19 11:31:24.790  6373  7996 I ActivityTaskManager: START u0 {act=android.intent.action.MAIN cat=[android.intent.category.LAUNCHER] flg=0x10200000 cmp=com.snapchat.android/.LandingPageActivity} from uid 10404
02-19 11:31:24.809  6373  9182 I ActivityTaskManager: The Process com.snapchat.android Already Exists in BG. So sending its PID: 15391
02-19 11:31:24.809  6373  9182 W ActivityTaskManager: Tried to set launchTime (0) < mLastActivityLaunchTime (32720426)
02-19 11:31:24.822  6373  7996 D CoreBackPreview: Window{e139213 u0 Splash Screen com.snapchat.android}: Setting back callback OnBackInvokedCallbackInfo{mCallback=android.window.IOnBackInvokedCallback$Stub$Proxy@19b3c6f, mPriority=0}
02-19 11:31:24.822  6373  9182 I ActivityTaskManager: START u0 {act=android.intent.action.MAIN cat=[android.intent.category.LAUNCHER] flg=0x10600000 cmp=com.snapchat.android/com.snap.identity.loginsignup.ui.LoginSignupActivity (has extras)} from uid 10435
02-19 11:31:24.828  6373  9182 W ActivityTaskManager: Duplicate finish request for r=ActivityRecord{f345b76 u0 com.snapchat.android/.LandingPageActivity} t34 f}}
02-19 11:31:24.845  6373  9342 D CoreBackPreview: Window{b87d442 u0 com.snapchat.android/com.snap.identity.loginsignup.ui.LoginSignupActivity}: Setting back callback null
02-19 11:31:24.848  6373  8759 I WindowManager: finishDrawing of relaunch: Window{e139213 u0 Splash Screen com.snapchat.android} 6ms
02-19 11:31:24.868  6373  8759 D CoreBackPreview: Window{3893d08 u0 com.snapchat.android/com.snap.identity.loginsignup.ui.LoginSignupActivity}: Setting back callback null
02-19 11:31:24.882  6373  9342 D CoreBackPreview: Window{ae6c529 u0 com.snapchat.android/com.snap.identity.loginsignup.ui.LoginSignupActivity}: Setting back callback OnBackInvokedCallbackInfo{mCallback=android.window.IOnBackInvokedCallback$Stub$Proxy@fe419ba, mPriority=0}
02-19 11:31:24.921  6373  9182 D CoreBackPreview: Window{600f061 u0 com.snapchat.android/com.snap.identity.loginsignup.ui.LoginSignupActivity}: Setting back callback OnBackInvokedCallbackInfo{mCallback=android.window.IOnBackInvokedCallback$Stub$Proxy@a3b0847, mPriority=0}
02-19 11:31:25.107  6373  9340 D CoreBackPreview: Window{5c5f4bc u0 Taskbar All Apps}: Setting back callback null
02-19 11:31:25.264  6373  9182 D CoreBackPreview: Window{e139213 u0 Splash Screen com.snapchat.android EXITING}: Setting back callback null
02-19 11:31:25.380  6373  9340 D CoreBackPreview: Window{2a1c67e u0 com.android.vending/com.android.vending.AssetBrowserActivity}: Setting back callback OnBackInvokedCallbackInfo{mCallback=android.window.IOnBackInvokedCallback$Stub$Proxy@47f3c88, mPriority=-1}
02-19 11:31:25.962  6373  9340 W JobScheduler: Job didn't exist in JobStore: 4168d0b #u0a393/1034 com.google.android.apps.photos/com.google.android.libraries.social.mediamonitor.MediaMonitorJobSchedulerService
02-19 11:31:25.963  6373  8759 W UriGrantsManagerService: No permission grants found for com.google.android.apps.photos
02-19 11:31:25.963  6373  9340 W UriGrantsManagerService: No permission grants found for com.google.android.apps.photos
02-19 11:31:26.016  6373  9340 W UriGrantsManagerService: No permission grants found for com.google.android.apps.photos
02-19 11:31:26.016  6373  9340 W UriGrantsManagerService: No permission grants found for com.google.android.apps.photos
02-19 11:31:26.048  6373  9340 W UriGrantsManagerService: No permission grants found for com.google.android.apps.photos
02-19 11:31:26.049  6373  9340 W UriGrantsManagerService: No permission grants found for com.google.android.apps.photos
02-19 11:31:26.127  6373  6495 E HandwritingModeController: Cannot get requestId: Handwriting was not initialized.
02-19 11:31:26.890  6373  6403 V WindowManager: Unknown focus tokens, dropping reportFocusChanged
02-19 11:31:27.441  6373  6373 I FingerprintManager: onPowerPressed
02-19 11:31:27.441  6373  6373 D WindowManager: powerPress: eventTime=32904108 interactive=true count=1 beganFromNonInteractive=false mShortPressOnPowerBehavior=1
02-19 11:31:27.441  6373  6373 I PowerGroup: Powering off display group due to power_button (groupId= 0, uid= 1000)...
02-19 11:31:27.441  6373  6373 I PowerManagerService: Going to sleep due to power_button (uid 1000)...
02-19 11:31:27.443  6373  6373 E Fingerprint21: onPowerPressed not supported for HIDL clients
