02-19 11:31:27.469  6373  6424 I DisplayPowerController[0]: BrightnessEvent: disp=0, physDisp=local:0, brt=0.2474941, initBrt=0.2474941, rcmdBrt=0.2474941, preBrt=NaN, lux=33.8745, fastAmbientLux=31.15979, slowAmbientLux=34.28207, preLux=29.111877, hbmMax=1.0, hbmMode=off, rbcStrength=50, powerFactor=1.0, thrmMax=1.0, flags=, reason=automatic, autoBrightness=true
02-19 11:31:27.883  6373  6424 I DisplayPowerController[0]: BrightnessEvent: disp=0, physDisp=local:0, brt=0.2474941, initBrt=0.2474941, rcmdBrt=0.2474941, preBrt=NaN, lux=33.8745, fastAmbientLux=28.309034, slowAmbientLux=33.213146, preLux=29.111877, hbmMax=1.0, hbmMode=off, rbcStrength=50, powerFactor=1.0, thrmMax=1.0, flags=, reason=automatic, autoBrightness=true
02-19 11:31:27.909  6373  6424 D ActivityTaskManager: Top Process State changed to PROCESS_STATE_TOP_SLEEPING
02-19 11:31:27.910  6373  6424 I PowerManagerService: Dozing...
02-19 11:31:27.911  6373  6400 I DreamController: Starting dream: name=ComponentInfo{com.android.systemui/com.android.systemui.doze.DozeService}, isPreviewMode=false, canDoze=true, userId=0
02-19 11:31:27.919  6373  6424 I DisplayPowerController[0]: BrightnessEvent: disp=0, physDisp=local:0, brt=0.035433073, initBrt=0.2474941, rcmdBrt=NaN, preBrt=NaN, lux=0.0, fastAmbientLux=28.309034, slowAmbientLux=33.213146, preLux=0.0, hbmMax=1.0, hbmMode=off, rbcStrength=50, powerFactor=1.0, thrmMax=1.0, flags=, reason=screen_off, autoBrightness=true
02-19 11:31:27.919  6373  6424 I DisplayPowerController[0]: BrightnessEvent: disp=0, physDisp=local:0, brt=0.035433073, initBrt=0.035433073, rcmdBrt=NaN, preBrt=NaN, lux=0.0, fastAmbientLux=28.309034, slowAmbientLux=33.213146, preLux=0.0, hbmMax=1.0, hbmMode=off, rbcStrength=50, powerFactor=1.0, thrmMax=1.0, flags=, reason=screen_off, autoBrightness=true
02-19 11:31:28.010  6373  6424 I DisplayPowerController[0]: BrightnessEvent: disp=0, physDisp=local:0, brt=0.035433073, initBrt=0.035433073, rcmdBrt=NaN, preBrt=NaN, lux=0.0, fastAmbientLux=28.309034, slowAmbientLux=33.213146, preLux=0.0, hbmMax=1.0, hbmMode=off, rbcStrength=50, powerFactor=1.0, thrmMax=1.0, flags=, reason=screen_off, autoBrightness=true
02-19 11:31:28.166  6373  6424 I DisplayPowerController[0]: BrightnessEvent: disp=0, physDisp=local:0, brt=0.035433073, initBrt=0.035433073, rcmdBrt=NaN, preBrt=NaN, lux=0.0, fastAmbientLux=28.309034, slowAmbientLux=33.213146, preLux=0.0, hbmMax=1.0, hbmMode=off, rbcStrength=50, powerFactor=1.0, thrmMax=1.0, flags=, reason=screen_off, autoBrightness=true
02-19 11:31:28.173  6373  6373 D BiometricService: Sensor ID(1008), oemStrength: 255, updatedStrength: 255, modality 8, state: 0, cookie: 0, sensorId 1008, hasEnrollments: false cannot participate in Keystore operations
02-19 11:31:28.175  5885 13143 I keystore2: keystore2::authorization: on_lock_screen_event(LockScreenEvent(1), user_id=0, password.is_some()=false, unlocking_sids=Some([5643127329102521424]))
02-19 11:31:28.175  5885 13143 I keystore2: keystore2::super_key: Locking screen bound for user 0 sids [5643127329102521424]
02-19 11:31:28.200  5885 19809 E keystore2: keystore2::gc: Error trying to delete blob entry. In process_one_key: Trying to invalidate key.
02-19 11:31:28.200  5885 19809 E keystore2: 
02-19 11:31:28.200  5885 19809 E keystore2: Caused by:
02-19 11:31:28.200  5885 19809 E keystore2:     0: In invalidate key closure: Trying to invalidate key blob.
02-19 11:31:28.200  5885 19809 E keystore2:     1: Error::Km(ErrorCode(-100))
02-19 11:31:28.213  6373  8869 D BiometricUtils: isEncrypted: false isLockdown: false
02-19 11:31:28.213  6373  6373 D BiometricScheduler/Fingerprint21: [Added] {[88] com.android.server.biometrics.sensors.fingerprint.hidl.FingerprintUpdateActiveUserClient, proto=1, owner=android, cookie=0, requestId=-1, userId=0}, new queue size: 1
02-19 11:31:28.214  6373  6373 D BiometricScheduler/Fingerprint21: [Polled] {[88] com.android.server.biometrics.sensors.fingerprint.hidl.FingerprintUpdateActiveUserClient, proto=1, owner=android, cookie=0, requestId=-1, userId=0}, State: 0
02-19 11:31:28.214  6373  6373 D BiometricScheduler/Fingerprint21: [Started] {[88] com.android.server.biometrics.sensors.fingerprint.hidl.FingerprintUpdateActiveUserClient, proto=1, owner=android, cookie=0, requestId=-1, userId=0}
02-19 11:31:28.214  6373  6373 D FingerprintUpdateActiveUserClient: Already user: com.android.server.biometrics.sensors.fingerprint.hidl.Fingerprint21$$ExternalSyntheticLambda20@95c00ee, returning
02-19 11:31:28.214  6373  6373 D BiometricSchedulerOperation: [Finished / destroy]: {[88] com.android.server.biometrics.sensors.fingerprint.hidl.FingerprintUpdateActiveUserClient, proto=1, owner=android, cookie=0, requestId=-1, userId=0}
02-19 11:31:28.214  6373  6373 V BiometricSchedulerOperation: started: {[88] com.android.server.biometrics.sensors.fingerprint.hidl.FingerprintUpdateActiveUserClient, proto=1, owner=android, cookie=0, requestId=-1, userId=0}, State: 5
02-19 11:31:28.214  6373  6373 D BiometricScheduler/Fingerprint21: [Added] {[89] com.android.server.biometrics.sensors.fingerprint.hidl.FingerprintAuthenticationClient, proto=3, owner=com.android.systemui, cookie=0, requestId=38, userId=0}, new queue size: 1
02-19 11:31:28.214  6373  6373 V BiometricScheduler/Fingerprint21: Not idle, current operation: {[88] com.android.server.biometrics.sensors.fingerprint.hidl.FingerprintUpdateActiveUserClient, proto=1, owner=android, cookie=0, requestId=-1, userId=0}, State: 5
02-19 11:31:28.214  6373  6373 D BiometricScheduler/Fingerprint21: [Finishing] {[88] com.android.server.biometrics.sensors.fingerprint.hidl.FingerprintUpdateActiveUserClient, proto=1, owner=android, cookie=0, requestId=-1, userId=0}, success: true
02-19 11:31:28.214  6373  6373 D BiometricScheduler/Fingerprint21: [Polled] {[89] com.android.server.biometrics.sensors.fingerprint.hidl.FingerprintAuthenticationClient, proto=3, owner=com.android.systemui, cookie=0, requestId=38, userId=0}, State: 0
02-19 11:31:28.214  6373  6373 D GestureAvailabilityTracker: Notifying gesture availability, active=false
02-19 11:31:28.214  6373  6373 D BiometricScheduler/Fingerprint21: [Started] {[89] com.android.server.biometrics.sensors.fingerprint.hidl.FingerprintAuthenticationClient, proto=3, owner=com.android.systemui, cookie=0, requestId=38, userId=0}
02-19 11:31:28.214  6373  6373 D BiometricStateCallback: State updated from 0 to 2, client {[89] com.android.server.biometrics.sensors.fingerprint.hidl.FingerprintAuthenticationClient, proto=3, owner=com.android.systemui, cookie=0, requestId=38, userId=0}
02-19 11:31:28.214  6373  6373 D Biometrics/AuthenticationClient: Requesting auth for com.android.systemui
02-19 11:31:28.225  6373  6373 V BiometricSchedulerOperation: started: {[89] com.android.server.biometrics.sensors.fingerprint.hidl.FingerprintAuthenticationClient, proto=3, owner=com.android.systemui, cookie=0, requestId=38, userId=0}, State: 2
02-19 11:31:28.292  6373  8869 D CoreBackPreview: Window{774e608 u0 UdfpsControllerOverlay}: Setting back callback OnBackInvokedCallbackInfo{mCallback=android.window.IOnBackInvokedCallback$Stub$Proxy@63f3fc6, mPriority=0}
02-19 11:31:45.082  6373  6400 W Looper  : Slow delivery took 201ms android.fg h=com.android.server.dreams.DreamManagerService$DreamHandler c=com.android.server.dreams.DreamController$1@31416fd m=0
02-19 11:31:45.117  6373  6400 W Looper  : Drained
02-19 11:32:13.102  6373  6485 I PowerGroup: Waking up power group from Dozing (groupId=0, uid=1000, reason=WAKE_REASON_POWER_BUTTON, details=android.policy:POWER)...
02-19 11:32:13.102  6373  6485 I PowerManagerService: Waking up from Dozing (uid=1000, reason=WAKE_REASON_POWER_BUTTON, details=android.policy:POWER)...
02-19 11:32:13.105  6373  6373 E ActivityManager: Cancel pending or running compactions as system is awake
02-19 11:32:13.111  6373  6373 I FingerprintManager: onPowerPressed
02-19 11:32:13.111  6373  6373 D WindowManager: powerPress: eventTime=32912693 interactive=false count=1 beganFromNonInteractive=true mShortPressOnPowerBehavior=1
02-19 11:32:13.111  6373  6373 E Fingerprint21: onPowerPressed not supported for HIDL clients
02-19 11:32:13.127  6373  6424 I DisplayPowerController[0]: BrightnessEvent: disp=0, physDisp=local:0, brt=0.2474941, initBrt=0.035433073, rcmdBrt=NaN, preBrt=NaN, lux=NaN, fastAmbientLux=28.309034, slowAmbientLux=33.213146, preLux=NaN, hbmMax=1.0, hbmMode=off, rbcStrength=50, powerFactor=1.0, thrmMax=1.0, flags=invalid_lux , reason=manual, autoBrightness=true
02-19 11:32:13.128  6373  6424 I DisplayPowerController[0]: BrightnessEvent: disp=0, physDisp=local:0, brt=0.2474941, initBrt=0.2474941, rcmdBrt=NaN, preBrt=NaN, lux=NaN, fastAmbientLux=28.309034, slowAmbientLux=33.213146, preLux=NaN, hbmMax=1.0, hbmMode=off, rbcStrength=50, powerFactor=1.0, thrmMax=1.0, flags=invalid_lux , reason=manual, autoBrightness=true
02-19 11:32:13.132  6373  6400 I DreamController: Stopping dream: name=ComponentInfo{com.android.systemui/com.android.systemui.doze.DozeService}, isPreviewMode=false, canDoze=true, userId=0, reason='finished self'(from 'requested stopDream')
02-19 11:32:13.253  6373  6424 I DisplayPowerController[0]: BrightnessEvent: disp=0, physDisp=local:0, brt=0.2474941, initBrt=0.2474941, rcmdBrt=NaN, preBrt=NaN, lux=NaN, fastAmbientLux=28.309034, slowAmbientLux=33.213146, preLux=NaN, hbmMax=1.0, hbmMode=off, rbcStrength=50, powerFactor=1.0, thrmMax=1.0, flags=invalid_lux , reason=manual, autoBrightness=true
02-19 11:32:13.253  6373  6424 I DisplayPowerController[0]: BrightnessEvent: disp=0, physDisp=local:0, brt=0.2474941, initBrt=0.2474941, rcmdBrt=NaN, preBrt=NaN, lux=NaN, fastAmbientLux=28.309034, slowAmbientLux=33.213146, preLux=NaN, hbmMax=1.0, hbmMode=off, rbcStrength=50, powerFactor=1.0, thrmMax=1.0, flags=invalid_lux , reason=manual, autoBrightness=true
02-19 11:32:13.253  6373  6424 W PowerManagerService: Screen on took 265 ms
02-19 11:32:13.312  6373  6424 I DisplayPowerController[0]: BrightnessEvent: disp=0, physDisp=local:0, brt=0.2340059, initBrt=0.2474941, rcmdBrt=0.2340059, preBrt=NaN, lux=20.0, fastAmbientLux=20.0, slowAmbientLux=20.0, preLux=NaN, hbmMax=1.0, hbmMode=off, rbcStrength=50, powerFactor=1.0, thrmMax=1.0, flags=, reason=automatic, autoBrightness=true
02-19 11:32:13.312  6373  6424 I DisplayPowerController[0]: BrightnessEvent: disp=0, physDisp=local:0, brt=0.2340059, initBrt=0.2340059, rcmdBrt=0.2340059, preBrt=NaN, lux=20.0, fastAmbientLux=20.0, slowAmbientLux=20.0, preLux=NaN, hbmMax=1.0, hbmMode=off, rbcStrength=50, powerFactor=1.0, thrmMax=1.0, flags=, reason=automatic, autoBrightness=true
02-19 11:32:13.313  6373  6373 I BrightnessSynchronizer: [184] New Update 0.2340059(f) set brightness values:  60(i)
02-19 11:32:13.313  6373  6373 I BrightnessSynchronizer: New PendingUpdate: {[185] 0.2340059(f), mUpdatedTypes=0, mConfirmedTypes=0, mTimeUpdated=0}, prev=null
02-19 11:32:13.313  6373  6373 I BrightnessSynchronizer: Swallowing update of 60(i) by update: {[184] 0.2340059(f), mUpdatedTypes=1, mConfirmedTypes=1, mTimeUpdated=32913017}
02-19 11:32:13.313  6373  6373 I BrightnessSynchronizer: Completed Update: {[184] 0.2340059(f), mUpdatedTypes=1, mConfirmedTypes=1, mTimeUpdated=32913017}
02-19 11:32:13.339  6373  7996 W SoundTriggerService: error onStop(): Model 9f6ad62a-1f0b-11e7-87c5-40a8f03d3f15 has no stats available
02-19 11:32:13.342  6373  6424 I DisplayPowerController[0]: BrightnessEvent: disp=0, physDisp=local:0, brt=0.2340059, initBrt=0.2340059, rcmdBrt=0.2340059, preBrt=NaN, lux=20.0, fastAmbientLux=20.0, slowAmbientLux=20.0, preLux=NaN, hbmMax=1.0, hbmMode=off, rbcStrength=50, powerFactor=1.0, thrmMax=1.0, flags=, reason=automatic, autoBrightness=true
02-19 11:32:13.995  6373  6373 V ALSProbe: Enable ALS: 147293688
02-19 11:32:14.005  6373  9342 D CoreBackPreview: Window{c900037 u0 com.android.systemui}: Setting back callback OnBackInvokedCallbackInfo{mCallback=android.window.IOnBackInvokedCallback$Stub$Proxy@bdb430d, mPriority=0}
02-19 11:32:14.245  6373  6373 V BiometricLogger: Authentication latency: -1
02-19 11:32:14.245  6373  6373 W BiometricFrameworkStatsLogger: found a negative latency : -1
02-19 11:32:14.245  6373  6373 V Biometrics/AuthenticationClient: onAuthenticated(true), ID:1, Owner: com.android.systemui, isBP: false, listener: com.android.server.biometrics.sensors.ClientMonitorCallbackConverter@3d7b2c2, requireConfirmation: false, user: 0, clientMonitor: {[89] com.android.server.biometrics.sensors.fingerprint.hidl.FingerprintAuthenticationClient, proto=3, owner=com.android.systemui, cookie=0, requestId=38, userId=0}
02-19 11:32:14.245  6373  6373 W Biometrics/AuthenticationClient: Allowing background authentication, this is allowed only for platform or test invocations
02-19 11:32:14.245  6373  6373 D BaseClientMonitor: marking operation as done: {[89] com.android.server.biometrics.sensors.fingerprint.hidl.FingerprintAuthenticationClient, proto=3, owner=com.android.systemui, cookie=0, requestId=38, userId=0}
02-19 11:32:14.245  6373  6373 D BiometricService: resetLockout from: 0, for: 1008, userId: 0
02-19 11:32:14.248  6373  6373 D Biometrics/AuthenticationClient: addAuthToken: 0
02-19 11:32:14.248  6373  6373 D BiometricStateCallback: Client finished, state updated to 0, client {[89] com.android.server.biometrics.sensors.fingerprint.hidl.FingerprintAuthenticationClient, proto=3, owner=com.android.systemui, cookie=0, requestId=38, userId=0}
02-19 11:32:14.248  6373  6373 D BiometricSchedulerOperation: [Finished / destroy]: {[89] com.android.server.biometrics.sensors.fingerprint.hidl.FingerprintAuthenticationClient, proto=3, owner=com.android.systemui, cookie=0, requestId=38, userId=0}
02-19 11:32:14.256  6373  6373 V ALSProbe: Disable ALS: 147293688
02-19 11:32:14.257  6373  6373 W CustomFaceProvider: Ignoring lockout reset, no templates enrolled for user: 0
02-19 11:32:14.257  6373  6373 D BiometricScheduler/Fingerprint21: [Finishing] {[89] com.android.server.biometrics.sensors.fingerprint.hidl.FingerprintAuthenticationClient, proto=3, owner=com.android.systemui, cookie=0, requestId=38, userId=0}, success: true
02-19 11:32:14.257  6373  6373 D GestureAvailabilityTracker: Notifying gesture availability, active=true
02-19 11:32:14.257  6373  6373 D BiometricScheduler/Fingerprint21: No operations, returning to idle
02-19 11:32:14.274  6373  6373 D BiometricService: Sensor ID(1008), oemStrength: 255, updatedStrength: 255, modality 8, state: 0, cookie: 0, sensorId 1008, hasEnrollments: false cannot participate in Keystore operations
02-19 11:32:14.275  5885 13143 I keystore2: keystore2::authorization: on_lock_screen_event(LockScreenEvent(0), user_id=0, password.is_some()=false, unlocking_sids=Some([5643127329102521424]))
02-19 11:32:14.280  6373  7448 D ActivityTaskManager: Top Process State changed to PROCESS_STATE_TOP
02-19 11:32:14.287  5885 13143 I keystore2: keystore2::super_key: In try_unlock_user_with_biometric: Successfully unlocked with biometric
02-19 11:32:14.336  6373  6373 W Fingerprint21: onFingerDown received during client: null
02-19 11:32:14.490  6373  9376 D CoreBackPreview: Window{c900037 u0 com.android.systemui}: Setting back callback null
02-19 11:32:14.495  6373  9376 D CoreBackPreview: Window{774e608 u0 UdfpsControllerOverlay}: Setting back callback null
02-19 11:32:14.842  6373  6410 W BroadcastQueue: Background execution not allowed: receiving Intent { act=android.intent.action.USER_PRESENT flg=0x24200010 } to com.android.chrome/org.chromium.chrome.browser.sharing.click_to_call.ClickToCallMessageHandler$PhoneUnlockedReceiver
02-19 11:32:14.842  6373  6410 W BroadcastQueue: Background execution not allowed: receiving Intent { act=android.intent.action.USER_PRESENT flg=0x24200010 } to com.google.android.apps.work.clouddpc/.base.receivers.UserPresentReceiver
02-19 11:32:14.842  6373  6410 W BroadcastQueue: Background execution not allowed: receiving Intent { act=android.intent.action.USER_PRESENT flg=0x24200010 } to com.google.android.gms/.auth.setup.devicesignals.LockScreenReceiver
02-19 11:32:14.843  6373  6410 W BroadcastQueue: Background execution not allowed: receiving Intent { act=android.intent.action.USER_PRESENT flg=0x24200010 } to com.google.android.gms/.chimera.GmsIntentOperationService$PersistentTrustedReceiver
02-19 11:32:16.564  7397  7450 D ShellBackPreview: initAnimation mMotionStarted=false
02-19 11:32:16.568  6373  9340 D CoreBackPreview: Focused window found using getFocusedWindowToken
02-19 11:32:16.568  6373  9340 D CoreBackPreview: startBackNavigation currentTask=Task{d9430b2 #6 type=home I=com.android.launcher3/.CustomLauncher}, topRunningActivity=ActivityRecord{7d42b61 u0 com.android.launcher3/.CustomLauncher} t6}, callbackInfo=OnBackInvokedCallbackInfo{mCallback=android.window.IOnBackInvokedCallback$Stub$Proxy@ed6c06c, mPriority=0}, currentFocus=Window{bc990be u0 com.android.launcher3/com.android.launcher3.CustomLauncher}
02-19 11:32:16.569  7397  7450 D ShellBackPreview: Received backNavigationInfo:BackNavigationInfo{mType=TYPE_CALLBACK (4), mDepartingAnimationTarget=null, mScreenshotSurface=null, mTaskWindowConfiguration= null, mScreenshotBuffer=null, mOnBackNavigationDone=android.os.RemoteCallback@3981d55, mOnBackInvokedCallback=android.window.IOnBackInvokedCallback$Stub$Proxy@572936a}
02-19 11:32:16.595  7397  7450 D ShellBackPreview: Finishing gesture with event action: 1
02-19 11:32:16.595  7397  7450 D ShellBackPreview: onGestureFinished() mTriggerBack == false
02-19 11:32:16.596  7397  7450 D ShellBackPreview: BackAnimationController: finishAnimation()
02-19 11:32:16.596  6373  9340 D CoreBackPreview: onBackNavigationDone backType=4, task=null, prevActivity=null
02-19 11:32:16.606  6373  9340 I ActivityTaskManager: START u0 {act=android.intent.action.MAIN cat=[android.intent.category.LAUNCHER] flg=0x10200000 cmp=gr.nikolasspyr.integritycheck/.MainActivity bnds=[1135,1389][1412,1793]} from uid 10404
02-19 11:32:16.633  6373  9340 D CoreBackPreview: Window{5e27e89 u0 Splash Screen gr.nikolasspyr.integritycheck}: Setting back callback OnBackInvokedCallbackInfo{mCallback=android.window.IOnBackInvokedCallback$Stub$Proxy@c6b7a45, mPriority=0}
02-19 11:32:16.641  6373  6411 I ActivityManager: Start proc 19860:gr.nikolasspyr.integritycheck/u0a436 for next-top-activity {gr.nikolasspyr.integritycheck/gr.nikolasspyr.integritycheck.MainActivity}
02-19 11:32:16.740  6373  8759 D CoreBackPreview: Window{ae8bc33 u0 gr.nikolasspyr.integritycheck/gr.nikolasspyr.integritycheck.MainActivity}: Setting back callback OnBackInvokedCallbackInfo{mCallback=android.window.IOnBackInvokedCallback$Stub$Proxy@ccdf569, mPriority=0}
02-19 11:32:17.210  6373  7996 D CoreBackPreview: Window{5e27e89 u0 Splash Screen gr.nikolasspyr.integritycheck EXITING}: Setting back callback null
02-19 11:32:17.683  6373  6411 I ActivityManager: Start proc 19903:com.google.android.gms.unstable/u0a359 for service {com.google.android.gms/com.google.android.gms.droidguard.DroidGuardService}
02-19 11:32:18.231  5885 19809 E keystore2: keystore2::gc: Error trying to delete blob entry. In process_one_key: Trying to invalidate key.
02-19 11:32:18.231  5885 19809 E keystore2: 
02-19 11:32:18.231  5885 19809 E keystore2: Caused by:
02-19 11:32:18.231  5885 19809 E keystore2:     0: In invalidate key closure: Trying to invalidate key blob.
02-19 11:32:18.231  5885 19809 E keystore2:     1: Error::Km(ErrorCode(-100))
02-19 11:32:18.676  6373  6410 W BroadcastQueue: Background execution not allowed: receiving Intent { act=android.intent.action.DROPBOX_ENTRY_ADDED flg=0x10 (has extras) } to com.google.android.gms/.stats.service.DropBoxEntryAddedReceiver
02-19 11:32:18.677  6373  6410 W BroadcastQueue: Background execution not allowed: receiving Intent { act=android.intent.action.DROPBOX_ENTRY_ADDED flg=0x10 (has extras) } to com.google.android.gms/.chimera.GmsIntentOperationService$PersistentTrustedReceiver
02-19 11:32:20.860  7397  7450 D ShellBackPreview: Finishing gesture with event action: 1
02-19 11:32:20.860  7397  7450 D ShellBackPreview: onGestureFinished() mTriggerBack == false
02-19 11:32:20.860  7397  7450 D ShellBackPreview: BackAnimationController: finishAnimation()
02-19 11:32:20.957  6373  9182 D CoreBackPreview: Window{1272659 u0 PopupWindow:158b662}: Setting back callback OnBackInvokedCallbackInfo{mCallback=android.window.IOnBackInvokedCallback$Stub$Proxy@f664791, mPriority=0}
02-19 11:32:22.051  6373  9373 D CoreBackPreview: Window{1272659 u0 PopupWindow:158b662}: Setting back callback null
02-19 11:32:22.112  7397  7450 D ShellBackPreview: initAnimation mMotionStarted=false
02-19 11:32:22.115  6373  9182 D CoreBackPreview: Focused window found using getFocusedWindowToken
02-19 11:32:22.115  6373  9182 D CoreBackPreview: startBackNavigation currentTask=Task{f827ca7 #39 type=standard A=10436:gr.nikolasspyr.integritycheck}, topRunningActivity=ActivityRecord{9039eb6 u0 gr.nikolasspyr.integritycheck/.MainActivity} t39}, callbackInfo=OnBackInvokedCallbackInfo{mCallback=android.window.IOnBackInvokedCallback$Stub$Proxy@ccdf569, mPriority=0}, currentFocus=Window{ae8bc33 u0 gr.nikolasspyr.integritycheck/gr.nikolasspyr.integritycheck.MainActivity}
02-19 11:32:22.116  7397  7450 D ShellBackPreview: Received backNavigationInfo:BackNavigationInfo{mType=TYPE_CALLBACK (4), mDepartingAnimationTarget=null, mScreenshotSurface=null, mTaskWindowConfiguration= null, mScreenshotBuffer=null, mOnBackNavigationDone=android.os.RemoteCallback@a102187, mOnBackInvokedCallback=android.window.IOnBackInvokedCallback$Stub$Proxy@87f98b4}
02-19 11:32:22.120  7397  7450 D ShellBackPreview: Finishing gesture with event action: 1
02-19 11:32:22.120  7397  7450 D ShellBackPreview: onGestureFinished() mTriggerBack == false
02-19 11:32:22.120  7397  7450 D ShellBackPreview: BackAnimationController: finishAnimation()
02-19 11:32:22.121  6373  9182 D CoreBackPreview: onBackNavigationDone backType=4, task=null, prevActivity=null
02-19 11:32:22.170  6373  9373 D CoreBackPreview: Window{38ea785 u0 PopupWindow:29f6f10}: Setting back callback OnBackInvokedCallbackInfo{mCallback=android.window.IOnBackInvokedCallback$Stub$Proxy@f3f423d, mPriority=0}
02-19 11:32:23.003  6373  9182 D CoreBackPreview: Window{38ea785 u0 PopupWindow:29f6f10}: Setting back callback null
02-19 11:32:23.743  6373  9182 I ActivityManager: Killing 17860:com.google.android.gms.ui/u0a359 (adj 985): empty #17
02-19 11:32:25.719  6373  7448 I ActivityManager: Killing 18254:com.google.android.apps.work.clouddpc/u0a391 (adj 985): empty #17
02-19 11:32:28.777  5885 19808 I keystore2: keystore2::watchdog: Watchdog thread idle -> terminating. Have a great day.
02-19 11:32:39.477  6373  9373 I ActivityManager: Killing 18453:com.google.android.packageinstaller/u0a317 (adj 985): empty #17
02-19 11:32:39.480  6373  9373 I ActivityTaskManager: START u0 {act=android.settings.FACE_SETTINGS flg=0x10000000 cmp=com.android.settings/.Settings$FaceSettingsActivity} from uid 10318
02-19 11:32:39.506  6373  9182 I ActivityTaskManager: The Process com.android.settings Already Exists in BG. So sending its PID: 10218
02-19 11:32:39.506  6373  9182 W ActivityTaskManager: Tried to set launchTime (0) < mLastActivityLaunchTime (32781679)
02-19 11:32:39.555  6373  9182 E UserRestrictionsUtils: Unknown restriction queried by uid 1000 (com.android.inputdevices et al): null
02-19 11:32:39.558  6373  9182 E UserRestrictionsUtils: Unknown restriction queried by uid 1000 (com.android.inputdevices et al): null
02-19 11:32:39.599  6373  8869 I ActivityTaskManager: START u0 {cmp=com.android.settings/.password.ConfirmLockPassword$InternalActivity (has extras)} from uid 1000
02-19 11:32:39.610  6373  8967 I ActivityTaskManager: The Process com.android.settings Already Exists in BG. So sending its PID: 10218
02-19 11:32:39.610  6373  8967 W ActivityTaskManager: Tried to set launchTime (0) < mLastActivityLaunchTime (32939211)
02-19 11:32:39.714  6373  9340 D CoreBackPreview: Window{8492dec u0 com.android.settings/com.android.settings.password.ConfirmLockPassword$InternalActivity}: Setting back callback OnBackInvokedCallbackInfo{mCallback=android.window.IOnBackInvokedCallback$Stub$Proxy@6d7e44a, mPriority=-1}
02-19 11:32:40.159  6373  9340 D CoreBackPreview: Window{8492dec u0 com.android.settings/com.android.settings.password.ConfirmLockPassword$InternalActivity}: Setting back callback OnBackInvokedCallbackInfo{mCallback=android.window.IOnBackInvokedCallback$Stub$Proxy@838af13, mPriority=0}
02-19 11:32:40.852  6373  6495 E HandwritingModeController: Cannot get requestId: Handwriting was not initialized.
02-19 11:32:40.874  6373  6403 V WindowManager: Unknown focus tokens, dropping reportFocusChanged
02-19 11:32:41.304  6373  9342 D CoreBackPreview: Window{8492dec u0 com.android.settings/com.android.settings.password.ConfirmLockPassword$InternalActivity}: Setting back callback null
02-19 11:32:42.083  7397  7450 D ShellBackPreview: initAnimation mMotionStarted=false
02-19 11:32:42.086  6373  7996 D CoreBackPreview: Focused window found using getFocusedWindowToken
02-19 11:32:42.086  6373  7996 D CoreBackPreview: startBackNavigation currentTask=Task{d9430b2 #6 type=home I=com.android.launcher3/.CustomLauncher}, topRunningActivity=ActivityRecord{7d42b61 u0 com.android.launcher3/.CustomLauncher} t6}, callbackInfo=OnBackInvokedCallbackInfo{mCallback=android.window.IOnBackInvokedCallback$Stub$Proxy@ed6c06c, mPriority=0}, currentFocus=Window{bc990be u0 com.android.launcher3/com.android.launcher3.CustomLauncher}
02-19 11:32:42.086  7397  7450 D ShellBackPreview: Received backNavigationInfo:BackNavigationInfo{mType=TYPE_CALLBACK (4), mDepartingAnimationTarget=null, mScreenshotSurface=null, mTaskWindowConfiguration= null, mScreenshotBuffer=null, mOnBackNavigationDone=android.os.RemoteCallback@be2b3dc, mOnBackInvokedCallback=android.window.IOnBackInvokedCallback$Stub$Proxy@a7bcce5}
02-19 11:32:42.095  7397  7450 D ShellBackPreview: Finishing gesture with event action: 3
02-19 11:32:42.095  7397  7450 D ShellBackPreview: onGestureFinished() mTriggerBack == false
02-19 11:32:42.095  7397  7450 D ShellBackPreview: BackAnimationController: finishAnimation()
02-19 11:32:42.095  6373  9342 D CoreBackPreview: onBackNavigationDone backType=4, task=null, prevActivity=null
02-19 11:32:44.494  6373  9342 I ActivityTaskManager: START u0 {act=com.google.android.contacts.IMPORT_NOTIFICATION_ACCEPT flg=0x10008000 cmp=com.google.android.contacts/com.google.android.apps.contacts.common.notification.NotificationTrampolineActivity (has extras)} from uid 10399
02-19 11:32:44.527  6373  6398 D CoreBackPreview: Window{d8d5e91 u0 Splash Screen com.google.android.contacts}: Setting back callback OnBackInvokedCallbackInfo{mCallback=android.window.IOnBackInvokedCallback$Stub$Proxy@77d19f7, mPriority=0}
02-19 11:32:44.534  6373  6411 I ActivityManager: Start proc 20006:com.google.android.contacts/u0a399 for next-top-activity {com.google.android.contacts/com.google.android.apps.contacts.common.notification.NotificationTrampolineActivity}
02-19 11:32:44.664  6373  6398 I ActivityTaskManager: START u0 {cmp=com.google.android.contacts/com.google.android.apps.contacts.sim.SimImportActivity (has extras)} from uid 10399
02-19 11:32:44.686  6373  6398 I ActivityTaskManager: The Process com.google.android.contacts Already Exists in BG. So sending its PID: 20006
02-19 11:32:44.686  6373  6398 W ActivityTaskManager: Tried to set launchTime (0) < mLastActivityLaunchTime (32944267)
02-19 11:32:44.734  6373  7996 D CoreBackPreview: Window{2a4daa7 u0 com.google.android.contacts/com.google.android.apps.contacts.sim.SimImportActivity}: Setting back callback OnBackInvokedCallbackInfo{mCallback=android.window.IOnBackInvokedCallback$Stub$Proxy@74a89f9, mPriority=0}
02-19 11:32:45.129  6373  7808 D CoreBackPreview: Window{d8d5e91 u0 Splash Screen com.google.android.contacts EXITING}: Setting back callback null
02-19 11:32:49.712  6373  6495 E HandwritingModeController: Cannot get requestId: Handwriting was not initialized.
02-19 11:32:49.726  6373  6403 V WindowManager: Unknown focus tokens, dropping reportFocusChanged
02-19 11:32:51.599  6373  7926 I ActivityTaskManager: START u0 {act=android.intent.action.MAIN cat=[android.intent.category.LAUNCHER] flg=0x10200000 cmp=com.sec.android.easyMover/.DistributionActivity bnds=[859,2197][1135,2601]} from uid 10404
02-19 11:32:51.620  6373  7808 D CoreBackPreview: Window{f7788f7 u0 Splash Screen com.sec.android.easyMover}: Setting back callback OnBackInvokedCallbackInfo{mCallback=android.window.IOnBackInvokedCallback$Stub$Proxy@e95d9cd, mPriority=0}
02-19 11:32:51.629  6373  6411 I ActivityManager: Start proc 20087:com.sec.android.easyMover/u0a432 for next-top-activity {com.sec.android.easyMover/com.sec.android.easyMover.DistributionActivity}
02-19 11:32:51.714  6373  7808 W ActivityManager: Unable to start service Intent { act=com.samsung.android.Kies.IKiesGetSetService pkg=com.samsung.android.smartswitchassistant } U=0: not found
02-19 11:32:51.793  6373  7808 D CoreBackPreview: Window{fc0301c u0 com.sec.android.easyMover/com.sec.android.easyMover.DistributionActivity}: Setting back callback OnBackInvokedCallbackInfo{mCallback=android.window.IOnBackInvokedCallback$Stub$Proxy@58a9fa, mPriority=0}
02-19 11:32:51.846  6373  8695 D CoreBackPreview: Window{2a4daa7 u0 com.google.android.contacts/com.google.android.apps.contacts.sim.SimImportActivity}: Setting back callback null
02-19 11:32:51.860  6373  6409 W UsageStatsService: Unexpected activity event reported! (com.google.android.contacts/com.google.android.apps.contacts.sim.SimImportActivity event : 23 instanceId : 11625776)
02-19 11:32:51.877  6373  7808 I ActivityTaskManager: START u0 {flg=0x10008000 cmp=com.sec.android.easyMover/.ui.MainActivity} from uid 10432
02-19 11:32:51.900  6373  7448 W ActivityTaskManager: Duplicate finish request for r=ActivityRecord{b8b23b8 u0 com.sec.android.easyMover/.DistributionActivity} t42 f}}
02-19 11:32:51.902  6373  7448 I ActivityTaskManager: The Process com.sec.android.easyMover Already Exists in BG. So sending its PID: 20087
02-19 11:32:51.902  6373  7448 W ActivityTaskManager: Tried to set launchTime (0) < mLastActivityLaunchTime (32951367)
02-19 11:32:52.005  6373  8695 D BiometricService: canAuthenticate: User=0, Caller=0, Authenticators=15
02-19 11:32:52.005  6373  8695 D BiometricService/PreAuthInfo: Package: com.sec.android.easyMover Sensor ID: 1008 Modality: 8 Status: 4
02-19 11:32:52.005  6373  8695 D BiometricService/PreAuthInfo: Package: com.sec.android.easyMover Sensor ID: 0 Modality: 2 Status: 1
02-19 11:32:52.005  6373  8695 D BiometricService/PreAuthInfo: getCanAuthenticateInternal Modality: 2 AuthenticatorStatus: 1
02-19 11:32:52.005  6373  8695 D AuthService: canAuthenticate, userId: 0, callingUserId: 0, authenticators: 15, result: 0
02-19 11:32:52.085  6373  6411 I ActivityManager: Start proc 20148:com.android.providers.calendar/u0a312 for content provider {com.android.providers.calendar/com.android.providers.calendar.CalendarProvider2}
02-19 11:32:52.154  6373  7448 D CoreBackPreview: Window{7254f28 u0 com.sec.android.easyMover/com.sec.android.easyMover.ui.MainActivity}: Setting back callback OnBackInvokedCallbackInfo{mCallback=android.window.IOnBackInvokedCallback$Stub$Proxy@10e7f27, mPriority=0}
02-19 11:32:52.168 20087 20087 W ActivityThread: getPackageInfo() called with an older ApplicationInfo than the cached version for package com.sec.android.easyMover
02-19 11:32:52.205  6373  7808 D CoreBackPreview: Window{f7788f7 u0 Splash Screen com.sec.android.easyMover EXITING}: Setting back callback null
02-19 11:32:52.288  6373  6411 I ActivityManager: Start proc 20184:com.google.android.apps.restore/u0a350 for service {com.google.android.apps.restore/com.google.android.apps.pixelmigrate.migrate.ios.appdatawriter.AppDataWriterService}
02-19 11:32:52.309  6373  6411 I ActivityManager: Start proc 20194:com.sec.android.easyMover:remote/u0a432 for service {com.sec.android.easyMover/com.sec.android.easyMover.service.BackgroundInstallService}
02-19 11:32:52.378  6373  7808 W ActivityManager: Unable to start service Intent { act=com.samsung.android.Kies.IKiesGetSetService pkg=com.samsung.android.smartswitchassistant } U=0: not found
02-19 11:32:52.612  6373  6373 I NotificationService: Cannot find enqueued record for key: 0|com.sec.android.easyMover|11|null|10432
02-19 11:32:52.646  6373  6373 W NotificationHistory: Attempted to add notif for locked/gone/disabled user 0
02-19 11:32:52.726  6373  8869 D CoreBackPreview: Window{fc0301c u0 com.sec.android.easyMover/com.sec.android.easyMover.DistributionActivity}: Setting back callback null
02-19 11:32:52.769  6373  6495 E HandwritingModeController: Cannot get requestId: Handwriting was not initialized.
02-19 11:32:52.788  6373  6403 V WindowManager: Unknown focus tokens, dropping reportFocusChanged
02-19 11:32:52.821  6373  6495 E HandwritingModeController: Cannot get requestId: Handwriting was not initialized.
02-19 11:32:52.833  6373  6495 E HandwritingModeController: Cannot get requestId: Handwriting was not initialized.
02-19 11:32:52.985  6373  6373 I Telecom : DefaultDialerCache: Refreshing default dialer for user 0: now com.google.android.dialer: DDC.oR@Cd4
02-19 11:32:53.106  6373  6403 V WindowManager: Unknown focus tokens, dropping reportFocusChanged
02-19 11:32:54.197  6373  8695 I ActivityTaskManager: START u0 {act=android.intent.action.MAIN cat=[android.intent.category.LAUNCHER] flg=0x10200000 cmp=com.snapchat.android/.LandingPageActivity bnds=[1135,2197][1412,2601]} from uid 10404
02-19 11:32:54.201  6373  8695 I ActivityTaskManager: Launching r: ActivityRecord{a702bb5 u0 com.snapchat.android/.LandingPageActivity} from background: ActivityRecord{7d42b61 u0 com.android.launcher3/.CustomLauncher} t6}. New task: false
02-19 11:32:54.215  6373  9379 D CoreBackPreview: Window{fccfad8 u0 Splash Screen com.snapchat.android}: Setting back callback OnBackInvokedCallbackInfo{mCallback=android.window.IOnBackInvokedCallback$Stub$Proxy@a84e916, mPriority=0}
02-19 11:32:54.220  6373  8695 I ActivityTaskManager: The Process com.snapchat.android Already Exists in BG. So sending its PID: 15391
02-19 11:32:54.220  6373  8695 W ActivityTaskManager: Tried to set launchTime (0) < mLastActivityLaunchTime (32901625)
02-19 11:32:54.238  6373  7926 I ActivityTaskManager: START u0 {act=android.intent.action.MAIN cat=[android.intent.category.LAUNCHER] flg=0x10600000 cmp=com.snapchat.android/com.snap.identity.loginsignup.ui.LoginSignupActivity bnds=[1135,2197][1412,2601] (has extras)} from uid 10435
02-19 11:32:54.241  6373  7808 W ActivityTaskManager: Duplicate finish request for r=ActivityRecord{a702bb5 u0 com.snapchat.android/.LandingPageActivity} t34 f}}
02-19 11:32:54.652  6373  9342 D CoreBackPreview: Window{fccfad8 u0 Splash Screen com.snapchat.android EXITING}: Setting back callback null
02-19 11:32:55.151  6373  6495 E HandwritingModeController: Cannot get requestId: Handwriting was not initialized.
02-19 11:32:55.182  6373  6403 V WindowManager: Unknown focus tokens, dropping reportFocusChanged
02-19 11:32:55.817  6373  6403 V WindowManager: Unknown focus tokens, dropping reportFocusChanged
02-19 11:32:56.149  6373  7808 I ActivityTaskManager: START u0 {act=android.intent.action.MAIN cat=[android.intent.category.LAUNCHER] flg=0x10200000 cmp=com.google.android.dialer/.extensions.GoogleDialtactsActivity bnds=[230,2663][426,2884]} from uid 10404
02-19 11:32:56.152  6373  7808 I ActivityTaskManager: Launching r: ActivityRecord{5195b61 u0 com.google.android.dialer/.extensions.GoogleDialtactsActivity} from background: ActivityRecord{7d42b61 u0 com.android.launcher3/.CustomLauncher} t6}. New task: false
02-19 11:32:56.169  6373  9342 D CoreBackPreview: Window{16b29c6 u0 com.google.android.dialer/com.google.android.dialer.extensions.GoogleDialtactsActivity}: Setting back callback null
02-19 11:32:56.170  6373  8695 W WindowManager: Attempted to add starting window to token but already cleaned
02-19 11:32:56.171  7397  7458 W ShellStartingWindow: android.os.BinderProxy@9b07554 already running, starting window not displayed. Unable to add window -- window android.view.ViewRootImpl$W@e8b4ecb has already been added
02-19 11:32:56.171  7397  7458 W ShellStartingWindow: view not successfully added to wm, removing view
02-19 11:32:56.174  7397  7458 W ShellStartingWindow: failed creating starting window at taskId: 38
02-19 11:32:56.174  7397  7458 W ShellStartingWindow: java.lang.IllegalArgumentException: View=android.widget.FrameLayout{c7e0ca7 V.E...... ......I. 0,0-0,0} not attached to window manager
02-19 11:32:56.174  7397  7458 W ShellStartingWindow: 	at android.view.WindowManagerGlobal.findViewLocked(WindowManagerGlobal.java:569)
02-19 11:32:56.174  7397  7458 W ShellStartingWindow: 	at android.view.WindowManagerGlobal.removeView(WindowManagerGlobal.java:461)
02-19 11:32:56.174  7397  7458 W ShellStartingWindow: 	at com.android.wm.shell.startingsurface.StartingSurfaceDrawer.addWindow(StartingSurfaceDrawer.java:600)
02-19 11:32:56.174  7397  7458 W ShellStartingWindow: 	at com.android.wm.shell.startingsurface.StartingSurfaceDrawer.addSplashScreenStartingWindow(StartingSurfaceDrawer.java:360)
02-19 11:32:56.174  7397  7458 W ShellStartingWindow: 	at com.android.wm.shell.startingsurface.StartingWindowController.lambda$addStartingWindow$0(StartingWindowController.java:144)
02-19 11:32:56.174  7397  7458 W ShellStartingWindow: 	at com.android.wm.shell.startingsurface.StartingWindowController.$r8$lambda$PSvN_iYbAze6X2c1OXkMhBsWeHo(Unknown Source:0)
02-19 11:32:56.174  7397  7458 W ShellStartingWindow: 	at com.android.wm.shell.startingsurface.StartingWindowController$$ExternalSyntheticLambda0.run(Unknown Source:6)
02-19 11:32:56.174  7397  7458 W ShellStartingWindow: 	at android.os.Handler.handleCallback(Handler.java:942)
02-19 11:32:56.174  7397  7458 W ShellStartingWindow: 	at android.os.Handler.dispatchMessage(Handler.java:99)
02-19 11:32:56.174  7397  7458 W ShellStartingWindow: 	at android.os.Looper.loopOnce(Looper.java:201)
02-19 11:32:56.174  7397  7458 W ShellStartingWindow: 	at android.os.Looper.loop(Looper.java:288)
02-19 11:32:56.174  7397  7458 W ShellStartingWindow: 	at android.os.HandlerThread.run(HandlerThread.java:67)
02-19 11:32:56.238  6373  8695 W ActivityManager: Unable to start service Intent { act=com.google.android.apps.tachyon.services.CLIENT_API pkg=com.google.android.apps.tachyon } U=0: not found
02-19 11:32:56.263  6373  7926 D CoreBackPreview: Window{bd43d0e u0 com.google.android.dialer/com.google.android.dialer.extensions.GoogleDialtactsActivity}: Setting back callback OnBackInvokedCallbackInfo{mCallback=android.window.IOnBackInvokedCallback$Stub$Proxy@95005be, mPriority=-1}
02-19 11:32:56.283  6373  7808 I WindowManager: finishDrawing of relaunch: Window{bd43d0e u0 com.google.android.dialer/com.google.android.dialer.extensions.GoogleDialtactsActivity} 120ms
02-19 11:32:58.061  6373  6403 V WindowManager: Unknown focus tokens, dropping reportFocusChanged
02-19 11:32:58.978  6373  6495 E HandwritingModeController: Cannot get requestId: Handwriting was not initialized.
02-19 11:32:59.183  6373  6403 V WindowManager: Unknown focus tokens, dropping reportFocusChanged
02-19 11:32:59.205  6373  6403 V WindowManager: Unknown focus tokens, dropping reportFocusChanged
02-19 11:32:59.216  6373  6403 V WindowManager: Unknown focus tokens, dropping reportFocusChanged
02-19 11:32:59.230  6373  6409 W UsageStatsService: Unexpected activity event reported! (com.android.launcher3/com.android.launcher3.CustomLauncher event : 23 instanceId : 236441288)
02-19 11:33:00.022  6373  9379 D WindowManager: perform drag: win=android.view.IWindow$Stub$Proxy@960767e surface=Surface(name=drag surface)/@0x5a107df flags=b00 data=ClipData { application/vnd.android.activity hasLabel(6) {I:(has extras)} }
02-19 11:33:00.022  6373  9379 D WindowManager: registering drag input channel
02-19 11:33:00.036  6373  9379 D WindowManager: broadcasting DRAG_STARTED at (876.0, 2871.0)
02-19 11:33:00.036  6373  6403 W WindowManager: Unexpected ACTION_DOWN in drag layer
02-19 11:33:00.037  7397  7450 V WindowManagerShell: Drag event: action=ACTION_DRAG_STARTED x=876.000000 y=2871.000000 xOffset=0.000000 yOffset=0.000000
02-19 11:33:00.037  7397  7450 V WindowManagerShell: Clip description: handlingDrag=true itemCount=1 mimeTypes=application/vnd.android.activity
02-19 11:33:00.040  6373  6404 D WindowManager: need to send DRAG_STARTED to new window Window{3dc7a8d u0 NavigationBar0}
02-19 11:33:00.040  6373  6404 D WindowManager: need to send DRAG_STARTED to new window Window{589eddc u0 StatusBar}
02-19 11:33:00.040  6373  6404 D WindowManager: need to send DRAG_STARTED to new window Window{ae6c529 u0 com.snapchat.android/com.snap.identity.loginsignup.ui.LoginSignupActivity}
02-19 11:33:00.040  6373  6404 D WindowManager: need to send DRAG_STARTED to new window Window{600f061 u0 com.snapchat.android/com.snap.identity.loginsignup.ui.LoginSignupActivity}
02-19 11:33:00.045  6373  6404 D WindowManager: need to send DRAG_STARTED to new window Window{3dc7a8d u0 NavigationBar0}
02-19 11:33:00.045  6373  6404 D WindowManager: need to send DRAG_STARTED to new window Window{589eddc u0 StatusBar}
02-19 11:33:00.045  6373  6404 D WindowManager: need to send DRAG_STARTED to new window Window{ae6c529 u0 com.snapchat.android/com.snap.identity.loginsignup.ui.LoginSignupActivity}
02-19 11:33:00.045  6373  6404 D WindowManager: need to send DRAG_STARTED to new window Window{600f061 u0 com.snapchat.android/com.snap.identity.loginsignup.ui.LoginSignupActivity}
02-19 11:33:00.050  6373  6404 D WindowManager: need to send DRAG_STARTED to new window Window{3dc7a8d u0 NavigationBar0}
02-19 11:33:00.050  6373  6404 D WindowManager: need to send DRAG_STARTED to new window Window{589eddc u0 StatusBar}
02-19 11:33:00.050  6373  6404 D WindowManager: need to send DRAG_STARTED to new window Window{ae6c529 u0 com.snapchat.android/com.snap.identity.loginsignup.ui.LoginSignupActivity}
02-19 11:33:00.050  6373  6404 D WindowManager: need to send DRAG_STARTED to new window Window{600f061 u0 com.snapchat.android/com.snap.identity.loginsignup.ui.LoginSignupActivity}
02-19 11:33:00.058  6373  9379 D WindowManager: Drag into new candidate view @ android.os.BinderProxy@a947ea0
02-19 11:33:00.063  7397  7450 V WindowManagerShell: Set drop target window visibility: displayId=0 visibility=0
02-19 11:33:00.068  6373  6404 D WindowManager: need to send DRAG_STARTED to new window Window{3dc7a8d u0 NavigationBar0}
02-19 11:33:00.068  6373  6404 D WindowManager: need to send DRAG_STARTED to new window Window{589eddc u0 StatusBar}
02-19 11:33:00.068  6373  6404 D WindowManager: need to send DRAG_STARTED to new window Window{ae6c529 u0 com.snapchat.android/com.snap.identity.loginsignup.ui.LoginSignupActivity}
02-19 11:33:00.068  6373  6404 D WindowManager: need to send DRAG_STARTED to new window Window{600f061 u0 com.snapchat.android/com.snap.identity.loginsignup.ui.LoginSignupActivity}
02-19 11:33:00.075  6373  6404 D WindowManager: need to send DRAG_STARTED to new window Window{3dc7a8d u0 NavigationBar0}
02-19 11:33:00.075  6373  6404 D WindowManager: need to send DRAG_STARTED to new window Window{589eddc u0 StatusBar}
02-19 11:33:00.075  6373  6404 D WindowManager: need to send DRAG_STARTED to new window Window{ae6c529 u0 com.snapchat.android/com.snap.identity.loginsignup.ui.LoginSignupActivity}
02-19 11:33:00.075  6373  6404 D WindowManager: need to send DRAG_STARTED to new window Window{600f061 u0 com.snapchat.android/com.snap.identity.loginsignup.ui.LoginSignupActivity}
02-19 11:33:00.085  7397  7450 V WindowManagerShell: Drag event: action=ACTION_DRAG_ENTERED x=0.000000 y=0.000000 xOffset=0.000000 yOffset=0.000000
02-19 11:33:00.085  7397  7450 V WindowManagerShell: Add target: Target {hit=Rect(0, 142 - 1440, 1486) draw=Rect(0, 142 - 1440, 1503)}
02-19 11:33:00.085  7397  7450 V WindowManagerShell: Add target: Target {hit=Rect(0, 1486 - 1440, 2830) draw=Rect(0, 1538 - 1440, 2830)}
02-19 11:33:00.085  7397  7450 V WindowManagerShell: Drag event: action=ACTION_DRAG_LOCATION x=921.000000 y=2590.000000 xOffset=0.000000 yOffset=0.000000
02-19 11:33:00.085  7397  7450 V WindowManagerShell: Current target: Target {hit=Rect(0, 1486 - 1440, 2830) draw=Rect(56, 1594 - 1384, 2774)}
02-19 11:33:00.086  6373  9379 D WindowManager: Drag into new candidate view @ android.os.BinderProxy@d276d3e
02-19 11:33:00.098  7397  7450 V WindowManagerShell: Drag event: action=ACTION_DRAG_LOCATION x=925.000000 y=2574.000000 xOffset=0.000000 yOffset=0.000000
02-19 11:33:00.101  7397  7450 V WindowManagerShell: Drag event: action=ACTION_DRAG_LOCATION x=929.000000 y=2559.000000 xOffset=0.000000 yOffset=0.000000
02-19 11:33:00.110  7397  7450 V WindowManagerShell: Drag event: action=ACTION_DRAG_LOCATION x=932.000000 y=2545.000000 xOffset=0.000000 yOffset=0.000000
02-19 11:33:00.119  7397  7450 V WindowManagerShell: Drag event: action=ACTION_DRAG_LOCATION x=934.000000 y=2533.000000 xOffset=0.000000 yOffset=0.000000
02-19 11:33:00.127  7397  7450 V WindowManagerShell: Drag event: action=ACTION_DRAG_LOCATION x=935.000000 y=2522.000000 xOffset=0.000000 yOffset=0.000000
02-19 11:33:00.137  7397  7450 V WindowManagerShell: Drag event: action=ACTION_DRAG_LOCATION x=936.000000 y=2513.000000 xOffset=0.000000 yOffset=0.000000
02-19 11:33:00.144  7397  7450 V WindowManagerShell: Drag event: action=ACTION_DRAG_LOCATION x=936.000000 y=2507.000000 xOffset=0.000000 yOffset=0.000000
02-19 11:33:00.155  7397  7450 V WindowManagerShell: Drag event: action=ACTION_DRAG_LOCATION x=934.000000 y=2500.000000 xOffset=0.000000 yOffset=0.000000
02-19 11:33:00.160  7397  7450 V WindowManagerShell: Drag event: action=ACTION_DRAG_LOCATION x=929.000000 y=2496.000000 xOffset=0.000000 yOffset=0.000000
02-19 11:33:00.170  6373  6403 D WindowManager: Got UP on move channel; dropping at 929.53125,2496.7188
02-19 11:33:00.170  6373  6403 D WindowManager: sending DROP to Window{906979f u0 ShellDropTarget}
02-19 11:33:00.171  7397  7450 V WindowManagerShell: Drag event: action=ACTION_DROP x=929.000000 y=2496.000000 xOffset=130.000000 yOffset=117.000000
02-19 11:33:00.175  6373  6403 I ActivityTaskManager: START u0 {act=android.intent.action.MAIN cat=[android.intent.category.LAUNCHER] flg=0x10240000 cmp=com.android.chrome/com.google.android.apps.chrome.Main} from uid 1000
02-19 11:33:00.181  6373  6404 D WindowManager: need to send DRAG_STARTED to new window Window{3dc7a8d u0 NavigationBar0}
02-19 11:33:00.181  6373  6404 D WindowManager: need to send DRAG_STARTED to new window Window{589eddc u0 StatusBar}
02-19 11:33:00.181  6373  6404 D WindowManager: need to send DRAG_STARTED to new window Window{ae6c529 u0 com.snapchat.android/com.snap.identity.loginsignup.ui.LoginSignupActivity}
02-19 11:33:00.181  6373  6404 D WindowManager: need to send DRAG_STARTED to new window Window{600f061 u0 com.snapchat.android/com.snap.identity.loginsignup.ui.LoginSignupActivity}
02-19 11:33:00.185  6373  7808 D WindowManager: Drop result=true reported by android.os.BinderProxy@d276d3e
02-19 11:33:00.185  6373  7808 D WindowManager: unregistering drag input channel
02-19 11:33:00.185  6373  7808 D WindowManager: broadcasting DRAG_ENDED
02-19 11:33:00.188  7397  7450 V WindowManagerShell: Drag event: action=ACTION_DRAG_ENDED x=0.000000 y=0.000000 xOffset=130.000000 yOffset=117.000000
02-19 11:33:00.191  6373  6403 D WindowManager: Drag ending; tearing down input channel
02-19 11:33:00.203  6373  6411 I ActivityManager: Start proc 20311:com.android.chrome/u0a397 for next-activity {com.android.chrome/com.google.android.apps.chrome.Main}
02-19 11:33:00.228  6373  9379 I WindowOrganizerController: reparentChildrenTasksHierarchyOp currentParent=DefaultTaskDisplayArea@27236 newParent=Task{d6feefa #3 type=undefined} hop={ChildrenTasksReparent: from=null to=RemoteToken{e390b85 Task{d6feefa #3 type=undefined}} mToTop=true mReparentTopOnly=true mWindowingMode=[1, 0] mActivityType=[1]}
02-19 11:33:00.228  6373  9379 I WindowOrganizerController:  Processing task=Task{7818263 #43 type=standard A=10397:com.android.chrome}
02-19 11:33:00.228  6373  9379 I WindowOrganizerController:  Processing task=Task{fa2ad1c #4 type=standard}
02-19 11:33:00.228  6373  9379 I WindowOrganizerController:  Processing task=Task{d6feefa #3 type=undefined}
02-19 11:33:00.228  6373  9379 I WindowOrganizerController:  Processing task=Task{8aa6d25 #2 type=standard}
02-19 11:33:00.228  6373  9379 I WindowOrganizerController:  Processing task=Task{328bd5b #34 type=standard A=10435:com.snapchat.android}
02-19 11:33:00.247  6373  6453 E JobScheduler.JobStatus: App com.android.chrome became active but still in NEVER bucket
02-19 11:33:00.360  6373  9379 I ActivityTaskManager: START u0 {cmp=com.android.chrome/org.chromium.chrome.browser.firstrun.FirstRunActivity (has extras)} from uid 10397
02-19 11:33:00.365  6373  9379 I ActivityTaskManager: The Process com.android.chrome Already Exists in BG. So sending its PID: 20311
02-19 11:33:00.371  6373  6403 I ActivityTaskManager: The Process com.android.chrome Already Exists in BG. So sending its PID: 20311
02-19 11:33:00.396  6373  9379 E AppOps  : Bad call made by uid 10397. Package "com.google.android.gms" does not belong to uid 10397.
02-19 11:33:00.396  6373  9379 E AppOps  : Bad call made by uid 10397. Package "com.google.android.gms" does not belong to uid 10397.
02-19 11:33:00.397  6373  9379 E AppOps  : Bad call made by uid 10397. Package "com.google.android.gms" does not belong to uid 10397.
02-19 11:33:00.401  6373  9379 E AppOps  : Bad call made by uid 10397. Package "com.google.android.gms" does not belong to uid 10397.
02-19 11:33:00.403  6373  9379 E AppOps  : Bad call made by uid 10397. Package "com.google.android.gms" does not belong to uid 10397.
