02-19 11:33:00.408  6373  9379 I ActivityTaskManager: The Process com.android.chrome Already Exists in BG. So sending its PID: 20311
02-19 11:33:00.408  6373  9379 W ActivityTaskManager: Tried to set launchTime (0) < mLastActivityLaunchTime (32959949)
02-19 11:33:00.433  7397  7450 V WindowManagerShell: Set drop target window visibility: displayId=0 visibility=4
02-19 11:33:00.467  6373  6398 D CoreBackPreview: Window{43d208b u0 com.android.chrome/org.chromium.chrome.browser.firstrun.FirstRunActivity}: Setting back callback OnBackInvokedCallbackInfo{mCallback=android.window.IOnBackInvokedCallback$Stub$Proxy@4780d81, mPriority=-1}
02-19 11:33:00.467  6373  6398 D CoreBackPreview: Window{43d208b u0 com.android.chrome/org.chromium.chrome.browser.firstrun.FirstRunActivity}: Setting back callback OnBackInvokedCallbackInfo{mCallback=android.window.IOnBackInvokedCallback$Stub$Proxy@e013e26, mPriority=0}
02-19 11:33:00.791  6373  6411 W ActivityManager: Slow operation: 109ms so far, now at startProcess: returned from zygote!
02-19 11:33:00.791  6373  6411 W ActivityManager: Slow operation: 109ms so far, now at startProcess: done updating battery stats
02-19 11:33:00.791  6373  6411 W ActivityManager: Slow operation: 110ms so far, now at startProcess: building log message
02-19 11:33:00.791  6373  6411 I ActivityManager: Start proc 20402:com.android.chrome:sandboxed_process0:org.chromium.content.app.SandboxedProcessService0:0/u0ai0 for  {com.android.chrome/org.chromium.content.app.SandboxedProcessService0:0}
02-19 11:33:00.791  6373  6411 W ActivityManager: Slow operation: 110ms so far, now at startProcess: starting to update pids map
02-19 11:33:00.791  6373  6411 W ActivityManager: Slow operation: 110ms so far, now at startProcess: done updating pids map
02-19 11:33:00.805  6373  6411 I ActivityManager: Start proc 20415:com.android.chrome:privileged_process0/u0a397 for service {com.android.chrome/org.chromium.content.app.PrivilegedProcessService0}
02-19 11:33:02.016  6373  7448 I ActivityTaskManager: START u0 {act=android.intent.action.MAIN cat=[android.intent.category.LAUNCHER] flg=0x10240000 cmp=com.android.chrome/com.google.android.apps.chrome.Main (has extras)} from uid 10397
02-19 11:33:02.041  6373  9182 I ActivityTaskManager: The Process com.android.chrome Already Exists in BG. So sending its PID: 20311
02-19 11:33:02.059  6373  9182 I ActivityTaskManager: The Process com.android.chrome Already Exists in BG. So sending its PID: 20311
02-19 11:33:02.059  6373  9182 W ActivityTaskManager: Tried to set launchTime (0) < mLastActivityLaunchTime (32960113)
02-19 11:33:02.099  6373  9182 W WindowManager: Failed looking up window session=Session{c918ac3 7397:u0a10410} callers=com.android.server.wm.WindowManagerService.windowForClientLocked:6015 com.android.server.wm.WindowManagerService.removeWindow:2062 com.android.server.wm.Session.remove:230 
02-19 11:33:02.107  6373  9379 W WindowManager: Failed looking up window session=Session{c918ac3 7397:u0a10410} callers=com.android.server.wm.WindowManagerService.windowForClientLocked:6015 com.android.server.wm.WindowManagerService.removeWindow:2062 com.android.server.wm.Session.remove:230 
02-19 11:33:02.111  6373  9182 W WindowManager: Failed looking up window session=Session{c918ac3 7397:u0a10410} callers=com.android.server.wm.WindowManagerService.windowForClientLocked:6015 com.android.server.wm.WindowManagerService.removeWindow:2062 com.android.server.wm.Session.remove:230 
02-19 11:33:02.114  6373  7808 I WindowOrganizerController: reparentChildrenTasksHierarchyOp currentParent=Task{fa2ad1c #4 type=standard} newParent=DefaultTaskDisplayArea@27236 hop={ChildrenTasksReparent: from=RemoteToken{d0a9a33 Task{fa2ad1c #4 type=standard}} to=null mToTop=false mReparentTopOnly=false mWindowingMode=null mActivityType=null}
02-19 11:33:02.114  6373  7808 I WindowOrganizerController:  Processing task=Task{7818263 #43 type=standard A=10397:com.android.chrome}
02-19 11:33:02.114  6373  7808 I WindowOrganizerController:  Processing task=Task{fa2ad1c #4 type=standard}
02-19 11:33:02.115  6373  7808 I WindowOrganizerController: reparentChildrenTasksHierarchyOp currentParent=Task{d6feefa #3 type=undefined} newParent=DefaultTaskDisplayArea@27236 hop={ChildrenTasksReparent: from=RemoteToken{e390b85 Task{d6feefa #3 type=undefined}} to=null mToTop=false mReparentTopOnly=false mWindowingMode=null mActivityType=null}
02-19 11:33:02.115  6373  7808 I WindowOrganizerController:  Processing task=Task{328bd5b #34 type=standard A=10435:com.snapchat.android}
02-19 11:33:02.115  6373  7808 I WindowOrganizerController:  Processing task=Task{d6feefa #3 type=undefined}
02-19 11:33:02.117  7397  7450 I StageCoordinator: applyExitSplitScreen, reason = RETURN_HOME
02-19 11:33:02.215  6373  9182 D CoreBackPreview: Window{22f981b u0 com.android.chrome/com.google.android.apps.chrome.Main}: Setting back callback OnBackInvokedCallbackInfo{mCallback=android.window.IOnBackInvokedCallback$Stub$Proxy@1f7b791, mPriority=-1}
02-19 11:33:02.216  6373  9182 D CoreBackPreview: Window{22f981b u0 com.android.chrome/com.google.android.apps.chrome.Main}: Setting back callback OnBackInvokedCallbackInfo{mCallback=android.window.IOnBackInvokedCallback$Stub$Proxy@b8d86f6, mPriority=0}
02-19 11:33:02.227  6373  7808 D CoreBackPreview: Window{43d208b u0 com.android.chrome/org.chromium.chrome.browser.firstrun.FirstRunActivity}: Setting back callback OnBackInvokedCallbackInfo{mCallback=android.window.IOnBackInvokedCallback$Stub$Proxy@74f3bcd, mPriority=-1}
02-19 11:33:02.237  6373  7808 D CoreBackPreview: Window{43d208b u0 com.android.chrome/org.chromium.chrome.browser.firstrun.FirstRunActivity}: Setting back callback null
02-19 11:33:02.256  6373  6410 W BroadcastQueue: Background execution not allowed: receiving Intent { act=android.intent.action.DROPBOX_ENTRY_ADDED flg=0x10 (has extras) } to com.google.android.gms/.stats.service.DropBoxEntryAddedReceiver
02-19 11:33:02.256  6373  6410 W BroadcastQueue: Background execution not allowed: receiving Intent { act=android.intent.action.DROPBOX_ENTRY_ADDED flg=0x10 (has extras) } to com.google.android.gms/.chimera.GmsIntentOperationService$PersistentTrustedReceiver
02-19 11:33:02.287  6373  6398 E AppOps  : Bad call made by uid 10397. Package "com.google.android.gms" does not belong to uid 10397.
02-19 11:33:02.287  6373  6398 E AppOps  : Bad call made by uid 10397. Package "com.google.android.gms" does not belong to uid 10397.
02-19 11:33:02.288  6373  6398 E AppOps  : Bad call made by uid 10397. Package "com.google.android.gms" does not belong to uid 10397.
02-19 11:33:02.289  6373  6398 E AppOps  : Bad call made by uid 10397. Package "com.google.android.gms" does not belong to uid 10397.
02-19 11:33:02.289  6373  6398 E AppOps  : Bad call made by uid 10397. Package "com.google.android.gms" does not belong to uid 10397.
02-19 11:33:02.395  6373  6398 D CoreBackPreview: Window{f1be0d7 u0 com.android.chrome/com.google.android.apps.chrome.Main}: Setting back callback OnBackInvokedCallbackInfo{mCallback=android.window.IOnBackInvokedCallback$Stub$Proxy@7cd2d3a, mPriority=0}
02-19 11:33:02.438  6373  6398 E AppOps  : Bad call made by uid 10371. Package "com.google.android.gms" does not belong to uid 10371.
02-19 11:33:02.439  6373  7808 E AppOps  : Bad call made by uid 10371. Package "com.google.android.gms" does not belong to uid 10371.
02-19 11:33:02.440  6373  7808 E AppOps  : Bad call made by uid 10371. Package "com.google.android.gms" does not belong to uid 10371.
02-19 11:33:02.446  6373  7808 E AppOps  : Bad call made by uid 10371. Package "com.google.android.gms" does not belong to uid 10371.
02-19 11:33:02.447  6373  6398 E AppOps  : Bad call made by uid 10371. Package "com.google.android.gms" does not belong to uid 10371.
02-19 11:33:02.456  6373  6411 I ActivityManager: Start proc 20484:com.google.process.gapps/u0a359 for content provider {com.google.android.gsf/com.google.android.gsf.settings.GoogleSettingsProvider}
02-19 11:33:02.461  6373  7448 W PackageConfigPersister: App-specific configuration not found for packageName: com.android.chrome and userId: 0
02-19 11:33:02.464  6373  6411 I ActivityManager: Start proc 20485:com.google.android.partnersetup/u0a341 for content provider {com.google.android.partnersetup/com.google.android.partnersetup.RlzAppProvider}
02-19 11:33:02.581  6373  6411 I ActivityManager: Start proc 20520:com.android.chrome:sandboxed_process0:org.chromium.content.app.SandboxedProcessService0:1/u0ai1 for  {com.android.chrome/org.chromium.content.app.SandboxedProcessService0:1}
02-19 11:33:02.683  6373  6373 I ContentCaptureManagerService: Content capture data sharing session terminated successfully for package 'com.google.android.googlequicksearchbox'
02-19 11:33:02.933  6373  6373 I ContentCaptureManagerService: Content capture data sharing session terminated successfully for package 'com.google.android.googlequicksearchbox'
02-19 11:33:03.461  6373  6373 I Telecom : DefaultDialerCache: Refreshing default dialer for user 0: now com.google.android.dialer: DDC.oR@CfI
02-19 11:33:03.540  6373  6409 D AppWidgetServiceImpl: Provider info from ComponentInfo{com.android.chrome/org.chromium.chrome.browser.quickactionsearchwidget.QuickActionSearchWidgetProvider$QuickActionSearchWidgetProviderSearch} won't be persisted.
02-19 11:33:03.540  6373  6409 D AppWidgetServiceImpl: Provider info from ComponentInfo{com.android.chrome/org.chromium.chrome.browser.quickactionsearchwidget.QuickActionSearchWidgetProvider$QuickActionSearchWidgetProviderDino} won't be persisted.
02-19 11:33:03.540  6373  6409 D AppWidgetServiceImpl: Provider info from ComponentInfo{com.android.chrome/com.google.android.apps.chrome.appwidget.bookmarks.BookmarkThumbnailWidgetProvider} won't be persisted.
02-19 11:33:03.540  6373  6409 D AppWidgetServiceImpl: Provider info from ComponentInfo{com.android.chrome/org.chromium.chrome.browser.searchwidget.SearchWidgetProvider} won't be persisted.
02-19 11:33:03.638  6373  7461 D CoreBackPreview: Window{f1be0d7 u0 com.android.chrome/com.google.android.apps.chrome.Main}: Setting back callback null
02-19 11:33:03.649  6373  6403 V WindowManager: Unknown focus tokens, dropping reportFocusChanged
02-19 11:33:08.055  6373  7461 I ActivityManager: Killing 20520:com.android.chrome:sandboxed_process0:org.chromium.content.app.SandboxedProcessService0:1/u0a397i-8999 (adj 0): isolated not needed
02-19 11:33:08.318  6373  6410 W BroadcastQueue: Background execution not allowed: receiving Intent { act=android.intent.action.DROPBOX_ENTRY_ADDED flg=0x10 (has extras) } to com.google.android.gms/.stats.service.DropBoxEntryAddedReceiver
02-19 11:33:08.321  6373  6410 W BroadcastQueue: Background execution not allowed: receiving Intent { act=android.intent.action.DROPBOX_ENTRY_ADDED flg=0x10 (has extras) } to com.google.android.gms/.chimera.GmsIntentOperationService$PersistentTrustedReceiver
02-19 11:33:08.896  6373  9182 W PackageConfigPersister: App-specific configuration not found for packageName: com.android.chrome and userId: 0
02-19 11:33:11.161  6373  6411 I ActivityManager: Start proc 20597:com.android.chrome:sandboxed_process0:org.chromium.content.app.SandboxedProcessService0:2/u0ai2 for  {com.android.chrome/org.chromium.content.app.SandboxedProcessService0:2}
02-19 11:33:11.212  6373  6411 I ActivityManager: Start proc 20612:com.android.chrome:sandboxed_process0:org.chromium.content.app.SandboxedProcessService0:3/u0ai3 for  {com.android.chrome/org.chromium.content.app.SandboxedProcessService0:3}
02-19 11:33:11.242  6373  6411 I ActivityManager: Start proc 20629:com.android.chrome:sandboxed_process0:org.chromium.content.app.SandboxedProcessService0:4/u0ai4 for  {com.android.chrome/org.chromium.content.app.SandboxedProcessService0:4}
02-19 11:33:11.251  6373  9342 I ActivityManager: Killing 20597:com.android.chrome:sandboxed_process0:org.chromium.content.app.SandboxedProcessService0:2/u0a397i-8998 (adj 0): isolated not needed
02-19 11:33:11.280  6373  6418 E KernelCpuUidUserSysTimeReader: Negative user/sys time delta for UID=90002
02-19 11:33:11.280  6373  6418 E KernelCpuUidUserSysTimeReader: Prev times: u=57759 s=56919 Curr times: u=34568 s=27528
02-19 11:33:11.314  6373  9379 I ActivityManager: Killing 20612:com.android.chrome:sandboxed_process0:org.chromium.content.app.SandboxedProcessService0:3/u0a397i-8997 (adj 0): isolated not needed
02-19 11:33:11.346  6373  7926 I ActivityManager: Killing 20629:com.android.chrome:sandboxed_process0:org.chromium.content.app.SandboxedProcessService0:4/u0a397i-8996 (adj 0): isolated not needed
02-19 11:33:13.152  6373  9342 D TextToSpeechManagerPerUserService: Trying to start connection to TTS engine: com.google.android.tts
02-19 11:33:13.163  6373  6411 I ActivityManager: Start proc 20662:com.google.android.tts/u0a380 for service {com.google.android.tts/com.google.android.apps.speech.tts.googletts.service.GoogleTtsService}
02-19 11:33:13.426  6373  6373 D TextToSpeechManagerPerUserService: Connected successfully to TTS engine: com.google.android.tts
02-19 11:33:14.336  7397  7450 D ShellBackPreview: initAnimation mMotionStarted=false
02-19 11:33:14.337  6373  7808 D CoreBackPreview: Focused window found using getFocusedWindowToken
02-19 11:33:14.337  6373  7808 D CoreBackPreview: startBackNavigation currentTask=Task{aa5b16e #44 type=standard A=10397:com.android.chrome}, topRunningActivity=ActivityRecord{f8e1d04 u0 com.android.chrome/com.google.android.apps.chrome.Main} t44}, callbackInfo=OnBackInvokedCallbackInfo{mCallback=android.window.IOnBackInvokedCallback$Stub$Proxy@b8d86f6, mPriority=0}, currentFocus=Window{22f981b u0 com.android.chrome/com.google.android.apps.chrome.Main}
02-19 11:33:14.338  7397  7450 D ShellBackPreview: Received backNavigationInfo:BackNavigationInfo{mType=TYPE_CALLBACK (4), mDepartingAnimationTarget=null, mScreenshotSurface=null, mTaskWindowConfiguration= null, mScreenshotBuffer=null, mOnBackNavigationDone=android.os.RemoteCallback@15843ec, mOnBackInvokedCallback=android.window.IOnBackInvokedCallback$Stub$Proxy@bcf03b5}
02-19 11:33:14.480  7397  7450 D ShellBackPreview: Finishing gesture with event action: 3
02-19 11:33:14.480  7397  7450 D ShellBackPreview: onGestureFinished() mTriggerBack == false
02-19 11:33:14.480  7397  7450 D ShellBackPreview: BackAnimationController: finishAnimation()
02-19 11:33:14.480  6373  7808 D CoreBackPreview: onBackNavigationDone backType=4, task=null, prevActivity=null
02-19 11:33:15.590  7397  7450 D ShellBackPreview: Finishing gesture with event action: 3
02-19 11:33:15.590  7397  7450 D ShellBackPreview: onGestureFinished() mTriggerBack == false
02-19 11:33:15.590  7397  7450 D ShellBackPreview: BackAnimationController: finishAnimation()
02-19 11:33:47.025  6373  6403 I ActivityTaskManager: Config changes=20000480 {1.0 234mcc10mnc [en_GB] ldltr sw411dp w828dp h359dp 560dpi nrml long hdr widecg land night finger -keyb/v/h -nav/h winConfig={ mBounds=Rect(0, 0 - 3040, 1440) mAppBounds=Rect(0, 0 - 2898, 1356) mMaxBounds=Rect(0, 0 - 3040, 1440) mDisplayRotation=ROTATION_270 mWindowingMode=fullscreen mDisplayWindowingMode=fullscreen mActivityType=undefined mAlwaysOnTop=undefined mRotation=ROTATION_270} as.10 s.633 fontWeightAdjustment=0}
02-19 11:33:47.036  6373  6403 I WindowManager: Override config changes=20000480 {1.0 234mcc10mnc [en_GB] ldltr sw411dp w828dp h359dp 560dpi nrml long hdr widecg land night finger -keyb/v/h -nav/h winConfig={ mBounds=Rect(0, 0 - 3040, 1440) mAppBounds=Rect(0, 0 - 2898, 1356) mMaxBounds=Rect(0, 0 - 3040, 1440) mDisplayRotation=ROTATION_270 mWindowingMode=fullscreen mDisplayWindowingMode=fullscreen mActivityType=undefined mAlwaysOnTop=undefined mRotation=ROTATION_270} as.10 s.633 fontWeightAdjustment=0} for displayId=0
02-19 11:33:47.056  7397  7450 V WindowManagerShell: Display changed: 0
02-19 11:33:47.105  6373  7996 I WindowManager: finishDrawing of orientation change: Window{22f981b u0 com.android.chrome/com.google.android.apps.chrome.Main} 47ms
02-19 11:33:47.124  6373  7996 I WindowManager: finishDrawing of orientation change: Window{30461e u0 Taskbar} 66ms
02-19 11:33:47.124  6373  8695 I WindowManager: finishDrawing of orientation change: Window{3dc7a8d u0 NavigationBar0} 67ms
02-19 11:33:47.129  6373  6404 I WindowManager: Screen frozen for +150ms due to Window{22f981b u0 com.android.chrome/com.google.android.apps.chrome.Main}
02-19 11:33:47.253  6373  7996 I WindowManager: finishDrawing of orientation change: Window{589eddc u0 StatusBar} 195ms
02-19 11:34:00.498  6373  6424 I DisplayPowerController[0]: BrightnessEvent: disp=0, physDisp=local:0, brt=0.05, initBrt=0.2340059, rcmdBrt=0.2340059, preBrt=NaN, lux=14.262759, fastAmbientLux=15.563268, slowAmbientLux=14.762079, preLux=39.88366, hbmMax=1.0, hbmMode=off, rbcStrength=50, powerFactor=1.0, thrmMax=1.0, flags=, reason=automatic [ dim ], autoBrightness=true
02-19 11:34:00.986  6373  6424 I DisplayPowerController[0]: BrightnessEvent: disp=0, physDisp=local:0, brt=0.05, initBrt=0.05, rcmdBrt=0.2340059, preBrt=NaN, lux=14.262759, fastAmbientLux=15.233012, slowAmbientLux=14.71652, preLux=39.88366, hbmMax=1.0, hbmMode=off, rbcStrength=50, powerFactor=1.0, thrmMax=1.0, flags=, reason=automatic [ dim ], autoBrightness=true
02-19 11:34:02.610  6373  6424 I DisplayPowerController[0]: BrightnessEvent: disp=0, physDisp=local:0, brt=0.2340059, initBrt=0.05, rcmdBrt=0.2340059, preBrt=NaN, lux=14.262759, fastAmbientLux=10.154934, slowAmbientLux=13.091481, preLux=39.88366, hbmMax=1.0, hbmMode=off, rbcStrength=50, powerFactor=1.0, thrmMax=1.0, flags=, reason=automatic, autoBrightness=true
02-19 11:34:02.755  6373  8695 I WindowManager: finishDrawing of orientation change: Window{a0b4462 u0 NotificationShade} 112ms
02-19 11:34:03.095  6373  6424 I DisplayPowerController[0]: BrightnessEvent: disp=0, physDisp=local:0, brt=0.2340059, initBrt=0.2340059, rcmdBrt=0.2340059, preBrt=NaN, lux=14.262759, fastAmbientLux=12.8676605, slowAmbientLux=14.0551815, preLux=39.88366, hbmMax=1.0, hbmMode=off, rbcStrength=50, powerFactor=1.0, thrmMax=1.0, flags=, reason=automatic, autoBrightness=true
02-19 11:34:03.573  6373  6403 I ActivityTaskManager: Config changes=20000480 {1.0 234mcc10mnc [en_GB] ldltr sw411dp w411dp h804dp 560dpi nrml long hdr widecg port night finger -keyb/v/h -nav/h winConfig={ mBounds=Rect(0, 0 - 1440, 3040) mAppBounds=Rect(0, 142 - 1440, 2956) mMaxBounds=Rect(0, 0 - 1440, 3040) mDisplayRotation=ROTATION_0 mWindowingMode=fullscreen mDisplayWindowingMode=fullscreen mActivityType=undefined mAlwaysOnTop=undefined mRotation=ROTATION_0} as.10 s.693 fontWeightAdjustment=0}
02-19 11:34:03.577  6373  6403 I WindowManager: Override config changes=20000480 {1.0 234mcc10mnc [en_GB] ldltr sw411dp w411dp h804dp 560dpi nrml long hdr widecg port night finger -keyb/v/h -nav/h winConfig={ mBounds=Rect(0, 0 - 1440, 3040) mAppBounds=Rect(0, 142 - 1440, 2956) mMaxBounds=Rect(0, 0 - 1440, 3040) mDisplayRotation=ROTATION_0 mWindowingMode=fullscreen mDisplayWindowingMode=fullscreen mActivityType=undefined mAlwaysOnTop=undefined mRotation=ROTATION_0} as.10 s.693 fontWeightAdjustment=0} for displayId=0
02-19 11:34:03.597  7397  7450 V WindowManagerShell: Display changed: 0
02-19 11:34:03.624  6373  7926 I WindowManager: finishDrawing of orientation change: Window{30461e u0 Taskbar} 31ms
02-19 11:34:03.637  6373  7926 I WindowManager: finishDrawing of orientation change: Window{3dc7a8d u0 NavigationBar0} 43ms
02-19 11:34:03.642  6373  9379 I WindowManager: finishDrawing of orientation change: Window{22f981b u0 com.android.chrome/com.google.android.apps.chrome.Main} 48ms
02-19 11:34:03.763  6373  9379 I WindowManager: finishDrawing of orientation change: Window{589eddc u0 StatusBar} 170ms
02-19 11:34:03.764  6373  9379 I WindowManager: finishDrawing of orientation change: Window{a0b4462 u0 NotificationShade} 170ms
02-19 11:34:03.770  6373  7926 I WindowManager: Screen frozen for +235ms due to Window{a0b4462 u0 NotificationShade}
02-19 11:34:22.310  6373  6410 W ActivityManager: Stopping service due to app idle: u0a432 -1h7m32s668ms com.sec.android.easyMover/.update.UpdateService
02-19 11:34:22.310  6373  6410 W ActivityManager: Stopping service due to app idle: u0a432 -1m30s354ms com.sec.android.easyMover/.service.CleanupService
02-19 11:34:28.550  6373  6424 I DisplayPowerController[0]: BrightnessEvent: disp=0, physDisp=local:0, brt=0.05, initBrt=0.2340059, rcmdBrt=0.2340059, preBrt=NaN, lux=32.621937, fastAmbientLux=30.41664, slowAmbientLux=29.932043, preLux=40.88407, hbmMax=1.0, hbmMode=off, rbcStrength=50, powerFactor=1.0, thrmMax=1.0, flags=, reason=automatic [ dim ], autoBrightness=true
02-19 11:34:29.033  6373  6424 I DisplayPowerController[0]: BrightnessEvent: disp=0, physDisp=local:0, brt=0.05, initBrt=0.05, rcmdBrt=0.2340059, preBrt=NaN, lux=32.621937, fastAmbientLux=30.156143, slowAmbientLux=29.93019, preLux=40.88407, hbmMax=1.0, hbmMode=off, rbcStrength=50, powerFactor=1.0, thrmMax=1.0, flags=, reason=automatic [ dim ], autoBrightness=true
02-19 11:34:34.546  6373  6424 I PowerGroup: Powering off display group due to timeout (groupId= 0, uid= 1000)...
02-19 11:34:34.546  6373  6424 I PowerManagerService: Going to sleep due to timeout (uid 1000)...
02-19 11:34:34.551  6373  6373 I ActivityManager: Killing 19644:com.google.android.setupwizard:remote/u0a366 (adj 985): empty #17
02-19 11:34:34.553  6373  6373 I ActivityManager: Killing 15963:com.google.android.projection.gearhead:car/u0a354 (adj 995): empty #18
02-19 11:34:34.553  6373  6373 I ActivityManager: Killing 18949:com.google.android.projection.gearhead:shared/u0a354 (adj 995): empty #19
02-19 11:34:34.581  6373  6424 I DisplayPowerController[0]: BrightnessEvent: disp=0, physDisp=local:0, brt=0.2340059, initBrt=0.05, rcmdBrt=0.2340059, preBrt=NaN, lux=32.621937, fastAmbientLux=32.118813, slowAmbientLux=30.838358, preLux=40.88407, hbmMax=1.0, hbmMode=off, rbcStrength=50, powerFactor=1.0, thrmMax=1.0, flags=, reason=automatic, autoBrightness=true
02-19 11:34:35.001  6373  6424 I DisplayPowerController[0]: BrightnessEvent: disp=0, physDisp=local:0, brt=0.2340059, initBrt=0.2340059, rcmdBrt=0.2340059, preBrt=NaN, lux=32.621937, fastAmbientLux=34.50402, slowAmbientLux=31.65343, preLux=40.88407, hbmMax=1.0, hbmMode=off, rbcStrength=50, powerFactor=1.0, thrmMax=1.0, flags=, reason=automatic, autoBrightness=true
02-19 11:34:35.026  6373  6424 D ActivityTaskManager: Top Process State changed to PROCESS_STATE_TOP_SLEEPING
02-19 11:34:35.034  6373  6403 W ProcessStats: Tracking association SourceState{6f4b4ac com.google.android.gms/10359 Top #95489} whose proc state 1 is better than process ProcessState{41fad2b com.google.android.gms.persistent/10359 pkg=com.google.android.gms} proc state 2 (239 skipped)
02-19 11:34:35.050  6373  6424 I DisplayPowerController[0]: BrightnessEvent: disp=0, physDisp=local:0, brt=0.035433073, initBrt=0.2340059, rcmdBrt=NaN, preBrt=NaN, lux=0.0, fastAmbientLux=34.50402, slowAmbientLux=31.65343, preLux=0.0, hbmMax=1.0, hbmMode=off, rbcStrength=50, powerFactor=1.0, thrmMax=1.0, flags=, reason=screen_off, autoBrightness=true
02-19 11:34:35.050  6373  6424 I DisplayPowerController[0]: BrightnessEvent: disp=0, physDisp=local:0, brt=0.035433073, initBrt=0.035433073, rcmdBrt=NaN, preBrt=NaN, lux=0.0, fastAmbientLux=34.50402, slowAmbientLux=31.65343, preLux=0.0, hbmMax=1.0, hbmMode=off, rbcStrength=50, powerFactor=1.0, thrmMax=1.0, flags=, reason=screen_off, autoBrightness=true
02-19 11:34:35.120  6373  7996 D CoreBackPreview: Window{22f981b u0 com.android.chrome/com.google.android.apps.chrome.Main}: Setting back callback OnBackInvokedCallbackInfo{mCallback=android.window.IOnBackInvokedCallback$Stub$Proxy@351114f, mPriority=-1}
02-19 11:34:35.297  6373  6424 I DisplayPowerController[0]: BrightnessEvent: disp=0, physDisp=local:0, brt=0.035433073, initBrt=0.035433073, rcmdBrt=NaN, preBrt=NaN, lux=0.0, fastAmbientLux=34.50402, slowAmbientLux=31.65343, preLux=0.0, hbmMax=1.0, hbmMode=off, rbcStrength=50, powerFactor=1.0, thrmMax=1.0, flags=, reason=screen_off, autoBrightness=true
02-19 11:34:35.299  6373  6424 I PowerManagerService: Dozing...
02-19 11:34:35.302  6373  6400 I DreamController: Starting dream: name=ComponentInfo{com.android.systemui/com.android.systemui.doze.DozeService}, isPreviewMode=false, canDoze=true, userId=0
02-19 11:34:35.355  6373  6424 I DisplayPowerController[0]: BrightnessEvent: disp=0, physDisp=local:0, brt=0.035433073, initBrt=0.035433073, rcmdBrt=NaN, preBrt=NaN, lux=0.0, fastAmbientLux=34.50402, slowAmbientLux=31.65343, preLux=0.0, hbmMax=1.0, hbmMode=off, rbcStrength=50, powerFactor=1.0, thrmMax=1.0, flags=, reason=screen_off, autoBrightness=true
02-19 11:34:35.418  6373  6373 D BiometricService: Sensor ID(1008), oemStrength: 255, updatedStrength: 255, modality 8, state: 0, cookie: 0, sensorId 1008, hasEnrollments: false cannot participate in Keystore operations
02-19 11:34:35.419  5885 13143 I keystore2: keystore2::authorization: on_lock_screen_event(LockScreenEvent(1), user_id=0, password.is_some()=false, unlocking_sids=Some([5643127329102521424]))
02-19 11:34:35.420  5885 13143 I keystore2: keystore2::super_key: Locking screen bound for user 0 sids [5643127329102521424]
02-19 11:34:35.442  6373  8761 D BiometricUtils: isEncrypted: false isLockdown: false
02-19 11:34:35.443  6373  6373 D BiometricScheduler/Fingerprint21: [Added] {[90] com.android.server.biometrics.sensors.fingerprint.hidl.FingerprintUpdateActiveUserClient, proto=1, owner=android, cookie=0, requestId=-1, userId=0}, new queue size: 1
02-19 11:34:35.443  6373  6373 D BiometricScheduler/Fingerprint21: [Polled] {[90] com.android.server.biometrics.sensors.fingerprint.hidl.FingerprintUpdateActiveUserClient, proto=1, owner=android, cookie=0, requestId=-1, userId=0}, State: 0
02-19 11:34:35.443  6373  6373 D BiometricScheduler/Fingerprint21: [Started] {[90] com.android.server.biometrics.sensors.fingerprint.hidl.FingerprintUpdateActiveUserClient, proto=1, owner=android, cookie=0, requestId=-1, userId=0}
02-19 11:34:35.443  6373  6373 D FingerprintUpdateActiveUserClient: Already user: com.android.server.biometrics.sensors.fingerprint.hidl.Fingerprint21$$ExternalSyntheticLambda20@ce60ac5, returning
02-19 11:34:35.443  6373  6373 D BiometricSchedulerOperation: [Finished / destroy]: {[90] com.android.server.biometrics.sensors.fingerprint.hidl.FingerprintUpdateActiveUserClient, proto=1, owner=android, cookie=0, requestId=-1, userId=0}
02-19 11:34:35.443  6373  6373 V BiometricSchedulerOperation: started: {[90] com.android.server.biometrics.sensors.fingerprint.hidl.FingerprintUpdateActiveUserClient, proto=1, owner=android, cookie=0, requestId=-1, userId=0}, State: 5
02-19 11:34:35.444  6373  6373 D BiometricScheduler/Fingerprint21: [Added] {[91] com.android.server.biometrics.sensors.fingerprint.hidl.FingerprintAuthenticationClient, proto=3, owner=com.android.systemui, cookie=0, requestId=39, userId=0}, new queue size: 1
02-19 11:34:35.444  6373  6373 V BiometricScheduler/Fingerprint21: Not idle, current operation: {[90] com.android.server.biometrics.sensors.fingerprint.hidl.FingerprintUpdateActiveUserClient, proto=1, owner=android, cookie=0, requestId=-1, userId=0}, State: 5
02-19 11:34:35.444  6373  6373 D BiometricScheduler/Fingerprint21: [Finishing] {[90] com.android.server.biometrics.sensors.fingerprint.hidl.FingerprintUpdateActiveUserClient, proto=1, owner=android, cookie=0, requestId=-1, userId=0}, success: true
02-19 11:34:35.444  6373  6373 D BiometricScheduler/Fingerprint21: [Polled] {[91] com.android.server.biometrics.sensors.fingerprint.hidl.FingerprintAuthenticationClient, proto=3, owner=com.android.systemui, cookie=0, requestId=39, userId=0}, State: 0
02-19 11:34:35.444  6373  6373 D GestureAvailabilityTracker: Notifying gesture availability, active=false
02-19 11:34:35.444  6373  6373 D BiometricScheduler/Fingerprint21: [Started] {[91] com.android.server.biometrics.sensors.fingerprint.hidl.FingerprintAuthenticationClient, proto=3, owner=com.android.systemui, cookie=0, requestId=39, userId=0}
02-19 11:34:35.444  5885 20851 E keystore2: keystore2::gc: Error trying to delete blob entry. In process_one_key: Trying to invalidate key.
02-19 11:34:35.444  5885 20851 E keystore2: 
02-19 11:34:35.444  5885 20851 E keystore2: Caused by:
02-19 11:34:35.444  5885 20851 E keystore2:     0: In invalidate key closure: Trying to invalidate key blob.
02-19 11:34:35.444  5885 20851 E keystore2:     1: Error::Km(ErrorCode(-100))
02-19 11:34:35.444  6373  6373 D BiometricStateCallback: State updated from 0 to 2, client {[91] com.android.server.biometrics.sensors.fingerprint.hidl.FingerprintAuthenticationClient, proto=3, owner=com.android.systemui, cookie=0, requestId=39, userId=0}
02-19 11:34:35.445  6373  6373 D Biometrics/AuthenticationClient: Requesting auth for com.android.systemui
02-19 11:34:35.455  6373  6373 V BiometricSchedulerOperation: started: {[91] com.android.server.biometrics.sensors.fingerprint.hidl.FingerprintAuthenticationClient, proto=3, owner=com.android.systemui, cookie=0, requestId=39, userId=0}, State: 2
02-19 11:34:35.547  6373  9352 D CoreBackPreview: Window{644ed6c u0 UdfpsControllerOverlay}: Setting back callback OnBackInvokedCallbackInfo{mCallback=android.window.IOnBackInvokedCallback$Stub$Proxy@34c6fca, mPriority=0}
02-19 11:34:50.385  6373  9352 W ProcessStats: Tracking association SourceState{8cdce5d com.android.chrome/10397 Top #95592} whose proc state 1 is better than process ProcessState{41fad2b com.google.android.gms.persistent/10359 pkg=com.google.android.gms} proc state 2 (351 skipped)
02-19 11:34:50.944  5885 20850 I keystore2: keystore2::watchdog: Watchdog thread idle -> terminating. Have a great day.
02-19 11:35:05.830  6373  7996 W ProcessStats: Tracking association SourceState{d6f63d2 com.android.chrome/10397 Top #95624} whose proc state 1 is better than process ProcessState{53eb5d7 com.google.android.gms/10359 pkg=com.google.android.gms} proc state 7 (45 skipped)
02-19 11:35:25.300  6373  6409 W ProcessStats: Tracking association SourceState{6f4b4ac com.google.android.gms/10359 Top #95639} whose proc state 1 is better than process ProcessState{41fad2b com.google.android.gms.persistent/10359 pkg=com.google.android.gms} proc state 2 (5 skipped)
02-19 11:35:45.103  6373  9352 I ActivityManager: Killing 19903:com.google.android.gms.unstable/u0a359 (adj 985): empty #17
02-19 11:36:04.090  6373  9373 W ProcessStats: Tracking association SourceState{6adecd0 com.google.android.gms/10359 Top #95662} whose proc state 1 is better than process ProcessState{41fad2b com.google.android.gms.persistent/10359 pkg=com.google.android.gms} proc state 2 (7 skipped)
02-19 11:36:04.352  6373  6373 W Looper  : Slow dispatch took 164ms main h=com.android.server.alarm.AlarmManagerService$AlarmHandler c=com.android.server.alarm.AlarmManagerService$3$$ExternalSyntheticLambda0@d4757ce m=0
02-19 11:36:24.576  6373  8967 W ProcessStats: Tracking association SourceState{6f4b4ac com.google.android.gms/10359 Top #95687} whose proc state 1 is better than process ProcessState{41fad2b com.google.android.gms.persistent/10359 pkg=com.google.android.gms} proc state 2 (19 skipped)
02-19 11:37:11.202  6373  9352 W ProcessStats: Tracking association SourceState{6f4b4ac com.google.android.gms/10359 Top #95704} whose proc state 1 is better than process ProcessState{41fad2b com.google.android.gms.persistent/10359 pkg=com.google.android.gms} proc state 2 (6 skipped)
02-19 11:37:31.120  6373  8967 W ProcessStats: Tracking association SourceState{d6f63d2 com.android.chrome/10397 Top #95718} whose proc state 1 is better than process ProcessState{53eb5d7 com.google.android.gms/10359 pkg=com.google.android.gms} proc state 7 (5 skipped)
02-19 11:38:00.101  6373  6373 W Looper  : Slow delivery took 420ms main h=com.android.server.job.controllers.QuotaController$QcHandler c=null m=6
02-19 11:38:00.128  6373  6373 W Looper  : Drained
02-19 11:38:07.126  6373  6410 W ProcessStats: Tracking association SourceState{6adecd0 com.google.android.gms/10359 Top #95733} whose proc state 1 is better than process ProcessState{41fad2b com.google.android.gms.persistent/10359 pkg=com.google.android.gms} proc state 2 (5 skipped)
02-19 11:38:10.344  6373  9352 I ContentCaptureManagerService: Data share request accepted by Content Capture service
02-19 11:38:10.509  6373  8967 I ContentCaptureManagerService: Data share request accepted by Content Capture service
02-19 11:38:10.808  6373  6373 W NotificationHistory: Attempted to add notif for locked/gone/disabled user 0
02-19 11:38:11.535  6373  6418 D KernelCpuUidUserSysTimeReader: Removing uids 90001-90001
02-19 11:38:11.536  6373  6418 D KernelCpuUidUserSysTimeReader: Removing uids 90002-90002
02-19 11:38:11.537  6373  6418 D KernelCpuUidUserSysTimeReader: Removing uids 90003-90003
02-19 11:38:11.537  6373  6418 D KernelCpuUidUserSysTimeReader: Removing uids 90004-90004
02-19 11:38:13.217  6373  6409 W ProcessCpuTracker: Failed to stat(/proc/20971): android.system.ErrnoException: stat failed: ENOENT (No such file or directory)
02-19 11:38:13.217  6373  6409 W ProcessCpuTracker: Skipping unknown process pid 20971
02-19 11:38:51.158  6373  9373 W ProcessStats: Tracking association SourceState{d6f63d2 com.android.chrome/10397 Top #95773} whose proc state 1 is better than process ProcessState{53eb5d7 com.google.android.gms/10359 pkg=com.google.android.gms} proc state 7 (39 skipped)
02-19 11:38:56.075  6373  6373 W Looper  : Slow delivery took 226ms main h=android.os.Handler c=com.android.internal.os.BinderCallsStats$1@c4bfe16 m=0
02-19 11:38:56.102  6373  6373 W Looper  : Drained
02-19 11:41:34.113  6373  6485 I PowerGroup: Waking up power group from Dozing (groupId=0, uid=1000, reason=WAKE_REASON_POWER_BUTTON, details=android.policy:POWER)...
02-19 11:41:34.113  6373  6485 I PowerManagerService: Waking up from Dozing (uid=1000, reason=WAKE_REASON_POWER_BUTTON, details=android.policy:POWER)...
02-19 11:41:34.114  6373  6373 E ActivityManager: Cancel pending or running compactions as system is awake
02-19 11:41:34.135  6373  6424 I DisplayPowerController[0]: BrightnessEvent: disp=0, physDisp=local:0, brt=0.2340059, initBrt=0.035433073, rcmdBrt=NaN, preBrt=NaN, lux=NaN, fastAmbientLux=34.50402, slowAmbientLux=31.65343, preLux=NaN, hbmMax=1.0, hbmMode=off, rbcStrength=50, powerFactor=1.0, thrmMax=1.0, flags=invalid_lux , reason=manual, autoBrightness=true
02-19 11:41:34.135  6373  6424 I DisplayPowerController[0]: BrightnessEvent: disp=0, physDisp=local:0, brt=0.2340059, initBrt=0.2340059, rcmdBrt=NaN, preBrt=NaN, lux=NaN, fastAmbientLux=34.50402, slowAmbientLux=31.65343, preLux=NaN, hbmMax=1.0, hbmMode=off, rbcStrength=50, powerFactor=1.0, thrmMax=1.0, flags=invalid_lux , reason=manual, autoBrightness=true
02-19 11:41:34.244  6373  6424 I DisplayPowerController[0]: BrightnessEvent: disp=0, physDisp=local:0, brt=0.2340059, initBrt=0.2340059, rcmdBrt=NaN, preBrt=NaN, lux=NaN, fastAmbientLux=34.50402, slowAmbientLux=31.65343, preLux=NaN, hbmMax=1.0, hbmMode=off, rbcStrength=50, powerFactor=1.0, thrmMax=1.0, flags=invalid_lux , reason=manual, autoBrightness=true
02-19 11:41:34.245  6373  6424 I DisplayPowerController[0]: BrightnessEvent: disp=0, physDisp=local:0, brt=0.2340059, initBrt=0.2340059, rcmdBrt=NaN, preBrt=NaN, lux=NaN, fastAmbientLux=34.50402, slowAmbientLux=31.65343, preLux=NaN, hbmMax=1.0, hbmMode=off, rbcStrength=50, powerFactor=1.0, thrmMax=1.0, flags=invalid_lux , reason=manual, autoBrightness=true
02-19 11:41:34.245  6373  6424 W PowerManagerService: Screen on took 253 ms
02-19 11:41:34.270  6373  6400 I DreamController: Stopping dream: name=ComponentInfo{com.android.systemui/com.android.systemui.doze.DozeService}, isPreviewMode=false, canDoze=true, userId=0, reason='finished self'(from 'requested stopDream')
02-19 11:41:34.317  6373  8967 W SoundTriggerService: error onStop(): Model 9f6ad62a-1f0b-11e7-87c5-40a8f03d3f15 has no stats available
02-19 11:41:34.323  6373  6424 I DisplayPowerController[0]: BrightnessEvent: disp=0, physDisp=local:0, brt=0.2060042, initBrt=0.2340059, rcmdBrt=0.2060042, preBrt=NaN, lux=13.0, fastAmbientLux=13.0, slowAmbientLux=13.0, preLux=NaN, hbmMax=1.0, hbmMode=off, rbcStrength=50, powerFactor=1.0, thrmMax=1.0, flags=, reason=automatic, autoBrightness=true
02-19 11:41:34.323  6373  6424 I DisplayPowerController[0]: BrightnessEvent: disp=0, physDisp=local:0, brt=0.2060042, initBrt=0.2060042, rcmdBrt=0.2060042, preBrt=NaN, lux=13.0, fastAmbientLux=13.5025, slowAmbientLux=13.5025, preLux=NaN, hbmMax=1.0, hbmMode=off, rbcStrength=50, powerFactor=1.0, thrmMax=1.0, flags=, reason=automatic, autoBrightness=true
02-19 11:41:34.324  6373  6373 I BrightnessSynchronizer: [192] New Update 0.2060042(f) set brightness values:  53(i)
02-19 11:41:34.324  6373  6373 I BrightnessSynchronizer: New PendingUpdate: {[193] 0.2060042(f), mUpdatedTypes=0, mConfirmedTypes=0, mTimeUpdated=0}, prev=null
02-19 11:41:34.324  6373  6373 I BrightnessSynchronizer: Swallowing update of 53(i) by update: {[192] 0.2060042(f), mUpdatedTypes=1, mConfirmedTypes=1, mTimeUpdated=33172084}
02-19 11:41:34.324  6373  6373 I BrightnessSynchronizer: Completed Update: {[192] 0.2060042(f), mUpdatedTypes=1, mConfirmedTypes=1, mTimeUpdated=33172084}
02-19 11:41:34.365  6373  6424 I DisplayPowerController[0]: BrightnessEvent: disp=0, physDisp=local:0, brt=0.2060042, initBrt=0.2060042, rcmdBrt=0.2060042, preBrt=NaN, lux=13.0, fastAmbientLux=13.5025, slowAmbientLux=13.5025, preLux=NaN, hbmMax=1.0, hbmMode=off, rbcStrength=50, powerFactor=1.0, thrmMax=1.0, flags=, reason=automatic, autoBrightness=true
02-19 11:41:34.525  6373  6424 I DisplayPowerController[0]: BrightnessEvent: disp=0, physDisp=local:0, brt=0.23123631, initBrt=0.2060042, rcmdBrt=0.23123631, preBrt=0.2060042, lux=19.08341, fastAmbientLux=19.08341, slowAmbientLux=19.08341, preLux=13.0, hbmMax=1.0, hbmMode=off, rbcStrength=50, powerFactor=1.0, thrmMax=1.0, flags=, reason=automatic, autoBrightness=true
02-19 11:41:34.526  6373  6424 I DisplayPowerController[0]: BrightnessEvent: disp=0, physDisp=local:0, brt=0.23123631, initBrt=0.23123631, rcmdBrt=0.23123631, preBrt=0.2060042, lux=19.08341, fastAmbientLux=19.08341, slowAmbientLux=19.08341, preLux=13.0, hbmMax=1.0, hbmMode=off, rbcStrength=50, powerFactor=1.0, thrmMax=1.0, flags=, reason=automatic, autoBrightness=true
02-19 11:41:34.527  6373  6373 I BrightnessSynchronizer: [194] New Update 0.23123631(f) set brightness values:  60(i)
02-19 11:41:34.527  6373  6373 I BrightnessSynchronizer: New PendingUpdate: {[195] 0.23123631(f), mUpdatedTypes=0, mConfirmedTypes=0, mTimeUpdated=0}, prev=null
02-19 11:41:34.528  6373  6373 I BrightnessSynchronizer: Swallowing update of 60(i) by update: {[194] 0.23123631(f), mUpdatedTypes=1, mConfirmedTypes=1, mTimeUpdated=33172288}
02-19 11:41:34.528  6373  6373 I BrightnessSynchronizer: Completed Update: {[194] 0.23123631(f), mUpdatedTypes=1, mConfirmedTypes=1, mTimeUpdated=33172288}
02-19 11:41:34.633  6373  6424 I DisplayPowerController[0]: BrightnessEvent: disp=0, physDisp=local:0, brt=0.23123631, initBrt=0.23123631, rcmdBrt=0.23123631, preBrt=0.2060042, lux=19.08341, fastAmbientLux=18.330643, slowAmbientLux=18.330643, preLux=13.0, hbmMax=1.0, hbmMode=off, rbcStrength=50, powerFactor=1.0, thrmMax=1.0, flags=, reason=automatic, autoBrightness=true
02-19 11:41:34.977  6373  6373 V ALSProbe: Enable ALS: 232360519
02-19 11:41:34.991  6373  8963 D CoreBackPreview: Window{80a1012 u0 com.android.systemui}: Setting back callback OnBackInvokedCallbackInfo{mCallback=android.window.IOnBackInvokedCallback$Stub$Proxy@d0b81e0, mPriority=0}
02-19 11:41:35.371  6373  6373 V ALSProbe: Disable ALS: 232360519
02-19 11:41:35.449  6373  8963 W WindowManager: Failed looking up window session=Session{c918ac3 7397:u0a10410} callers=com.android.server.wm.WindowManagerService.windowForClientLocked:6015 com.android.server.wm.Session.setOnBackInvokedCallbackInfo:944 android.view.IWindowSession$Stub.onTransact:1180 
02-19 11:41:35.450  6373  8963 E WindowManager: setOnBackInvokedCallback(): No window state for package:com.android.systemui
02-19 11:41:35.567  6373  6373 V ALSProbe: Enable ALS: 232360519
02-19 11:41:35.577  6373  8967 D CoreBackPreview: Window{7f38f6a u0 com.android.systemui}: Setting back callback OnBackInvokedCallbackInfo{mCallback=android.window.IOnBackInvokedCallback$Stub$Proxy@1bacf8, mPriority=0}
02-19 11:41:35.759  6373  6373 V BiometricLogger: Authentication latency: -1
02-19 11:41:35.759  6373  6373 W BiometricFrameworkStatsLogger: found a negative latency : -1
02-19 11:41:35.759  6373  6373 V Biometrics/AuthenticationClient: onAuthenticated(true), ID:1, Owner: com.android.systemui, isBP: false, listener: com.android.server.biometrics.sensors.ClientMonitorCallbackConverter@a4c65d1, requireConfirmation: false, user: 0, clientMonitor: {[91] com.android.server.biometrics.sensors.fingerprint.hidl.FingerprintAuthenticationClient, proto=3, owner=com.android.systemui, cookie=0, requestId=39, userId=0}
02-19 11:41:35.759  6373  6373 W Biometrics/AuthenticationClient: Allowing background authentication, this is allowed only for platform or test invocations
02-19 11:41:35.759  6373  6373 D BaseClientMonitor: marking operation as done: {[91] com.android.server.biometrics.sensors.fingerprint.hidl.FingerprintAuthenticationClient, proto=3, owner=com.android.systemui, cookie=0, requestId=39, userId=0}
02-19 11:41:35.759  6373  6373 D BiometricService: resetLockout from: 0, for: 1008, userId: 0
02-19 11:41:35.761  6373  6373 D Biometrics/AuthenticationClient: addAuthToken: 0
02-19 11:41:35.761  6373  6373 D BiometricStateCallback: Client finished, state updated to 0, client {[91] com.android.server.biometrics.sensors.fingerprint.hidl.FingerprintAuthenticationClient, proto=3, owner=com.android.systemui, cookie=0, requestId=39, userId=0}
02-19 11:41:35.761  6373  6373 D BiometricSchedulerOperation: [Finished / destroy]: {[91] com.android.server.biometrics.sensors.fingerprint.hidl.FingerprintAuthenticationClient, proto=3, owner=com.android.systemui, cookie=0, requestId=39, userId=0}
02-19 11:41:35.766  6373  6373 V ALSProbe: Disable ALS: 232360519
02-19 11:41:35.767  6373  8967 D ActivityTaskManager: Top Process State changed to PROCESS_STATE_TOP
02-19 11:41:35.767  6373  6373 W CustomFaceProvider: Ignoring lockout reset, no templates enrolled for user: 0
02-19 11:41:35.767  6373  6373 D BiometricScheduler/Fingerprint21: [Finishing] {[91] com.android.server.biometrics.sensors.fingerprint.hidl.FingerprintAuthenticationClient, proto=3, owner=com.android.systemui, cookie=0, requestId=39, userId=0}, success: true
02-19 11:41:35.767  6373  6373 D GestureAvailabilityTracker: Notifying gesture availability, active=true
02-19 11:41:35.767  6373  6373 D BiometricScheduler/Fingerprint21: No operations, returning to idle
02-19 11:41:35.797  6373  8761 D CoreBackPreview: Window{22f981b u0 com.android.chrome/com.google.android.apps.chrome.Main}: Setting back callback OnBackInvokedCallbackInfo{mCallback=android.window.IOnBackInvokedCallback$Stub$Proxy@fe16541, mPriority=0}
02-19 11:41:35.820  6373  6373 W Fingerprint21: onFingerDown received during client: null
02-19 11:41:35.902  6373  8761 D CoreBackPreview: Window{7f38f6a u0 com.android.systemui}: Setting back callback null
02-19 11:41:35.906  6373  8761 D CoreBackPreview: Window{644ed6c u0 UdfpsControllerOverlay}: Setting back callback null
02-19 11:41:36.226  6373  6373 D BiometricService: Sensor ID(1008), oemStrength: 255, updatedStrength: 255, modality 8, state: 0, cookie: 0, sensorId 1008, hasEnrollments: false cannot participate in Keystore operations
02-19 11:41:36.227  5885 13143 I keystore2: keystore2::authorization: on_lock_screen_event(LockScreenEvent(0), user_id=0, password.is_some()=false, unlocking_sids=Some([5643127329102521424]))
02-19 11:41:36.233  5885 13143 I keystore2: keystore2::super_key: In try_unlock_user_with_biometric: Successfully unlocked with biometric
02-19 11:41:36.240  6373  6410 W BroadcastQueue: Background execution not allowed: receiving Intent { act=android.intent.action.USER_PRESENT flg=0x24200010 } to com.android.chrome/org.chromium.chrome.browser.sharing.click_to_call.ClickToCallMessageHandler$PhoneUnlockedReceiver
02-19 11:41:36.241  6373  6410 W BroadcastQueue: Background execution not allowed: receiving Intent { act=android.intent.action.USER_PRESENT flg=0x24200010 } to com.google.android.apps.work.clouddpc/.base.receivers.UserPresentReceiver
02-19 11:41:36.241  6373  6410 W BroadcastQueue: Background execution not allowed: receiving Intent { act=android.intent.action.USER_PRESENT flg=0x24200010 } to com.google.android.gms/.auth.setup.devicesignals.LockScreenReceiver
02-19 11:41:36.241  6373  6410 W BroadcastQueue: Background execution not allowed: receiving Intent { act=android.intent.action.USER_PRESENT flg=0x24200010 } to com.google.android.gms/.chimera.GmsIntentOperationService$PersistentTrustedReceiver
02-19 11:41:40.004  6373  7820 W UriGrantsManagerService: No permission grants found for com.google.android.apps.photos
02-19 11:41:40.004  6373  7820 W UriGrantsManagerService: No permission grants found for com.google.android.apps.photos
02-19 11:41:40.226  6373  7820 W UriGrantsManagerService: No permission grants found for com.google.android.apps.photos
02-19 11:41:40.227  6373  7820 W UriGrantsManagerService: No permission grants found for com.google.android.apps.photos
02-19 11:41:40.255  6373  7820 W UriGrantsManagerService: No permission grants found for com.google.android.apps.photos
02-19 11:41:40.255  6373  7820 W UriGrantsManagerService: No permission grants found for com.google.android.apps.photos
02-19 11:41:40.389  6373  6454 W UriGrantsManagerService: No permission grants found for com.google.android.apps.photos
02-19 11:41:40.390  6373  6454 W UriGrantsManagerService: No permission grants found for com.google.android.apps.photos
02-19 11:41:40.449  6373  7808 W UriGrantsManagerService: No permission grants found for com.google.android.apps.photos
02-19 11:41:40.450  6373  7808 W UriGrantsManagerService: No permission grants found for com.google.android.apps.photos
02-19 11:41:40.464  6373  6454 W UriGrantsManagerService: No permission grants found for com.google.android.apps.photos
02-19 11:41:40.465  6373  6454 W UriGrantsManagerService: No permission grants found for com.google.android.apps.photos
02-19 11:41:40.506  6373  7808 W UriGrantsManagerService: No permission grants found for com.google.android.apps.photos
02-19 11:41:40.507  6373  7808 W UriGrantsManagerService: No permission grants found for com.google.android.apps.photos
02-19 11:41:40.535  6373  7808 W UriGrantsManagerService: No permission grants found for com.google.android.apps.photos
02-19 11:41:40.536  6373  7808 W UriGrantsManagerService: No permission grants found for com.google.android.apps.photos
02-19 11:41:40.555  6373  7808 W UriGrantsManagerService: No permission grants found for com.google.android.apps.photos
02-19 11:41:40.556  6373  7808 W UriGrantsManagerService: No permission grants found for com.google.android.apps.photos
02-19 11:41:40.610  6373  7808 W UriGrantsManagerService: No permission grants found for com.google.android.apps.photos
02-19 11:41:40.611  6373  7808 W UriGrantsManagerService: No permission grants found for com.google.android.apps.photos
02-19 11:41:40.641  6373  7808 W UriGrantsManagerService: No permission grants found for com.google.android.apps.photos
02-19 11:41:40.642  6373  7808 W UriGrantsManagerService: No permission grants found for com.google.android.apps.photos
02-19 11:41:46.727  5885 21056 I keystore2: keystore2::watchdog: Watchdog thread idle -> terminating. Have a great day.
02-19 11:41:59.768  6373  6424 I DisplayPowerController[0]: BrightnessEvent: disp=0, physDisp=local:0, brt=0.05, initBrt=0.23123631, rcmdBrt=0.23123631, preBrt=0.2060042, lux=33.32439, fastAmbientLux=32.63341, slowAmbientLux=32.82624, preLux=26.593918, hbmMax=1.0, hbmMode=off, rbcStrength=50, powerFactor=1.0, thrmMax=1.0, flags=, reason=automatic [ dim ], autoBrightness=true
02-19 11:42:00.251  6373  6424 I DisplayPowerController[0]: BrightnessEvent: disp=0, physDisp=local:0, brt=0.05, initBrt=0.05, rcmdBrt=0.23123631, preBrt=0.2060042, lux=33.32439, fastAmbientLux=31.568571, slowAmbientLux=32.452614, preLux=26.593918, hbmMax=1.0, hbmMode=off, rbcStrength=50, powerFactor=1.0, thrmMax=1.0, flags=, reason=automatic [ dim ], autoBrightness=true
02-19 11:42:05.766  6373  6424 I PowerGroup: Powering off display group due to timeout (groupId= 0, uid= 1000)...
02-19 11:42:05.766  6373  6424 I PowerManagerService: Going to sleep due to timeout (uid 1000)...
02-19 11:42:05.803  6373  6424 I DisplayPowerController[0]: BrightnessEvent: disp=0, physDisp=local:0, brt=0.23123631, initBrt=0.05, rcmdBrt=0.23123631, preBrt=0.2060042, lux=33.32439, fastAmbientLux=30.05776, slowAmbientLux=31.231277, preLux=26.593918, hbmMax=1.0, hbmMode=off, rbcStrength=50, powerFactor=1.0, thrmMax=1.0, flags=, reason=automatic, autoBrightness=true
02-19 11:42:06.226  6373  6424 I DisplayPowerController[0]: BrightnessEvent: disp=0, physDisp=local:0, brt=0.23123631, initBrt=0.23123631, rcmdBrt=0.23123631, preBrt=0.2060042, lux=33.32439, fastAmbientLux=31.739458, slowAmbientLux=31.458605, preLux=26.593918, hbmMax=1.0, hbmMode=off, rbcStrength=50, powerFactor=1.0, thrmMax=1.0, flags=, reason=automatic, autoBrightness=true
02-19 11:42:06.252  6373  6424 D ActivityTaskManager: Top Process State changed to PROCESS_STATE_TOP_SLEEPING
02-19 11:42:06.261  6373  6403 W ProcessStats: Tracking association SourceState{d6f63d2 com.android.chrome/10397 Top #96009} whose proc state 1 is better than process ProcessState{53eb5d7 com.google.android.gms/10359 pkg=com.google.android.gms} proc state 7 (72 skipped)
