02-19 11:29:30.628  6373  9348 I WindowManager: Override config changes=20000400 {1.0 234mcc10mnc [en_GB] ldltr sw411dp w411dp h804dp 560dpi nrml long hdr widecg port night finger -keyb/v/h -nav/h winConfig={ mBounds=Rect(0, 0 - 1440, 3040) mAppBounds=Rect(0, 142 - 1440, 2956) mMaxBounds=Rect(0, 0 - 1440, 3040) mDisplayRotation=ROTATION_0 mWindowingMode=fullscreen mDisplayWindowingMode=fullscreen mActivityType=undefined mAlwaysOnTop=undefined mRotation=ROTATION_0} as.10 s.571 fontWeightAdjustment=0} for displayId=0
02-19 11:29:30.633  7397  7450 V WindowManagerShell: Display changed: 0
02-19 11:29:30.638  6373  8759 D CoreBackPreview: Window{3dc7a8d u0 NavigationBar0}: Setting back callback OnBackInvokedCallbackInfo{mCallback=android.window.IOnBackInvokedCallback$Stub$Proxy@143d2cb, mPriority=0}
02-19 11:29:30.667  6373  9373 D CoreBackPreview: Window{59f2d9f u0 EdgeBackGestureHandler0}: Setting back callback OnBackInvokedCallbackInfo{mCallback=android.window.IOnBackInvokedCallback$Stub$Proxy@3572b5, mPriority=0}
02-19 11:29:30.685  6373  9348 D CoreBackPreview: Window{962501d u0 EdgeBackGestureHandler0}: Setting back callback null
02-19 11:29:32.592  6373  6403 V WindowManager: Unknown focus tokens, dropping reportFocusChanged
02-19 11:29:32.602  6373  6495 E HandwritingModeController: Cannot get requestId: Handwriting was not initialized.
02-19 11:29:33.650  6373  7449 D NotificationListeners: Removing active service ComponentInfo{com.android.launcher3/com.android.launcher3.notification.NotificationListener}
02-19 11:29:33.650  6373  9352 E BiometricService/AuthSession: Binder died, session: State: 7, cancelled: false, isCrypto: false, PreAuthInfo: BiometricRequested: true, StrengthRequested: 15, CredentialRequested: true, Eligible:{0 }, Ineligible:{ID(1008), oemStrength: 255, updatedStrength: 255, modality 8, state: 0, cookie: 0:4 }, CredentialAvailable: true, , requestId: 2
02-19 11:29:33.651  6373  9379 I ActivityManager: Process com.android.launcher3 (pid 27149) has died: fg  TOP 
02-19 11:29:33.652  6373  6373 V NotificationListeners: 0 notification listener connection lost: ComponentInfo{com.android.launcher3/com.android.launcher3.notification.NotificationListener}
02-19 11:29:33.652  6373  6397 I WindowManager: WIN DEATH: Window{3f76d94 u0 com.android.launcher3/com.android.launcher3.CustomLauncher}
02-19 11:29:33.652  6373  6373 W BiometricService: handleClientDied: AuthSession is not current
02-19 11:29:33.656  6373  8761 I WindowManager: WIN DEATH: Window{914e81c u0 com.android.launcher3/com.android.launcher3.settings.SettingsMisc}
02-19 11:29:33.660  6373  6403 V WindowManager: Unknown focus tokens, dropping reportFocusChanged
02-19 11:29:33.660  6373  9340 I WindowManager: WIN DEATH: Window{9151618 u0 com.android.launcher3/com.android.launcher3.settings.SettingsActivity}
02-19 11:29:33.666  6373  9379 W ActivityManager: Scheduling restart of crashed service com.android.launcher3/com.android.quickstep.TouchInteractionService in 1000ms for connection
02-19 11:29:33.666  6373  9379 W ActivityManager: Scheduling restart of crashed service com.android.launcher3/.notification.NotificationListener in 11000ms for connection
02-19 11:29:33.681  6373  6403 W ActivityManager: setHasOverlayUi called on unknown pid: 27149
02-19 11:29:33.687  6373  6409 W UsageStatsService: Unexpected activity event reported! (com.android.launcher3/com.android.launcher3.settings.SettingsMisc event : 23 instanceId : 36039920)
02-19 11:29:33.687  6373  6409 W UsageStatsService: Unexpected activity event reported! (com.android.launcher3/com.android.launcher3.settings.SettingsActivity event : 23 instanceId : 163371650)
02-19 11:29:33.691  6373  6411 I ActivityManager: Start proc 19020:com.android.launcher3/u0a404 for top-activity {com.android.launcher3/com.android.launcher3.CustomLauncher}
02-19 11:29:33.697  6373  9342 D CoreBackPreview: Window{8d212de u0 com.android.launcher3/com.android.launcher3.CustomLauncher}: Setting back callback null
02-19 11:29:33.968  6373  7808 D CoreBackPreview: Window{bc990be u0 com.android.launcher3/com.android.launcher3.CustomLauncher}: Setting back callback OnBackInvokedCallbackInfo{mCallback=android.window.IOnBackInvokedCallback$Stub$Proxy@ed6c06c, mPriority=0}
02-19 11:29:33.968 19020 19020 V ActivityThread: getPackageInfo() caused update to cached ApplicationInfo for package com.android.launcher3
02-19 11:29:34.055  6373  7808 D CoreBackPreview: Window{30461e u0 Taskbar}: Setting back callback OnBackInvokedCallbackInfo{mCallback=android.window.IOnBackInvokedCallback$Stub$Proxy@fc1bc1b, mPriority=0}
02-19 11:29:34.058 19020 19020 W ActivityThread: getPackageInfo() called with an older ApplicationInfo than the cached version for package com.android.launcher3
02-19 11:29:34.058  6373  6373 V NotificationListeners: 0 notification listener service connected: ComponentInfo{com.android.launcher3/com.android.launcher3.notification.NotificationListener}
02-19 11:29:34.123  6373  7808 D CoreBackPreview: Window{2e93e7 u0 com.android.launcher3/com.android.launcher3.CustomLauncher}: Setting back callback OnBackInvokedCallbackInfo{mCallback=android.window.IOnBackInvokedCallback$Stub$Proxy@d6018df, mPriority=0}
02-19 11:29:35.679  6373  6397 I ActivityTaskManager: The Process com.android.launcher3 Already Exists in BG. So sending its PID: 19020
02-19 11:29:35.679  6373  6397 W ActivityTaskManager: Tried to set launchTime (32813136) < mLastActivityLaunchTime (32822489)
02-19 11:29:35.690  6373  6397 D CoreBackPreview: Window{5bb78a u0 Splash Screen com.android.launcher3}: Setting back callback OnBackInvokedCallbackInfo{mCallback=android.window.IOnBackInvokedCallback$Stub$Proxy@f376218, mPriority=0}
02-19 11:29:35.763  6373  9379 D CoreBackPreview: Window{5c5c256 u0 com.android.launcher3/com.android.launcher3.settings.SettingsMisc}: Setting back callback OnBackInvokedCallbackInfo{mCallback=android.window.IOnBackInvokedCallback$Stub$Proxy@f4c87c4, mPriority=0}
02-19 11:29:36.216  6373  7808 D CoreBackPreview: Window{5bb78a u0 Splash Screen com.android.launcher3 EXITING}: Setting back callback null
02-19 11:29:37.668  7397  7450 D ShellBackPreview: initAnimation mMotionStarted=false
02-19 11:29:37.670  6373  9342 D CoreBackPreview: Focused window found using getFocusedWindowToken
02-19 11:29:37.670  6373  9342 D CoreBackPreview: startBackNavigation currentTask=Task{d1fcd85 #36 type=standard A=10404:com.android.launcher3}, topRunningActivity=ActivityRecord{9f73269 u0 com.android.launcher3/.settings.SettingsMisc} t36}, callbackInfo=OnBackInvokedCallbackInfo{mCallback=android.window.IOnBackInvokedCallback$Stub$Proxy@f4c87c4, mPriority=0}, currentFocus=Window{5c5c256 u0 com.android.launcher3/com.android.launcher3.settings.SettingsMisc}
02-19 11:29:37.670  7397  7450 D ShellBackPreview: Received backNavigationInfo:BackNavigationInfo{mType=TYPE_CALLBACK (4), mDepartingAnimationTarget=null, mScreenshotSurface=null, mTaskWindowConfiguration= null, mScreenshotBuffer=null, mOnBackNavigationDone=android.os.RemoteCallback@ad4541b, mOnBackInvokedCallback=android.window.IOnBackInvokedCallback$Stub$Proxy@5ea39b8}
02-19 11:29:37.696  7397  7450 D ShellBackPreview: Finishing gesture with event action: 1
02-19 11:29:37.696  7397  7450 D ShellBackPreview: onGestureFinished() mTriggerBack == false
02-19 11:29:37.696  7397  7450 D ShellBackPreview: BackAnimationController: finishAnimation()
02-19 11:29:37.696  6373  9342 D CoreBackPreview: onBackNavigationDone backType=4, task=null, prevActivity=null
02-19 11:29:37.727  6373  9346 I ActivityTaskManager: The Process com.android.launcher3 Already Exists in BG. So sending its PID: 19020
02-19 11:29:37.727  6373  9346 W ActivityTaskManager: Tried to set launchTime (32811636) < mLastActivityLaunchTime (32824458)
02-19 11:29:37.734  6373  8761 D CoreBackPreview: Window{3391789 u0 Splash Screen com.android.launcher3}: Setting back callback OnBackInvokedCallbackInfo{mCallback=android.window.IOnBackInvokedCallback$Stub$Proxy@52127af, mPriority=0}
02-19 11:29:37.748  6373  8761 D CoreBackPreview: Window{b12a345 u0 com.android.launcher3/com.android.launcher3.settings.SettingsActivity}: Setting back callback OnBackInvokedCallbackInfo{mCallback=android.window.IOnBackInvokedCallback$Stub$Proxy@628fcb, mPriority=0}
02-19 11:29:37.795  6373  6403 I ActivityManager: Killing 17901:com.google.android.projection.gearhead:projection/u0a354 (adj 995): empty #17
02-19 11:29:38.053  5885 18997 I keystore2: keystore2::watchdog: Watchdog thread idle -> terminating. Have a great day.
02-19 11:29:38.067  6373  9346 D CoreBackPreview: Window{3391789 u0 Splash Screen com.android.launcher3 EXITING}: Setting back callback null
02-19 11:29:38.240  6373  9379 D CoreBackPreview: Window{5c5c256 u0 com.android.launcher3/com.android.launcher3.settings.SettingsMisc}: Setting back callback null
02-19 11:29:38.422  7397  7450 D ShellBackPreview: initAnimation mMotionStarted=false
02-19 11:29:38.424  6373  9379 D CoreBackPreview: Focused window found using getFocusedWindowToken
02-19 11:29:38.424  6373  9379 D CoreBackPreview: startBackNavigation currentTask=Task{d1fcd85 #36 type=standard A=10404:com.android.launcher3}, topRunningActivity=ActivityRecord{288d593 u0 com.android.launcher3/.settings.SettingsActivity} t36}, callbackInfo=OnBackInvokedCallbackInfo{mCallback=android.window.IOnBackInvokedCallback$Stub$Proxy@628fcb, mPriority=0}, currentFocus=Window{b12a345 u0 com.android.launcher3/com.android.launcher3.settings.SettingsActivity}
02-19 11:29:38.425  7397  7450 D ShellBackPreview: Received backNavigationInfo:BackNavigationInfo{mType=TYPE_CALLBACK (4), mDepartingAnimationTarget=null, mScreenshotSurface=null, mTaskWindowConfiguration= null, mScreenshotBuffer=null, mOnBackNavigationDone=android.os.RemoteCallback@2c4f418, mOnBackInvokedCallback=android.window.IOnBackInvokedCallback$Stub$Proxy@2cb6e71}
02-19 11:29:38.489  7397  7450 D ShellBackPreview: Finishing gesture with event action: 1
02-19 11:29:38.490  7397  7450 D ShellBackPreview: onGestureFinished() mTriggerBack == false
02-19 11:29:38.490  7397  7450 D ShellBackPreview: BackAnimationController: finishAnimation()
02-19 11:29:38.490  6373  8761 D CoreBackPreview: onBackNavigationDone backType=4, task=null, prevActivity=null
02-19 11:29:38.502  6373  9346 I ActivityTaskManager: START u0 {act=android.settings.APPLICATION_DETAILS_SETTINGS cmp=com.android.launcher3/.settings.SettingsIcons} from uid 10404
02-19 11:29:38.514  6373  9379 I ActivityTaskManager: The Process com.android.launcher3 Already Exists in BG. So sending its PID: 19020
02-19 11:29:38.515  6373  9379 W ActivityTaskManager: Tried to set launchTime (0) < mLastActivityLaunchTime (32826507)
02-19 11:29:38.541  6373  9379 D CoreBackPreview: Window{bbb6495 u0 com.android.launcher3/com.android.launcher3.settings.SettingsIcons}: Setting back callback OnBackInvokedCallbackInfo{mCallback=android.window.IOnBackInvokedCallback$Stub$Proxy@e83f99b, mPriority=0}
02-19 11:29:39.209  7397  7450 D ShellBackPreview: initAnimation mMotionStarted=false
02-19 11:29:39.209  6373  9379 D CoreBackPreview: Focused window found using getFocusedWindowToken
02-19 11:29:39.210  6373  9379 D CoreBackPreview: startBackNavigation currentTask=Task{d1fcd85 #36 type=standard A=10404:com.android.launcher3}, topRunningActivity=ActivityRecord{19d3e20 u0 com.android.launcher3/.settings.SettingsIcons} t36}, callbackInfo=OnBackInvokedCallbackInfo{mCallback=android.window.IOnBackInvokedCallback$Stub$Proxy@e83f99b, mPriority=0}, currentFocus=Window{bbb6495 u0 com.android.launcher3/com.android.launcher3.settings.SettingsIcons}
02-19 11:29:39.210  7397  7450 D ShellBackPreview: Received backNavigationInfo:BackNavigationInfo{mType=TYPE_CALLBACK (4), mDepartingAnimationTarget=null, mScreenshotSurface=null, mTaskWindowConfiguration= null, mScreenshotBuffer=null, mOnBackNavigationDone=android.os.RemoteCallback@7305b6, mOnBackInvokedCallback=android.window.IOnBackInvokedCallback$Stub$Proxy@d7b12b7}
02-19 11:29:39.301  7397  7450 D ShellBackPreview: Finishing gesture with event action: 1
02-19 11:29:39.301  7397  7450 D ShellBackPreview: onGestureFinished() mTriggerBack == true
02-19 11:29:39.301  7397  7450 D ShellBackPreview: BackAnimationController: finishAnimation()
02-19 11:29:39.302  6373  7926 D CoreBackPreview: onBackNavigationDone backType=4, task=null, prevActivity=null
02-19 11:29:39.842  6373  6397 D CoreBackPreview: Window{bbb6495 u0 com.android.launcher3/com.android.launcher3.settings.SettingsIcons}: Setting back callback null
02-19 11:29:40.925  6373  9379 I ActivityTaskManager: START u0 {act=android.settings.ACTION_CONTENT_SUGGESTIONS_SETTINGS cmp=com.google.android.as/com.google.android.apps.miphone.aiai.echo.settings.ui.material.MaterialSettingsActivity} from uid 10404
02-19 11:29:40.945  6373  6411 I ActivityManager: Start proc 19108:com.google.android.as:nonpersistent/u0a343 for next-top-activity {com.google.android.as/com.google.android.apps.miphone.aiai.echo.settings.ui.material.MaterialSettingsActivity}
02-19 11:29:40.948  6373  9379 D CoreBackPreview: Window{352d30d u0 Splash Screen com.google.android.as}: Setting back callback OnBackInvokedCallbackInfo{mCallback=android.window.IOnBackInvokedCallback$Stub$Proxy@c0478d3, mPriority=0}
02-19 11:29:41.171  6373  7926 D CoreBackPreview: Window{af08dcc u0 com.google.android.as/com.google.android.apps.miphone.aiai.echo.settings.ui.material.MaterialSettingsActivity}: Setting back callback OnBackInvokedCallbackInfo{mCallback=android.window.IOnBackInvokedCallback$Stub$Proxy@8eaf72a, mPriority=0}
02-19 11:29:41.565  6373  9340 D CoreBackPreview: Window{352d30d u0 Splash Screen com.google.android.as EXITING}: Setting back callback null
02-19 11:30:04.917  6373  6424 I DisplayPowerController[0]: BrightnessEvent: disp=0, physDisp=local:0, brt=0.05, initBrt=0.2469253, rcmdBrt=0.2469253, preBrt=0.22393298, lux=25.0, fastAmbientLux=26.70955, slowAmbientLux=26.642801, preLux=31.43494, hbmMax=1.0, hbmMode=off, rbcStrength=50, powerFactor=1.0, thrmMax=1.0, flags=, reason=automatic [ dim ], autoBrightness=true
02-19 11:30:05.428  6373  6424 I DisplayPowerController[0]: BrightnessEvent: disp=0, physDisp=local:0, brt=0.05, initBrt=0.05, rcmdBrt=0.2469253, preBrt=0.22393298, lux=25.0, fastAmbientLux=26.726868, slowAmbientLux=26.688387, preLux=31.43494, hbmMax=1.0, hbmMode=off, rbcStrength=50, powerFactor=1.0, thrmMax=1.0, flags=, reason=automatic [ dim ], autoBrightness=true
02-19 11:30:10.915  6373  6424 I PowerGroup: Powering off display group due to timeout (groupId= 0, uid= 1000)...
02-19 11:30:10.915  6373  6424 I PowerManagerService: Going to sleep due to timeout (uid 1000)...
02-19 11:30:10.949  6373  6424 I DisplayPowerController[0]: BrightnessEvent: disp=0, physDisp=local:0, brt=0.2469253, initBrt=0.05, rcmdBrt=0.2469253, preBrt=0.22393298, lux=28.527401, fastAmbientLux=28.284103, slowAmbientLux=27.97089, preLux=25.0, hbmMax=1.0, hbmMode=off, rbcStrength=50, powerFactor=1.0, thrmMax=1.0, flags=, reason=automatic, autoBrightness=true
02-19 11:30:11.361  6373  6424 I DisplayPowerController[0]: BrightnessEvent: disp=0, physDisp=local:0, brt=0.2469253, initBrt=0.2469253, rcmdBrt=0.2469253, preBrt=0.22393298, lux=28.527401, fastAmbientLux=28.16432, slowAmbientLux=28.00516, preLux=25.0, hbmMax=1.0, hbmMode=off, rbcStrength=50, powerFactor=1.0, thrmMax=1.0, flags=, reason=automatic, autoBrightness=true
02-19 11:30:11.382  6373  6424 D ActivityTaskManager: Top Process State changed to PROCESS_STATE_TOP_SLEEPING
02-19 11:30:11.388  6373  6403 W ProcessStats: Tracking association SourceState{9a2237f com.google.android.as:nonpersistent/10343 Top #93198} whose proc state 1 is better than process ProcessState{413ff4c com.google.android.as/10343 pkg=com.google.android.as} proc state 2 (33 skipped)
02-19 11:30:11.407  6373  6424 I DisplayPowerController[0]: BrightnessEvent: disp=0, physDisp=local:0, brt=0.035433073, initBrt=0.2469253, rcmdBrt=NaN, preBrt=NaN, lux=0.0, fastAmbientLux=28.195547, slowAmbientLux=28.028713, preLux=0.0, hbmMax=1.0, hbmMode=off, rbcStrength=50, powerFactor=1.0, thrmMax=1.0, flags=, reason=screen_off, autoBrightness=true
02-19 11:30:11.407  6373  6424 I DisplayPowerController[0]: BrightnessEvent: disp=0, physDisp=local:0, brt=0.035433073, initBrt=0.035433073, rcmdBrt=NaN, preBrt=NaN, lux=0.0, fastAmbientLux=28.195547, slowAmbientLux=28.028713, preLux=0.0, hbmMax=1.0, hbmMode=off, rbcStrength=50, powerFactor=1.0, thrmMax=1.0, flags=, reason=screen_off, autoBrightness=true
02-19 11:30:11.676  6373  6424 I DisplayPowerController[0]: BrightnessEvent: disp=0, physDisp=local:0, brt=0.035433073, initBrt=0.035433073, rcmdBrt=NaN, preBrt=NaN, lux=0.0, fastAmbientLux=28.195547, slowAmbientLux=28.028713, preLux=0.0, hbmMax=1.0, hbmMode=off, rbcStrength=50, powerFactor=1.0, thrmMax=1.0, flags=, reason=screen_off, autoBrightness=true
02-19 11:30:11.678  6373  6424 I PowerManagerService: Dozing...
02-19 11:30:11.679  6373  6400 I DreamController: Starting dream: name=ComponentInfo{com.android.systemui/com.android.systemui.doze.DozeService}, isPreviewMode=false, canDoze=true, userId=0
02-19 11:30:11.787  6373  6424 I DisplayPowerController[0]: BrightnessEvent: disp=0, physDisp=local:0, brt=0.035433073, initBrt=0.035433073, rcmdBrt=NaN, preBrt=NaN, lux=0.0, fastAmbientLux=28.195547, slowAmbientLux=28.028713, preLux=0.0, hbmMax=1.0, hbmMode=off, rbcStrength=50, powerFactor=1.0, thrmMax=1.0, flags=, reason=screen_off, autoBrightness=true
02-19 11:30:11.976  6373  6373 D BiometricService: Sensor ID(1008), oemStrength: 255, updatedStrength: 255, modality 8, state: 0, cookie: 0, sensorId 1008, hasEnrollments: false cannot participate in Keystore operations
02-19 11:30:11.978  5885 13143 I keystore2: keystore2::authorization: on_lock_screen_event(LockScreenEvent(1), user_id=0, password.is_some()=false, unlocking_sids=Some([5643127329102521424]))
02-19 11:30:11.978  5885 13143 I keystore2: keystore2::super_key: Locking screen bound for user 0 sids [5643127329102521424]
02-19 11:30:11.980  6373  9376 D BiometricUtils: isEncrypted: false isLockdown: false
02-19 11:30:11.999  6373  6373 D BiometricScheduler/Fingerprint21: [Added] {[86] com.android.server.biometrics.sensors.fingerprint.hidl.FingerprintUpdateActiveUserClient, proto=1, owner=android, cookie=0, requestId=-1, userId=0}, new queue size: 1
02-19 11:30:11.999  6373  6373 D BiometricScheduler/Fingerprint21: [Polled] {[86] com.android.server.biometrics.sensors.fingerprint.hidl.FingerprintUpdateActiveUserClient, proto=1, owner=android, cookie=0, requestId=-1, userId=0}, State: 0
02-19 11:30:11.999  6373  6373 D BiometricScheduler/Fingerprint21: [Started] {[86] com.android.server.biometrics.sensors.fingerprint.hidl.FingerprintUpdateActiveUserClient, proto=1, owner=android, cookie=0, requestId=-1, userId=0}
02-19 11:30:11.999  6373  6373 D FingerprintUpdateActiveUserClient: Already user: com.android.server.biometrics.sensors.fingerprint.hidl.Fingerprint21$$ExternalSyntheticLambda20@e822ee4, returning
02-19 11:30:11.999  6373  6373 D BiometricSchedulerOperation: [Finished / destroy]: {[86] com.android.server.biometrics.sensors.fingerprint.hidl.FingerprintUpdateActiveUserClient, proto=1, owner=android, cookie=0, requestId=-1, userId=0}
02-19 11:30:11.999  6373  6373 V BiometricSchedulerOperation: started: {[86] com.android.server.biometrics.sensors.fingerprint.hidl.FingerprintUpdateActiveUserClient, proto=1, owner=android, cookie=0, requestId=-1, userId=0}, State: 5
02-19 11:30:12.000  6373  6373 D BiometricScheduler/Fingerprint21: [Added] {[87] com.android.server.biometrics.sensors.fingerprint.hidl.FingerprintAuthenticationClient, proto=3, owner=com.android.systemui, cookie=0, requestId=37, userId=0}, new queue size: 1
02-19 11:30:12.000  6373  6373 V BiometricScheduler/Fingerprint21: Not idle, current operation: {[86] com.android.server.biometrics.sensors.fingerprint.hidl.FingerprintUpdateActiveUserClient, proto=1, owner=android, cookie=0, requestId=-1, userId=0}, State: 5
02-19 11:30:12.001  6373  6373 D BiometricScheduler/Fingerprint21: [Finishing] {[86] com.android.server.biometrics.sensors.fingerprint.hidl.FingerprintUpdateActiveUserClient, proto=1, owner=android, cookie=0, requestId=-1, userId=0}, success: true
02-19 11:30:12.002  6373  6373 D BiometricScheduler/Fingerprint21: [Polled] {[87] com.android.server.biometrics.sensors.fingerprint.hidl.FingerprintAuthenticationClient, proto=3, owner=com.android.systemui, cookie=0, requestId=37, userId=0}, State: 0
02-19 11:30:12.002  6373  6373 D GestureAvailabilityTracker: Notifying gesture availability, active=false
02-19 11:30:12.004  6373  6373 D BiometricScheduler/Fingerprint21: [Started] {[87] com.android.server.biometrics.sensors.fingerprint.hidl.FingerprintAuthenticationClient, proto=3, owner=com.android.systemui, cookie=0, requestId=37, userId=0}
02-19 11:30:12.004  6373  6373 D BiometricStateCallback: State updated from 0 to 2, client {[87] com.android.server.biometrics.sensors.fingerprint.hidl.FingerprintAuthenticationClient, proto=3, owner=com.android.systemui, cookie=0, requestId=37, userId=0}
02-19 11:30:12.004  6373  6373 D Biometrics/AuthenticationClient: Requesting auth for com.android.systemui
02-19 11:30:12.006  5885 19226 E keystore2: keystore2::gc: Error trying to delete blob entry. In process_one_key: Trying to invalidate key.
02-19 11:30:12.006  5885 19226 E keystore2: 
02-19 11:30:12.006  5885 19226 E keystore2: Caused by:
02-19 11:30:12.006  5885 19226 E keystore2:     0: In invalidate key closure: Trying to invalidate key blob.
02-19 11:30:12.006  5885 19226 E keystore2:     1: Error::Km(ErrorCode(-100))
02-19 11:30:12.017  6373  6373 V BiometricSchedulerOperation: started: {[87] com.android.server.biometrics.sensors.fingerprint.hidl.FingerprintAuthenticationClient, proto=3, owner=com.android.systemui, cookie=0, requestId=37, userId=0}, State: 2
02-19 11:30:12.119  6373  9379 D CoreBackPreview: Window{edfb281 u0 UdfpsControllerOverlay}: Setting back callback OnBackInvokedCallbackInfo{mCallback=android.window.IOnBackInvokedCallback$Stub$Proxy@69fe767, mPriority=0}
02-19 11:30:47.124  6373  6485 I PowerGroup: Waking up power group from Dozing (groupId=0, uid=1000, reason=WAKE_REASON_POWER_BUTTON, details=android.policy:POWER)...
02-19 11:30:47.124  6373  6485 I PowerManagerService: Waking up from Dozing (uid=1000, reason=WAKE_REASON_POWER_BUTTON, details=android.policy:POWER)...
02-19 11:30:47.127  6373  6373 E ActivityManager: Cancel pending or running compactions as system is awake
02-19 11:30:47.139  6373  6373 I FingerprintManager: onPowerPressed
02-19 11:30:47.139  6373  6373 D WindowManager: powerPress: eventTime=32863807 interactive=false count=1 beganFromNonInteractive=true mShortPressOnPowerBehavior=1
02-19 11:30:47.139  6373  6373 E Fingerprint21: onPowerPressed not supported for HIDL clients
02-19 11:30:47.150  6373  6424 I DisplayPowerController[0]: BrightnessEvent: disp=0, physDisp=local:0, brt=0.2469253, initBrt=0.035433073, rcmdBrt=NaN, preBrt=NaN, lux=NaN, fastAmbientLux=28.195547, slowAmbientLux=28.028713, preLux=NaN, hbmMax=1.0, hbmMode=off, rbcStrength=50, powerFactor=1.0, thrmMax=1.0, flags=invalid_lux , reason=manual, autoBrightness=true
02-19 11:30:47.151  6373  6424 I DisplayPowerController[0]: BrightnessEvent: disp=0, physDisp=local:0, brt=0.2469253, initBrt=0.2469253, rcmdBrt=NaN, preBrt=NaN, lux=NaN, fastAmbientLux=28.195547, slowAmbientLux=28.028713, preLux=NaN, hbmMax=1.0, hbmMode=off, rbcStrength=50, powerFactor=1.0, thrmMax=1.0, flags=invalid_lux , reason=manual, autoBrightness=true
02-19 11:30:47.295  6373  6400 I DreamController: Stopping dream: name=ComponentInfo{com.android.systemui/com.android.systemui.doze.DozeService}, isPreviewMode=false, canDoze=true, userId=0, reason='finished self'(from 'requested stopDream')
02-19 11:30:47.296  6373  6424 I DisplayPowerController[0]: BrightnessEvent: disp=0, physDisp=local:0, brt=0.2469253, initBrt=0.2469253, rcmdBrt=NaN, preBrt=NaN, lux=NaN, fastAmbientLux=28.195547, slowAmbientLux=28.028713, preLux=NaN, hbmMax=1.0, hbmMode=off, rbcStrength=50, powerFactor=1.0, thrmMax=1.0, flags=invalid_lux , reason=manual, autoBrightness=true
02-19 11:30:47.296  6373  6424 I DisplayPowerController[0]: BrightnessEvent: disp=0, physDisp=local:0, brt=0.2469253, initBrt=0.2469253, rcmdBrt=NaN, preBrt=NaN, lux=NaN, fastAmbientLux=28.195547, slowAmbientLux=28.028713, preLux=NaN, hbmMax=1.0, hbmMode=off, rbcStrength=50, powerFactor=1.0, thrmMax=1.0, flags=invalid_lux , reason=manual, autoBrightness=true
02-19 11:30:47.296  6373  6424 W PowerManagerService: Screen on took 304 ms
02-19 11:30:47.341  6373  6424 I DisplayPowerController[0]: BrightnessEvent: disp=0, physDisp=local:0, brt=0.2474941, initBrt=0.2469253, rcmdBrt=0.2474941, preBrt=NaN, lux=28.0, fastAmbientLux=28.0, slowAmbientLux=28.0, preLux=NaN, hbmMax=1.0, hbmMode=off, rbcStrength=50, powerFactor=1.0, thrmMax=1.0, flags=, reason=automatic, autoBrightness=true
02-19 11:30:47.341  6373  6424 I DisplayPowerController[0]: BrightnessEvent: disp=0, physDisp=local:0, brt=0.2474941, initBrt=0.2474941, rcmdBrt=0.2474941, preBrt=NaN, lux=28.0, fastAmbientLux=28.0, slowAmbientLux=28.0, preLux=NaN, hbmMax=1.0, hbmMode=off, rbcStrength=50, powerFactor=1.0, thrmMax=1.0, flags=, reason=automatic, autoBrightness=true
02-19 11:30:47.346  6373  6424 I DisplayPowerController[0]: BrightnessEvent: disp=0, physDisp=local:0, brt=0.2474941, initBrt=0.2474941, rcmdBrt=0.2474941, preBrt=NaN, lux=28.0, fastAmbientLux=28.0, slowAmbientLux=28.0, preLux=NaN, hbmMax=1.0, hbmMode=off, rbcStrength=50, powerFactor=1.0, thrmMax=1.0, flags=, reason=automatic, autoBrightness=true
02-19 11:30:47.372  6373  9373 W SoundTriggerService: error onStop(): Model 9f6ad62a-1f0b-11e7-87c5-40a8f03d3f15 has no stats available
02-19 11:30:47.795  6373  6373 V ALSProbe: Enable ALS: 130335206
02-19 11:30:47.804  6373  6397 D CoreBackPreview: Window{d4277d u0 com.android.systemui}: Setting back callback OnBackInvokedCallbackInfo{mCallback=android.window.IOnBackInvokedCallback$Stub$Proxy@1bb7ac3, mPriority=0}
02-19 11:30:47.985  6373  6373 V BiometricLogger: Authentication latency: -1
02-19 11:30:47.985  6373  6373 W BiometricFrameworkStatsLogger: found a negative latency : -1
02-19 11:30:47.985  6373  6373 V Biometrics/AuthenticationClient: onAuthenticated(true), ID:1, Owner: com.android.systemui, isBP: false, listener: com.android.server.biometrics.sensors.ClientMonitorCallbackConverter@20cdf40, requireConfirmation: false, user: 0, clientMonitor: {[87] com.android.server.biometrics.sensors.fingerprint.hidl.FingerprintAuthenticationClient, proto=3, owner=com.android.systemui, cookie=0, requestId=37, userId=0}
02-19 11:30:47.985  6373  6373 W Biometrics/AuthenticationClient: Allowing background authentication, this is allowed only for platform or test invocations
02-19 11:30:47.985  6373  6373 D BaseClientMonitor: marking operation as done: {[87] com.android.server.biometrics.sensors.fingerprint.hidl.FingerprintAuthenticationClient, proto=3, owner=com.android.systemui, cookie=0, requestId=37, userId=0}
02-19 11:30:47.985  6373  6373 D BiometricService: resetLockout from: 0, for: 1008, userId: 0
02-19 11:30:47.987  6373  6373 D Biometrics/AuthenticationClient: addAuthToken: 0
02-19 11:30:47.987  6373  6373 D BiometricStateCallback: Client finished, state updated to 0, client {[87] com.android.server.biometrics.sensors.fingerprint.hidl.FingerprintAuthenticationClient, proto=3, owner=com.android.systemui, cookie=0, requestId=37, userId=0}
02-19 11:30:47.987  6373  6373 D BiometricSchedulerOperation: [Finished / destroy]: {[87] com.android.server.biometrics.sensors.fingerprint.hidl.FingerprintAuthenticationClient, proto=3, owner=com.android.systemui, cookie=0, requestId=37, userId=0}
02-19 11:30:47.992  6373  6373 V ALSProbe: Disable ALS: 130335206
02-19 11:30:47.992  6373  6373 W CustomFaceProvider: Ignoring lockout reset, no templates enrolled for user: 0
02-19 11:30:47.992  6373  6373 D BiometricScheduler/Fingerprint21: [Finishing] {[87] com.android.server.biometrics.sensors.fingerprint.hidl.FingerprintAuthenticationClient, proto=3, owner=com.android.systemui, cookie=0, requestId=37, userId=0}, success: true
02-19 11:30:47.992  6373  6373 D GestureAvailabilityTracker: Notifying gesture availability, active=true
02-19 11:30:47.992  6373  6373 D BiometricScheduler/Fingerprint21: No operations, returning to idle
02-19 11:30:47.992  6373  6373 D BiometricService: Sensor ID(1008), oemStrength: 255, updatedStrength: 255, modality 8, state: 0, cookie: 0, sensorId 1008, hasEnrollments: false cannot participate in Keystore operations
02-19 11:30:47.993  5885 13143 I keystore2: keystore2::authorization: on_lock_screen_event(LockScreenEvent(0), user_id=0, password.is_some()=false, unlocking_sids=Some([5643127329102521424]))
02-19 11:30:47.994  6373  9373 D ActivityTaskManager: Top Process State changed to PROCESS_STATE_TOP
02-19 11:30:48.004  5885 13143 I keystore2: keystore2::super_key: In try_unlock_user_with_biometric: Successfully unlocked with biometric
02-19 11:30:48.055  6373  6373 W Fingerprint21: onFingerDown received during client: null
02-19 11:30:48.156  6373  9342 D CoreBackPreview: Window{d4277d u0 com.android.systemui}: Setting back callback null
02-19 11:30:48.160  6373  9342 D CoreBackPreview: Window{edfb281 u0 UdfpsControllerOverlay}: Setting back callback null
02-19 11:30:48.494  6373  6410 W BroadcastQueue: Background execution not allowed: receiving Intent { act=android.intent.action.USER_PRESENT flg=0x24200010 } to com.android.chrome/org.chromium.chrome.browser.sharing.click_to_call.ClickToCallMessageHandler$PhoneUnlockedReceiver
02-19 11:30:48.494  6373  6410 W BroadcastQueue: Background execution not allowed: receiving Intent { act=android.intent.action.USER_PRESENT flg=0x24200010 } to com.google.android.apps.work.clouddpc/.base.receivers.UserPresentReceiver
02-19 11:30:48.495  6373  6410 W BroadcastQueue: Background execution not allowed: receiving Intent { act=android.intent.action.USER_PRESENT flg=0x24200010 } to com.google.android.gms/.auth.setup.devicesignals.LockScreenReceiver
02-19 11:30:48.495  6373  6410 W BroadcastQueue: Background execution not allowed: receiving Intent { act=android.intent.action.USER_PRESENT flg=0x24200010 } to com.google.android.gms/.chimera.GmsIntentOperationService$PersistentTrustedReceiver
02-19 11:30:49.184  6373  6495 E HandwritingModeController: Cannot get requestId: Handwriting was not initialized.
02-19 11:30:49.202  6373  6403 V WindowManager: Unknown focus tokens, dropping reportFocusChanged
02-19 11:30:49.890  6373  6403 V WindowManager: Unknown focus tokens, dropping reportFocusChanged
02-19 11:30:50.364  6373  7808 I ActivityTaskManager: START u0 {act=android.intent.action.MAIN cat=[android.intent.category.LAUNCHER] flg=0x10200000 pkg=org.lineageos.aperture cmp=org.lineageos.aperture/.CameraLauncher bnds=[1014,2663][1210,2884]} from uid 10404
02-19 11:30:50.370  6373  7808 I ActivityTaskManager: Launching r: ActivityRecord{8250f31 u0 org.lineageos.aperture/.CameraLauncher} from background: ActivityRecord{7d42b61 u0 com.android.launcher3/.CustomLauncher} t6}. New task: false
02-19 11:30:50.401  6373  9373 I WindowManager: finishDrawing of relaunch: Window{534cb97 u0 SnapshotStartingWindow for taskId=32} 9ms
02-19 11:30:50.449  6373  9376 D CoreBackPreview: Window{5ffe821 u0 org.lineageos.aperture/org.lineageos.aperture.CameraLauncher}: Setting back callback null
02-19 11:30:50.546  6373  9373 D CoreBackPreview: Window{1d9417f u0 org.lineageos.aperture/org.lineageos.aperture.CameraLauncher}: Setting back callback OnBackInvokedCallbackInfo{mCallback=android.window.IOnBackInvokedCallback$Stub$Proxy@9d5fa11, mPriority=0}
02-19 11:30:50.564  6373  9373 W WindowManager: Failed looking up window session=Session{5a91aca 14663:u0a10378} callers=com.android.server.wm.WindowManagerService.windowForClientLocked:6015 com.android.server.wm.Session.updateRequestedVisibilities:701 android.view.IWindowSession$Stub.onTransact:1075 
02-19 11:30:50.566  6373  7449 D CoreBackPreview: Window{5cfe177 u0 org.lineageos.aperture/org.lineageos.aperture.CameraLauncher}: Setting back callback OnBackInvokedCallbackInfo{mCallback=android.window.IOnBackInvokedCallback$Stub$Proxy@f0f264d, mPriority=0}
02-19 11:30:50.690  6373  9373 D CoreBackPreview: Window{7a61996 u0 org.lineageos.aperture/org.lineageos.aperture.CameraLauncher EXITING}: Setting back callback null
02-19 11:30:50.726  6373  9373 V CameraService_proxy: The activity is N or above and claims to support resizeable-activity. Crop-rotate-scale is disabled.
02-19 11:30:55.584  6373  9373 I ActivityManager: Killing 18033:com.google.android.apps.gcs/u0a339 (adj 985): empty #17
02-19 11:30:56.418  6373  9373 D WindowManager: perform drag: win=android.view.IWindow$Stub$Proxy@6d24510 surface=Surface(name=drag surface)/@0x2f27809 flags=b00 data=ClipData { application/vnd.android.activity hasLabel(6) {I:(has extras)} }
02-19 11:30:56.418  6373  9373 D WindowManager: registering drag input channel
02-19 11:30:56.438  6373  9373 D WindowManager: broadcasting DRAG_STARTED at (921.0, 2856.0)
02-19 11:30:56.438  6373  6403 W WindowManager: Unexpected ACTION_DOWN in drag layer
02-19 11:30:56.439  7397  7450 V WindowManagerShell: Drag event: action=ACTION_DRAG_STARTED x=921.000000 y=2856.000000 xOffset=0.000000 yOffset=0.000000
02-19 11:30:56.441  7397  7450 V WindowManagerShell: Clip description: handlingDrag=true itemCount=1 mimeTypes=application/vnd.android.activity
02-19 11:30:56.447  6373  6404 D WindowManager: need to send DRAG_STARTED to new window Window{8ebe863 u0 ScreenDecorOverlay}
02-19 11:30:56.448  6373  6404 D WindowManager: need to send DRAG_STARTED to new window Window{3dc7a8d u0 NavigationBar0}
02-19 11:30:56.448  6373  6404 D WindowManager: need to send DRAG_STARTED to new window Window{1d9417f u0 org.lineageos.aperture/org.lineageos.aperture.CameraLauncher}
02-19 11:30:56.448  6373  6404 D WindowManager: need to send DRAG_STARTED to new window Window{5cfe177 u0 org.lineageos.aperture/org.lineageos.aperture.CameraLauncher}
02-19 11:30:56.450  6373  6404 D WindowManager: need to send DRAG_STARTED to new window Window{8ebe863 u0 ScreenDecorOverlay}
02-19 11:30:56.450  6373  6404 D WindowManager: need to send DRAG_STARTED to new window Window{3dc7a8d u0 NavigationBar0}
02-19 11:30:56.451  6373  6404 D WindowManager: need to send DRAG_STARTED to new window Window{1d9417f u0 org.lineageos.aperture/org.lineageos.aperture.CameraLauncher}
02-19 11:30:56.451  6373  6404 D WindowManager: need to send DRAG_STARTED to new window Window{5cfe177 u0 org.lineageos.aperture/org.lineageos.aperture.CameraLauncher}
02-19 11:30:56.452  7397  7450 V WindowManagerShell: Set drop target window visibility: displayId=0 visibility=0
02-19 11:30:56.454  6373  7996 D WindowManager: Drag into new candidate view @ android.os.BinderProxy@a947ea0
02-19 11:30:56.454  6373  6404 D WindowManager: need to send DRAG_STARTED to new window Window{8ebe863 u0 ScreenDecorOverlay}
02-19 11:30:56.454  6373  6404 D WindowManager: need to send DRAG_STARTED to new window Window{3dc7a8d u0 NavigationBar0}
02-19 11:30:56.454  6373  6404 D WindowManager: need to send DRAG_STARTED to new window Window{1d9417f u0 org.lineageos.aperture/org.lineageos.aperture.CameraLauncher}
02-19 11:30:56.455  6373  6404 D WindowManager: need to send DRAG_STARTED to new window Window{5cfe177 u0 org.lineageos.aperture/org.lineageos.aperture.CameraLauncher}
02-19 11:30:56.460  6373  6404 D WindowManager: need to send DRAG_STARTED to new window Window{8ebe863 u0 ScreenDecorOverlay}
02-19 11:30:56.460  6373  6404 D WindowManager: need to send DRAG_STARTED to new window Window{3dc7a8d u0 NavigationBar0}
02-19 11:30:56.460  6373  6404 D WindowManager: need to send DRAG_STARTED to new window Window{1d9417f u0 org.lineageos.aperture/org.lineageos.aperture.CameraLauncher}
02-19 11:30:56.460  6373  6404 D WindowManager: need to send DRAG_STARTED to new window Window{5cfe177 u0 org.lineageos.aperture/org.lineageos.aperture.CameraLauncher}
02-19 11:30:56.502  6373  6404 D WindowManager: need to send DRAG_STARTED to new window Window{8ebe863 u0 ScreenDecorOverlay}
02-19 11:30:56.502  6373  6404 D WindowManager: need to send DRAG_STARTED to new window Window{3dc7a8d u0 NavigationBar0}
02-19 11:30:56.503  6373  6404 D WindowManager: need to send DRAG_STARTED to new window Window{1d9417f u0 org.lineageos.aperture/org.lineageos.aperture.CameraLauncher}
02-19 11:30:56.503  6373  6404 D WindowManager: need to send DRAG_STARTED to new window Window{5cfe177 u0 org.lineageos.aperture/org.lineageos.aperture.CameraLauncher}
02-19 11:30:56.504  6373  6404 D WindowManager: need to send DRAG_STARTED to new window Window{8ebe863 u0 ScreenDecorOverlay}
02-19 11:30:56.504  6373  6404 D WindowManager: need to send DRAG_STARTED to new window Window{3dc7a8d u0 NavigationBar0}
02-19 11:30:56.504  6373  6404 D WindowManager: need to send DRAG_STARTED to new window Window{1d9417f u0 org.lineageos.aperture/org.lineageos.aperture.CameraLauncher}
02-19 11:30:56.504  6373  6404 D WindowManager: need to send DRAG_STARTED to new window Window{5cfe177 u0 org.lineageos.aperture/org.lineageos.aperture.CameraLauncher}
02-19 11:30:56.506  6373  6404 D WindowManager: need to send DRAG_STARTED to new window Window{8ebe863 u0 ScreenDecorOverlay}
02-19 11:30:56.506  6373  6404 D WindowManager: need to send DRAG_STARTED to new window Window{3dc7a8d u0 NavigationBar0}
02-19 11:30:56.506  6373  6404 D WindowManager: need to send DRAG_STARTED to new window Window{1d9417f u0 org.lineageos.aperture/org.lineageos.aperture.CameraLauncher}
02-19 11:30:56.506  6373  6404 D WindowManager: need to send DRAG_STARTED to new window Window{5cfe177 u0 org.lineageos.aperture/org.lineageos.aperture.CameraLauncher}
02-19 11:30:56.519  7397  7450 V WindowManagerShell: Drag event: action=ACTION_DRAG_ENTERED x=0.000000 y=0.000000 xOffset=0.000000 yOffset=0.000000
02-19 11:30:56.521  7397  7450 V WindowManagerShell: Add target: Target {hit=Rect(0, 142 - 1440, 1486) draw=Rect(0, 142 - 1440, 1503)}
02-19 11:30:56.521  7397  7450 V WindowManagerShell: Add target: Target {hit=Rect(0, 1486 - 1440, 2830) draw=Rect(0, 1538 - 1440, 2830)}
02-19 11:30:56.521  7397  7450 V WindowManagerShell: Drag event: action=ACTION_DRAG_LOCATION x=1050.000000 y=2656.000000 xOffset=0.000000 yOffset=0.000000
02-19 11:30:56.521  7397  7450 V WindowManagerShell: Current target: Target {hit=Rect(0, 1486 - 1440, 2830) draw=Rect(56, 1594 - 1384, 2774)}
02-19 11:30:56.524  6373  9340 D WindowManager: Drag into new candidate view @ android.os.BinderProxy@d276d3e
02-19 11:30:56.541  7397  7450 V WindowManagerShell: Drag event: action=ACTION_DRAG_LOCATION x=1066.000000 y=2635.000000 xOffset=0.000000 yOffset=0.000000
02-19 11:30:56.544  7397  7450 V WindowManagerShell: Drag event: action=ACTION_DRAG_LOCATION x=1073.000000 y=2628.000000 xOffset=0.000000 yOffset=0.000000
02-19 11:30:56.553  7397  7450 V WindowManagerShell: Drag event: action=ACTION_DRAG_LOCATION x=1078.000000 y=2621.000000 xOffset=0.000000 yOffset=0.000000
02-19 11:30:56.560  7397  7450 V WindowManagerShell: Drag event: action=ACTION_DRAG_LOCATION x=1083.000000 y=2616.000000 xOffset=0.000000 yOffset=0.000000
02-19 11:30:56.569  7397  7450 V WindowManagerShell: Drag event: action=ACTION_DRAG_LOCATION x=1087.000000 y=2611.000000 xOffset=0.000000 yOffset=0.000000
02-19 11:30:56.579  7397  7450 V WindowManagerShell: Drag event: action=ACTION_DRAG_LOCATION x=1091.000000 y=2607.000000 xOffset=0.000000 yOffset=0.000000
02-19 11:30:56.586  7397  7450 V WindowManagerShell: Drag event: action=ACTION_DRAG_LOCATION x=1095.000000 y=2603.000000 xOffset=0.000000 yOffset=0.000000
02-19 11:30:56.604  7397  7450 V WindowManagerShell: Drag event: action=ACTION_DRAG_LOCATION x=1102.000000 y=2596.000000 xOffset=0.000000 yOffset=0.000000
02-19 11:30:56.621  7397  7450 V WindowManagerShell: Drag event: action=ACTION_DRAG_LOCATION x=1110.000000 y=2590.000000 xOffset=0.000000 yOffset=0.000000
02-19 11:30:56.639  7397  7450 V WindowManagerShell: Drag event: action=ACTION_DRAG_LOCATION x=1119.000000 y=2583.000000 xOffset=0.000000 yOffset=0.000000
02-19 11:30:56.651  7397  7450 V WindowManagerShell: Drag event: action=ACTION_DRAG_LOCATION x=1122.000000 y=2580.000000 xOffset=0.000000 yOffset=0.000000
02-19 11:30:56.653  7397  7450 V WindowManagerShell: Drag event: action=ACTION_DRAG_LOCATION x=1126.000000 y=2577.000000 xOffset=0.000000 yOffset=0.000000
02-19 11:30:56.672  7397  7450 V WindowManagerShell: Drag event: action=ACTION_DRAG_LOCATION x=1132.000000 y=2572.000000 xOffset=0.000000 yOffset=0.000000
02-19 11:30:56.678  7397  7450 V WindowManagerShell: Drag event: action=ACTION_DRAG_LOCATION x=1135.000000 y=2570.000000 xOffset=0.000000 yOffset=0.000000
02-19 11:30:56.686  7397  7450 V WindowManagerShell: Drag event: action=ACTION_DRAG_LOCATION x=1138.000000 y=2569.000000 xOffset=0.000000 yOffset=0.000000
02-19 11:30:56.694  7397  7450 V WindowManagerShell: Drag event: action=ACTION_DRAG_LOCATION x=1141.000000 y=2567.000000 xOffset=0.000000 yOffset=0.000000
02-19 11:30:56.703  7397  7450 V WindowManagerShell: Drag event: action=ACTION_DRAG_LOCATION x=1143.000000 y=2565.000000 xOffset=0.000000 yOffset=0.000000
02-19 11:30:56.717  7397  7450 V WindowManagerShell: Drag event: action=ACTION_DRAG_LOCATION x=1145.000000 y=2564.000000 xOffset=0.000000 yOffset=0.000000
02-19 11:30:56.719  7397  7450 V WindowManagerShell: Drag event: action=ACTION_DRAG_LOCATION x=1146.000000 y=2562.000000 xOffset=0.000000 yOffset=0.000000
02-19 11:30:56.728  7397  7450 V WindowManagerShell: Drag event: action=ACTION_DRAG_LOCATION x=1148.000000 y=2562.000000 xOffset=0.000000 yOffset=0.000000
02-19 11:30:56.730  6373  6404 D WindowManager: need to send DRAG_STARTED to new window Window{8ebe863 u0 ScreenDecorOverlay}
02-19 11:30:56.731  6373  6404 D WindowManager: need to send DRAG_STARTED to new window Window{3dc7a8d u0 NavigationBar0}
02-19 11:30:56.731  6373  6404 D WindowManager: need to send DRAG_STARTED to new window Window{1d9417f u0 org.lineageos.aperture/org.lineageos.aperture.CameraLauncher}
02-19 11:30:56.731  6373  6404 D WindowManager: need to send DRAG_STARTED to new window Window{5cfe177 u0 org.lineageos.aperture/org.lineageos.aperture.CameraLauncher}
02-19 11:30:56.736  7397  7450 V WindowManagerShell: Drag event: action=ACTION_DRAG_LOCATION x=1148.000000 y=2562.000000 xOffset=0.000000 yOffset=0.000000
02-19 11:30:56.738  6373  6404 D WindowManager: need to send DRAG_STARTED to new window Window{8ebe863 u0 ScreenDecorOverlay}
02-19 11:30:56.738  6373  6404 D WindowManager: need to send DRAG_STARTED to new window Window{3dc7a8d u0 NavigationBar0}
02-19 11:30:56.739  6373  6404 D WindowManager: need to send DRAG_STARTED to new window Window{1d9417f u0 org.lineageos.aperture/org.lineageos.aperture.CameraLauncher}
02-19 11:30:56.739  6373  6404 D WindowManager: need to send DRAG_STARTED to new window Window{5cfe177 u0 org.lineageos.aperture/org.lineageos.aperture.CameraLauncher}
02-19 11:30:56.753  7397  7450 V WindowManagerShell: Drag event: action=ACTION_DRAG_LOCATION x=1150.000000 y=2559.000000 xOffset=0.000000 yOffset=0.000000
02-19 11:30:56.753  6373  6404 D WindowManager: need to send DRAG_STARTED to new window Window{8ebe863 u0 ScreenDecorOverlay}
02-19 11:30:56.753  6373  6404 D WindowManager: need to send DRAG_STARTED to new window Window{3dc7a8d u0 NavigationBar0}
02-19 11:30:56.753  6373  6404 D WindowManager: need to send DRAG_STARTED to new window Window{1d9417f u0 org.lineageos.aperture/org.lineageos.aperture.CameraLauncher}
02-19 11:30:56.754  6373  6404 D WindowManager: need to send DRAG_STARTED to new window Window{5cfe177 u0 org.lineageos.aperture/org.lineageos.aperture.CameraLauncher}
02-19 11:30:56.761  7397  7450 V WindowManagerShell: Drag event: action=ACTION_DRAG_LOCATION x=1152.000000 y=2558.000000 xOffset=0.000000 yOffset=0.000000
02-19 11:30:56.770  7397  7450 V WindowManagerShell: Drag event: action=ACTION_DRAG_LOCATION x=1154.000000 y=2557.000000 xOffset=0.000000 yOffset=0.000000
02-19 11:30:56.778  7397  7450 V WindowManagerShell: Drag event: action=ACTION_DRAG_LOCATION x=1157.000000 y=2555.000000 xOffset=0.000000 yOffset=0.000000
02-19 11:30:56.787  7397  7450 V WindowManagerShell: Drag event: action=ACTION_DRAG_LOCATION x=1160.000000 y=2553.000000 xOffset=0.000000 yOffset=0.000000
02-19 11:30:56.795  7397  7450 V WindowManagerShell: Drag event: action=ACTION_DRAG_LOCATION x=1164.000000 y=2549.000000 xOffset=0.000000 yOffset=0.000000
02-19 11:30:56.804  7397  7450 V WindowManagerShell: Drag event: action=ACTION_DRAG_LOCATION x=1169.000000 y=2546.000000 xOffset=0.000000 yOffset=0.000000
02-19 11:30:56.815  7397  7450 V WindowManagerShell: Drag event: action=ACTION_DRAG_LOCATION x=1174.000000 y=2543.000000 xOffset=0.000000 yOffset=0.000000
02-19 11:30:56.820  7397  7450 V WindowManagerShell: Drag event: action=ACTION_DRAG_LOCATION x=1179.000000 y=2539.000000 xOffset=0.000000 yOffset=0.000000
02-19 11:30:56.829  7397  7450 V WindowManagerShell: Drag event: action=ACTION_DRAG_LOCATION x=1185.000000 y=2535.000000 xOffset=0.000000 yOffset=0.000000
02-19 11:30:56.838  7397  7450 V WindowManagerShell: Drag event: action=ACTION_DRAG_LOCATION x=1191.000000 y=2531.000000 xOffset=0.000000 yOffset=0.000000
02-19 11:30:56.845  7397  7450 V WindowManagerShell: Drag event: action=ACTION_DRAG_LOCATION x=1196.000000 y=2527.000000 xOffset=0.000000 yOffset=0.000000
02-19 11:30:56.854  7397  7450 V WindowManagerShell: Drag event: action=ACTION_DRAG_LOCATION x=1201.000000 y=2523.000000 xOffset=0.000000 yOffset=0.000000
02-19 11:30:56.862  7397  7450 V WindowManagerShell: Drag event: action=ACTION_DRAG_LOCATION x=1207.000000 y=2519.000000 xOffset=0.000000 yOffset=0.000000
02-19 11:30:56.870  7397  7450 V WindowManagerShell: Drag event: action=ACTION_DRAG_LOCATION x=1212.000000 y=2516.000000 xOffset=0.000000 yOffset=0.000000
02-19 11:30:56.879  7397  7450 V WindowManagerShell: Drag event: action=ACTION_DRAG_LOCATION x=1217.000000 y=2512.000000 xOffset=0.000000 yOffset=0.000000
02-19 11:30:56.888  7397  7450 V WindowManagerShell: Drag event: action=ACTION_DRAG_LOCATION x=1220.000000 y=2510.000000 xOffset=0.000000 yOffset=0.000000
02-19 11:30:56.896  7397  7450 V WindowManagerShell: Drag event: action=ACTION_DRAG_LOCATION x=1224.000000 y=2507.000000 xOffset=0.000000 yOffset=0.000000
02-19 11:30:56.904  7397  7450 V WindowManagerShell: Drag event: action=ACTION_DRAG_LOCATION x=1227.000000 y=2504.000000 xOffset=0.000000 yOffset=0.000000
02-19 11:30:56.912  7397  7450 V WindowManagerShell: Drag event: action=ACTION_DRAG_LOCATION x=1229.000000 y=2502.000000 xOffset=0.000000 yOffset=0.000000
02-19 11:30:56.921  7397  7450 V WindowManagerShell: Drag event: action=ACTION_DRAG_LOCATION x=1231.000000 y=2501.000000 xOffset=0.000000 yOffset=0.000000
02-19 11:30:56.929  7397  7450 V WindowManagerShell: Drag event: action=ACTION_DRAG_LOCATION x=1232.000000 y=2500.000000 xOffset=0.000000 yOffset=0.000000
02-19 11:30:56.938  7397  7450 V WindowManagerShell: Drag event: action=ACTION_DRAG_LOCATION x=1233.000000 y=2499.000000 xOffset=0.000000 yOffset=0.000000
02-19 11:30:56.954  7397  7450 V WindowManagerShell: Drag event: action=ACTION_DRAG_LOCATION x=1233.000000 y=2498.000000 xOffset=0.000000 yOffset=0.000000
02-19 11:30:56.962  7397  7450 V WindowManagerShell: Drag event: action=ACTION_DRAG_LOCATION x=1233.000000 y=2499.000000 xOffset=0.000000 yOffset=0.000000
02-19 11:30:56.997  7397  7450 V WindowManagerShell: Drag event: action=ACTION_DRAG_LOCATION x=1232.000000 y=2499.000000 xOffset=0.000000 yOffset=0.000000
02-19 11:30:57.004  7397  7450 V WindowManagerShell: Drag event: action=ACTION_DRAG_LOCATION x=1231.000000 y=2500.000000 xOffset=0.000000 yOffset=0.000000
02-19 11:30:57.012  7397  7450 V WindowManagerShell: Drag event: action=ACTION_DRAG_LOCATION x=1231.000000 y=2499.000000 xOffset=0.000000 yOffset=0.000000
02-19 11:30:57.021  7397  7450 V WindowManagerShell: Drag event: action=ACTION_DRAG_LOCATION x=1231.000000 y=2500.000000 xOffset=0.000000 yOffset=0.000000
02-19 11:30:57.038  7397  7450 V WindowManagerShell: Drag event: action=ACTION_DRAG_LOCATION x=1230.000000 y=2501.000000 xOffset=0.000000 yOffset=0.000000
02-19 11:30:57.052  7397  7450 V WindowManagerShell: Drag event: action=ACTION_DRAG_LOCATION x=1229.000000 y=2501.000000 xOffset=0.000000 yOffset=0.000000
02-19 11:30:57.055  7397  7450 V WindowManagerShell: Drag event: action=ACTION_DRAG_LOCATION x=1229.000000 y=2501.000000 xOffset=0.000000 yOffset=0.000000
02-19 11:30:57.063  7397  7450 V WindowManagerShell: Drag event: action=ACTION_DRAG_LOCATION x=1229.000000 y=2501.000000 xOffset=0.000000 yOffset=0.000000
02-19 11:30:57.080  7397  7450 V WindowManagerShell: Drag event: action=ACTION_DRAG_LOCATION x=1229.000000 y=2501.000000 xOffset=0.000000 yOffset=0.000000
02-19 11:30:57.088  7397  7450 V WindowManagerShell: Drag event: action=ACTION_DRAG_LOCATION x=1229.000000 y=2501.000000 xOffset=0.000000 yOffset=0.000000
02-19 11:30:57.097  7397  7450 V WindowManagerShell: Drag event: action=ACTION_DRAG_LOCATION x=1228.000000 y=2502.000000 xOffset=0.000000 yOffset=0.000000
02-19 11:30:57.104  7397  7450 V WindowManagerShell: Drag event: action=ACTION_DRAG_LOCATION x=1227.000000 y=2501.000000 xOffset=0.000000 yOffset=0.000000
02-19 11:30:57.113  7397  7450 V WindowManagerShell: Drag event: action=ACTION_DRAG_LOCATION x=1226.000000 y=2501.000000 xOffset=0.000000 yOffset=0.000000
02-19 11:30:57.148  7397  7450 V WindowManagerShell: Drag event: action=ACTION_DRAG_LOCATION x=1225.000000 y=2502.000000 xOffset=0.000000 yOffset=0.000000
02-19 11:30:57.188  7397  7450 V WindowManagerShell: Drag event: action=ACTION_DRAG_LOCATION x=1224.000000 y=2504.000000 xOffset=0.000000 yOffset=0.000000
